###############################################################################
#
# IAR ELF Linker V8.30.2.160/W32 for ARM                  20/Nov/2018  08:44:06
# Copyright 2007-2018 IAR Systems AB.
#
#    Output file  =  
#        F:\System\Documents\CubeMX\L432Test1\EWARM\L432Test1\Exe\L432Test1.out
#    Map file     =  
#        F:\System\Documents\CubeMX\L432Test1\EWARM\L432Test1\List\L432Test1.map
#    Command line =  
#        -f C:\Users\willc\AppData\Local\Temp\EW5D68.tmp
#        (F:\System\Documents\CubeMX\L432Test1\EWARM\L432Test1\Obj\cmsis_os.o
#        F:\System\Documents\CubeMX\L432Test1\EWARM\L432Test1\Obj\croutine.o
#        F:\System\Documents\CubeMX\L432Test1\EWARM\L432Test1\Obj\event_groups.o
#        F:\System\Documents\CubeMX\L432Test1\EWARM\L432Test1\Obj\flash.o
#        F:\System\Documents\CubeMX\L432Test1\EWARM\L432Test1\Obj\freertos.o
#        F:\System\Documents\CubeMX\L432Test1\EWARM\L432Test1\Obj\gpio.o
#        F:\System\Documents\CubeMX\L432Test1\EWARM\L432Test1\Obj\heap_4.o
#        F:\System\Documents\CubeMX\L432Test1\EWARM\L432Test1\Obj\i2c.o
#        F:\System\Documents\CubeMX\L432Test1\EWARM\L432Test1\Obj\list.o
#        F:\System\Documents\CubeMX\L432Test1\EWARM\L432Test1\Obj\main.o
#        F:\System\Documents\CubeMX\L432Test1\EWARM\L432Test1\Obj\mpu9250.o
#        F:\System\Documents\CubeMX\L432Test1\EWARM\L432Test1\Obj\oled.o
#        F:\System\Documents\CubeMX\L432Test1\EWARM\L432Test1\Obj\port.o
#        F:\System\Documents\CubeMX\L432Test1\EWARM\L432Test1\Obj\portasm.o
#        F:\System\Documents\CubeMX\L432Test1\EWARM\L432Test1\Obj\queue.o
#        F:\System\Documents\CubeMX\L432Test1\EWARM\L432Test1\Obj\rtc.o
#        F:\System\Documents\CubeMX\L432Test1\EWARM\L432Test1\Obj\snake.o
#        F:\System\Documents\CubeMX\L432Test1\EWARM\L432Test1\Obj\startup_stm32l432xx.o
#        F:\System\Documents\CubeMX\L432Test1\EWARM\L432Test1\Obj\stm32l4xx_hal.o
#        F:\System\Documents\CubeMX\L432Test1\EWARM\L432Test1\Obj\stm32l4xx_hal_cortex.o
#        F:\System\Documents\CubeMX\L432Test1\EWARM\L432Test1\Obj\stm32l4xx_hal_dma.o
#        F:\System\Documents\CubeMX\L432Test1\EWARM\L432Test1\Obj\stm32l4xx_hal_dma_ex.o
#        F:\System\Documents\CubeMX\L432Test1\EWARM\L432Test1\Obj\stm32l4xx_hal_flash.o
#        F:\System\Documents\CubeMX\L432Test1\EWARM\L432Test1\Obj\stm32l4xx_hal_flash_ex.o
#        F:\System\Documents\CubeMX\L432Test1\EWARM\L432Test1\Obj\stm32l4xx_hal_flash_ramfunc.o
#        F:\System\Documents\CubeMX\L432Test1\EWARM\L432Test1\Obj\stm32l4xx_hal_gpio.o
#        F:\System\Documents\CubeMX\L432Test1\EWARM\L432Test1\Obj\stm32l4xx_hal_i2c.o
#        F:\System\Documents\CubeMX\L432Test1\EWARM\L432Test1\Obj\stm32l4xx_hal_i2c_ex.o
#        F:\System\Documents\CubeMX\L432Test1\EWARM\L432Test1\Obj\stm32l4xx_hal_msp.o
#        F:\System\Documents\CubeMX\L432Test1\EWARM\L432Test1\Obj\stm32l4xx_hal_pwr.o
#        F:\System\Documents\CubeMX\L432Test1\EWARM\L432Test1\Obj\stm32l4xx_hal_pwr_ex.o
#        F:\System\Documents\CubeMX\L432Test1\EWARM\L432Test1\Obj\stm32l4xx_hal_rcc.o
#        F:\System\Documents\CubeMX\L432Test1\EWARM\L432Test1\Obj\stm32l4xx_hal_rcc_ex.o
#        F:\System\Documents\CubeMX\L432Test1\EWARM\L432Test1\Obj\stm32l4xx_hal_rtc.o
#        F:\System\Documents\CubeMX\L432Test1\EWARM\L432Test1\Obj\stm32l4xx_hal_rtc_ex.o
#        F:\System\Documents\CubeMX\L432Test1\EWARM\L432Test1\Obj\stm32l4xx_hal_tim.o
#        F:\System\Documents\CubeMX\L432Test1\EWARM\L432Test1\Obj\stm32l4xx_hal_tim_ex.o
#        F:\System\Documents\CubeMX\L432Test1\EWARM\L432Test1\Obj\stm32l4xx_hal_timebase_TIM.o
#        F:\System\Documents\CubeMX\L432Test1\EWARM\L432Test1\Obj\stm32l4xx_hal_uart.o
#        F:\System\Documents\CubeMX\L432Test1\EWARM\L432Test1\Obj\stm32l4xx_hal_uart_ex.o
#        F:\System\Documents\CubeMX\L432Test1\EWARM\L432Test1\Obj\stm32l4xx_it.o
#        F:\System\Documents\CubeMX\L432Test1\EWARM\L432Test1\Obj\stream_buffer.o
#        F:\System\Documents\CubeMX\L432Test1\EWARM\L432Test1\Obj\system_stm32l4xx.o
#        F:\System\Documents\CubeMX\L432Test1\EWARM\L432Test1\Obj\tasks.o
#        F:\System\Documents\CubeMX\L432Test1\EWARM\L432Test1\Obj\tim.o
#        F:\System\Documents\CubeMX\L432Test1\EWARM\L432Test1\Obj\timers.o
#        F:\System\Documents\CubeMX\L432Test1\EWARM\L432Test1\Obj\usart.o
#        --redirect _Printf=_PrintfFull --redirect _Scanf=_ScanfFull
#        --no_out_extension -o
#        F:\System\Documents\CubeMX\L432Test1\EWARM\L432Test1\Exe\L432Test1.out
#        --map
#        F:\System\Documents\CubeMX\L432Test1\EWARM\L432Test1\List\L432Test1.map
#        --config
#        F:\System\Documents\CubeMX\L432Test1\EWARM/stm32l432xx_flash.icf
#        --semihosting --entry __iar_program_start --vfe --text_out locale)
#
###############################################################################

*******************************************************************************
*** RUNTIME MODEL ATTRIBUTES
***

CppFlavor       = *
__SystemLibrary = DLib
__dlib_version  = 6


*******************************************************************************
*** HEAP SELECTION
***

The basic heap was selected because no calls to memory allocation
functions were found in the application outside of system library
functions, and there are calls to deallocation functions in the
application.


*******************************************************************************
*** PLACEMENT SUMMARY
***

"A0":  place at 0x800'0000 { ro section .intvec };
"P1":  place in [from 0x800'0000 to 0x801'f800] { ro };
define block CSTACK with size = 1K, alignment = 8 { };
define block HEAP with size = 512, alignment = 8 { };
"P2":  place in [from 0x2000'0000 to 0x2000'ffff] {
          rw, block CSTACK, block HEAP };
initialize by copy { rw };

  Section            Kind         Address    Size  Object
  -------            ----         -------    ----  ------
"A0":                                       0x18c
  .intvec            ro code   0x800'0000   0x18c  startup_stm32l432xx.o [1]
                             - 0x800'018c   0x18c

"P1":                                      0xae21
  .rodata            const     0x800'018c  0x1f40  oled.o [1]
  .text              ro code   0x800'20cc   0xf7a  xprintffull.o [2]
  .text              ro code   0x800'3046    0x7a  lz77_init_single.o [4]
  .text              ro code   0x800'30c0    0x78  xlocale_c.o [2]
  .text              ro code   0x800'3138    0x16  strchr.o [4]
  .text              ro code   0x800'314e    0x3a  zero_init3.o [4]
  .text              ro code   0x800'3188    0x40  xfail_s.o [2]
  .text              ro code   0x800'31c8    0x36  strlen.o [4]
  .text              ro code   0x800'31fe    0x1e  xencoding_8859_1.o [2]
  .text              ro code   0x800'321c    0x58  memchr.o [4]
  .text              ro code   0x800'3274     0xa  xmbcurmax.o [2]
  .text              ro code   0x800'327e     0xa  xsprout.o [2]
  .text              ro code   0x800'3288    0xa6  ABImemcpy.o [4]
  .text              ro code   0x800'3330   0x230  I64DivMod.o [4]
  .text              ro code   0x800'3560   0x1a2  DblMul.o [3]
  .text              ro code   0x800'3704    0x70  frexp.o [3]
  .text              ro code   0x800'3774    0x2e  DblCmpLe.o [3]
  .text              ro code   0x800'37a4    0x2e  DblCmpGe.o [3]
  .text              ro code   0x800'37d4   0x13a  ldexp.o [3]
  .text              ro code   0x800'3910    0x3a  DblToS32.o [3]
  .text              ro code   0x800'394c    0x22  S32ToDbl.o [3]
  .text              ro code   0x800'3970    0xe2  DblSub.o [3]
  .text              ro code   0x800'3a54   0x246  DblDiv.o [3]
  .text              ro code   0x800'3c9c    0x28  DblToU32.o [3]
  .text              ro code   0x800'3cc4    0x1a  U32ToDbl.o [3]
  .text              ro code   0x800'3cde     0x6  abort.o [2]
  .text              ro code   0x800'3ce4     0x2  I64DivZer.o [4]
  .text              ro code   0x800'3ce8   0x16a  DblAdd.o [3]
  .text              ro code   0x800'3e54    0x14  exit.o [5]
  .text              ro code   0x800'3e68   0xc58  freertos.o [1]
  .text              ro code   0x800'4ac0   0x160  cmsis_os.o [1]
  .text              ro code   0x800'4c20   0x1a4  stm32l4xx_hal_gpio.o [1]
  .text              ro code   0x800'4dc4   0x4fc  oled.o [1]
  .text              ro code   0x800'52c0   0x37c  snake.o [1]
  .text              ro code   0x800'563c    0x40  sprintf.o [2]
  .text              ro code   0x800'567c   0x16c  mpu9250.o [1]
  .text              ro code   0x800'57e8   0x39e  stm32l4xx_hal_rtc.o [1]
  .text              ro code   0x800'5b88     0x6  ABImemclr4.o [4]
  .text              ro code   0x800'5b8e    0x4c  flash.o [1]
  .text              ro code   0x800'5bdc    0xca  stm32l4xx_hal_rtc_ex.o [1]
  .text              ro code   0x800'5ca8   0xac8  tasks.o [1]
  .text              ro code   0x800'6770   0x58c  queue.o [1]
  .text              ro code   0x800'6cfc   0x1f4  port.o [1]
  .text              ro code   0x800'6ef0   0x538  stm32l4xx_hal_i2c.o [1]
  .text              ro code   0x800'7428    0x1e  stm32l4xx_hal.o [1]
  .text              ro code   0x800'7448    0xa4  rand.o [2]
  .text              ro code   0x800'74ec    0x28  printf.o [2]
  .text              ro code   0x800'7514    0xf0  rtc.o [1]
  .text              ro code   0x800'7604     0xc  stm32l4xx_hal.o [1]
  .text              ro code   0x800'7610    0x3a  ABImemset48.o [4]
  .text              ro code   0x800'764c   0x188  stm32l4xx_hal_flash.o [1]
  .text              ro code   0x800'77d4   0x16c  stm32l4xx_hal_flash_ex.o [1]
  .text              ro code   0x800'7940   0x1b0  heap_4.o [1]
  .text              ro code   0x800'7af0    0x92  list.o [1]
  .text              ro code   0x800'7b82     0x2  freertos.o [1]
  .text              ro code   0x800'7b84     0x4  freertos.o [1]
  CODE               ro code   0x800'7b88    0xb0  portasm.o [1]
  .text              ro code   0x800'7c38    0xec  i2c.o [1]
  .text              ro code   0x800'7d24   0x112  main.o [1]
  .text              ro code   0x800'7e38    0xac  stm32l4xx_hal_i2c_ex.o [1]
  .text              ro code   0x800'7ee4    0x1e  stm32l4xx_hal.o [1]
  .text              ro code   0x800'7f04    0x80  gpio.o [1]
  .text              ro code   0x800'7f84   0x108  usart.o [1]
  .text              ro code   0x800'808c    0xd4  tim.o [1]
  .text              ro code   0x800'8160   0x738  stm32l4xx_hal_uart.o [1]
  .text              ro code   0x800'8898    0x10  stm32l4xx_hal_pwr.o [1]
  .text              ro code   0x800'88a8   0x708  stm32l4xx_hal_rcc.o [1]
  .text              ro code   0x800'8fb0   0x368  stm32l4xx_hal_rcc_ex.o [1]
  .text              ro code   0x800'9318    0x88  stm32l4xx_hal_pwr_ex.o [1]
  .text              ro code   0x800'93a0    0xdc  stm32l4xx_hal_cortex.o [1]
  .text              ro code   0x800'947c    0x10  stm32l4xx_hal.o [1]
  .text              ro code   0x800'948c    0x78  stm32l4xx_hal_timebase_TIM.o [1]
  .text              ro code   0x800'9504    0x8c  stm32l4xx_hal_msp.o [1]
  .text              ro code   0x800'9590   0x384  stm32l4xx_hal_tim.o [1]
  .text              ro code   0x800'9914    0x50  stm32l4xx_hal_tim_ex.o [1]
  .text              ro code   0x800'9964    0x4a  stm32l4xx_hal_dma.o [1]
  .text              ro code   0x800'99ae     0x2  stm32l4xx_hal_uart.o [1]
  .text              ro code   0x800'99b0     0x2  stm32l4xx_hal_uart_ex.o [1]
  .text              ro code   0x800'99b2     0x2  stm32l4xx_hal_uart.o [1]
  .text              ro code   0x800'99b4     0x2  stm32l4xx_hal_tim.o [1]
  .text              ro code   0x800'99b6     0x2  stm32l4xx_hal_tim.o [1]
  .text              ro code   0x800'99b8     0x2  stm32l4xx_hal_tim_ex.o [1]
  .text              ro code   0x800'99ba     0x2  stm32l4xx_hal_tim_ex.o [1]
  .text              ro code   0x800'99bc     0x2  stm32l4xx_hal_tim.o [1]
  .text              ro code   0x800'99be     0x2  stm32l4xx_hal_tim_ex.o [1]
  .text              ro code   0x800'99c0     0x2  stm32l4xx_hal_tim.o [1]
  .text              ro code   0x800'99c4    0x8c  system_stm32l4xx.o [1]
  .rodata            const     0x800'9a50    0x34  freertos.o [1]
  .text              ro code   0x800'9a84    0x30  stm32l4xx_it.o [1]
  .text              ro code   0x800'9ab4    0x28  data_init.o [4]
  .text              ro code   0x800'9adc    0x22  fpinit_M.o [3]
  .iar.init_table    const     0x800'9b00    0x20  - Linker created -
  .text              ro code   0x800'9b20    0x1e  cmain.o [4]
  .text              ro code   0x800'9b3e     0x4  low_level_init.o [2]
  .text              ro code   0x800'9b42     0x4  exit.o [2]
  .text              ro code   0x800'9b48     0xa  cexit.o [4]
  .text              ro code   0x800'9b52    0x16  xprout.o [2]
  .text              ro code   0x800'9b68     0xc  putchar.o [2]
  .text              ro code   0x800'9b74    0x10  startup_stm32l432xx.o [1]
  .text              ro code   0x800'9b84     0xc  cstartup_M.o [4]
  .rodata            const     0x800'9b90     0x8  system_stm32l4xx.o [1]
  .rodata            const     0x800'9b98     0x6  xlocale_c.o [2]
  .text              ro code   0x800'9b9e     0x4  startup_stm32l432xx.o [1]
  .text              ro code   0x800'9ba2     0x4  startup_stm32l432xx.o [1]
  .text              ro code   0x800'9ba6     0x4  startup_stm32l432xx.o [1]
  .text              ro code   0x800'9baa     0x4  startup_stm32l432xx.o [1]
  .text              ro code   0x800'9bae     0x4  startup_stm32l432xx.o [1]
  .text              ro code   0x800'9bb2     0x4  startup_stm32l432xx.o [1]
  .text              ro code   0x800'9bb6     0x4  startup_stm32l432xx.o [1]
  .text              ro code   0x800'9bba     0x4  startup_stm32l432xx.o [1]
  .text              ro code   0x800'9bbe     0x4  startup_stm32l432xx.o [1]
  .text              ro code   0x800'9bc2     0x4  startup_stm32l432xx.o [1]
  .text              ro code   0x800'9bc6     0x4  startup_stm32l432xx.o [1]
  .text              ro code   0x800'9bca     0x4  startup_stm32l432xx.o [1]
  .text              ro code   0x800'9bce     0x4  startup_stm32l432xx.o [1]
  .text              ro code   0x800'9bd2     0x4  startup_stm32l432xx.o [1]
  .text              ro code   0x800'9bd6     0x4  startup_stm32l432xx.o [1]
  .text              ro code   0x800'9bda     0x4  startup_stm32l432xx.o [1]
  .text              ro code   0x800'9bde     0x4  startup_stm32l432xx.o [1]
  .text              ro code   0x800'9be2     0x4  startup_stm32l432xx.o [1]
  .text              ro code   0x800'9be6     0x4  startup_stm32l432xx.o [1]
  .text              ro code   0x800'9bea     0x4  startup_stm32l432xx.o [1]
  .text              ro code   0x800'9bee     0x4  startup_stm32l432xx.o [1]
  .text              ro code   0x800'9bf2     0x4  startup_stm32l432xx.o [1]
  .text              ro code   0x800'9bf6     0x4  startup_stm32l432xx.o [1]
  .text              ro code   0x800'9bfa     0x4  startup_stm32l432xx.o [1]
  .text              ro code   0x800'9bfe     0x4  startup_stm32l432xx.o [1]
  .text              ro code   0x800'9c02     0x4  startup_stm32l432xx.o [1]
  .text              ro code   0x800'9c06     0x4  startup_stm32l432xx.o [1]
  .text              ro code   0x800'9c0a     0x4  startup_stm32l432xx.o [1]
  .text              ro code   0x800'9c0e     0x4  startup_stm32l432xx.o [1]
  .text              ro code   0x800'9c12     0x4  startup_stm32l432xx.o [1]
  .text              ro code   0x800'9c16     0x4  startup_stm32l432xx.o [1]
  .text              ro code   0x800'9c1a     0x4  startup_stm32l432xx.o [1]
  .text              ro code   0x800'9c1e     0x4  startup_stm32l432xx.o [1]
  .text              ro code   0x800'9c22     0x4  startup_stm32l432xx.o [1]
  .text              ro code   0x800'9c26     0x4  startup_stm32l432xx.o [1]
  .text              ro code   0x800'9c2a     0x4  startup_stm32l432xx.o [1]
  .text              ro code   0x800'9c2e     0x4  startup_stm32l432xx.o [1]
  .text              ro code   0x800'9c32     0x4  startup_stm32l432xx.o [1]
  .text              ro code   0x800'9c36     0x4  startup_stm32l432xx.o [1]
  .text              ro code   0x800'9c3a     0x4  startup_stm32l432xx.o [1]
  .text              ro code   0x800'9c3e     0x4  startup_stm32l432xx.o [1]
  .text              ro code   0x800'9c42     0x4  startup_stm32l432xx.o [1]
  .text              ro code   0x800'9c46     0x4  startup_stm32l432xx.o [1]
  .text              ro code   0x800'9c4a     0x4  startup_stm32l432xx.o [1]
  .text              ro code   0x800'9c4e     0x4  startup_stm32l432xx.o [1]
  .text              ro code   0x800'9c52     0x4  startup_stm32l432xx.o [1]
  .text              ro code   0x800'9c56     0x4  startup_stm32l432xx.o [1]
  .text              ro code   0x800'9c5a     0x4  startup_stm32l432xx.o [1]
  .text              ro code   0x800'9c5e     0x4  startup_stm32l432xx.o [1]
  .text              ro code   0x800'9c62     0x4  startup_stm32l432xx.o [1]
  .text              ro code   0x800'9c66     0x4  startup_stm32l432xx.o [1]
  .text              ro code   0x800'9c6a     0x4  startup_stm32l432xx.o [1]
  .text              ro code   0x800'9c6e     0x4  startup_stm32l432xx.o [1]
  .text              ro code   0x800'9c72     0x4  startup_stm32l432xx.o [1]
  .text              ro code   0x800'9c76     0x4  startup_stm32l432xx.o [1]
  .text              ro code   0x800'9c7a     0x4  startup_stm32l432xx.o [1]
  .text              ro code   0x800'9c7e     0x4  startup_stm32l432xx.o [1]
  .rodata            const     0x800'9c82     0x0  zero_init3.o [4]
  .rodata            const     0x800'9c82     0x0  lz77_init_single.o [4]
  Initializer bytes  const     0x800'9c82  0x132b  <for P2-1>
                             - 0x800'afad  0xae21

"P2", part 1 of 3:                         0x30e4
  P2-1                        0x2000'0000  0x30e4  <Init block>
    .data            inited   0x2000'0000  0x1220  oled.o [1]
    .data            inited   0x2000'1220   0xb24  oled.o [1]
    .data            inited   0x2000'1d44  0x1290  oled.o [1]
    .data            inited   0x2000'2fd4     0xc  port.o [1]
    .data            inited   0x2000'2fe0    0x10  snake.o [1]
    .data            inited   0x2000'2ff0    0x20  stm32l4xx_hal_flash.o [1]
    .data            inited   0x2000'3010     0x4  system_stm32l4xx.o [1]
    .data            inited   0x2000'3014     0x8  rand.o [2]
    .data            inited   0x2000'301c    0x38  xlocale_c.o [2]
    .data            inited   0x2000'3054    0x48  xlocale_c.o [2]
    .data            inited   0x2000'309c    0x48  xfiles.o [2]
                            - 0x2000'30e4  0x30e4

"P2", part 2 of 3:                         0x15e8
  .bss               zero     0x2000'30e4   0xbd0  heap_4.o [1]
  .bss               zero     0x2000'3cb4   0x580  oled.o [1]
  .bss               zero     0x2000'4234    0xc8  snake.o [1]
  .bss               zero     0x2000'42fc    0xa4  tasks.o [1]
  .bss               zero     0x2000'43a0    0x8c  tasks.o [1]
  .bss               zero     0x2000'442c    0x84  rand.o [2]
  .bss               zero     0x2000'44b0    0x79  usart.o [1]
  .bss               zero     0x2000'452c    0x50  xfiles.o [2]
  .bss               zero     0x2000'457c    0x4c  i2c.o [1]
  .bss               zero     0x2000'45c8    0x40  stm32l4xx_hal_timebase_TIM.o [1]
  .bss               zero     0x2000'4608    0x40  tim.o [1]
  .bss               zero     0x2000'4648    0x2c  freertos.o [1]
  .bss               zero     0x2000'4674    0x24  rtc.o [1]
  .bss               zero     0x2000'4698    0x14  mpu9250.o [1]
  .bss               zero     0x2000'46ac    0x14  rtc.o [1]
  .bss               zero     0x2000'46c0     0x4  rtc.o [1]
  .bss               zero     0x2000'46c4     0x4  stm32l4xx_hal.o [1]
  .bss               zero     0x2000'46c8     0x4  xfail_s.o [2]
                            - 0x2000'46cc  0x15e8

"P2", part 3 of 3:                          0x400
  CSTACK                      0x2000'46d0   0x400  <Block>
    CSTACK           uninit   0x2000'46d0   0x400  <Block tail>
                            - 0x2000'4ad0   0x400

Unused ranges:

         From           To      Size
         ----           --      ----
   0x800'afad   0x801'f800  0x1'4854
  0x2000'46cc  0x2000'46cf       0x4
  0x2000'4ad0  0x2000'ffff    0xb530


*******************************************************************************
*** INIT TABLE
***

          Address      Size
          -------      ----
Zero (__iar_zero_init3)
    1 destination range, total size 0x15e8:
          0x2000'30e4  0x15e8

Copy/lz77 (__iar_lz77_init_single3)
    1 source range, total size 0x132b (39% of destination):
           0x800'9c82  0x132b
    1 destination range, total size 0x30e4:
          0x2000'0000  0x30e4



*******************************************************************************
*** MODULE SUMMARY
***

    Module                        ro code  ro data  rw data
    ------                        -------  -------  -------
command line/config:
    -------------------------------------------------------
    Total:

F:\System\Documents\CubeMX\L432Test1\EWARM\L432Test1\Obj: [1]
    cmsis_os.o                        352
    flash.o                            76
    freertos.o                      3 166       52       44
    gpio.o                            128
    heap_4.o                          432             3 024
    i2c.o                             236                76
    list.o                            146
    main.o                            274
    mpu9250.o                         364                20
    oled.o                          1 276   12 800   13 652
    port.o                            500        5       12
    portasm.o                         176
    queue.o                         1 420
    rtc.o                             240                60
    snake.o                           892        6      216
    startup_stm32l432xx.o             640
    stm32l4xx_hal.o                    88                 4
    stm32l4xx_hal_cortex.o            220
    stm32l4xx_hal_dma.o                74
    stm32l4xx_hal_flash.o             392       12       32
    stm32l4xx_hal_flash_ex.o          364
    stm32l4xx_hal_gpio.o              420
    stm32l4xx_hal_i2c.o             1 336
    stm32l4xx_hal_i2c_ex.o            172
    stm32l4xx_hal_msp.o               140
    stm32l4xx_hal_pwr.o                16
    stm32l4xx_hal_pwr_ex.o            136
    stm32l4xx_hal_rcc.o             1 800
    stm32l4xx_hal_rcc_ex.o            872
    stm32l4xx_hal_rtc.o               926
    stm32l4xx_hal_rtc_ex.o            202
    stm32l4xx_hal_tim.o               908
    stm32l4xx_hal_tim_ex.o             86
    stm32l4xx_hal_timebase_TIM.o      120                64
    stm32l4xx_hal_uart.o            1 852
    stm32l4xx_hal_uart_ex.o             2
    stm32l4xx_it.o                     48
    system_stm32l4xx.o                140       10        4
    tasks.o                         2 760               304
    tim.o                             212                64
    usart.o                           264               121
    -------------------------------------------------------
    Total:                         23 868   12 885   17 697

dl7M_tlf.a: [2]
    abort.o                             6
    exit.o                              4
    low_level_init.o                    4
    printf.o                           40
    putchar.o                          12
    rand.o                            164        3      140
    sprintf.o                          64
    xencoding_8859_1.o                 30
    xfail_s.o                          64                 4
    xfiles.o                                    29      152
    xlocale_c.o                       120       56      128
    xmbcurmax.o                        10
    xprintffull.o                   3 962
    xprout.o                           22
    xsprout.o                          10
    -------------------------------------------------------
    Total:                          4 512       88      424

m7M_tls.a: [3]
    DblAdd.o                          362
    DblCmpGe.o                         46
    DblCmpLe.o                         46
    DblDiv.o                          582
    DblMul.o                          418
    DblSub.o                          226
    DblToS32.o                         58
    DblToU32.o                         40
    S32ToDbl.o                         34
    U32ToDbl.o                         26
    fpinit_M.o                         34
    frexp.o                           112
    ldexp.o                           314
    -------------------------------------------------------
    Total:                          2 298

rt7M_tl.a: [4]
    ABImemclr4.o                        6
    ABImemcpy.o                       166
    ABImemset48.o                      58
    I64DivMod.o                       560
    I64DivZer.o                         2
    cexit.o                            10
    cmain.o                            30
    cstartup_M.o                       12
    data_init.o                        40
    lz77_init_single.o                122
    memchr.o                           88
    strchr.o                           22
    strlen.o                           54
    zero_init3.o                       58
    -------------------------------------------------------
    Total:                          1 228

shb_l.a: [5]
    exit.o                             20
    -------------------------------------------------------
    Total:                             20

    Gaps                               40        2        3
    Linker created                              32    1 024
-----------------------------------------------------------
    Grand Total:                   31 966   13 007   19 148


*******************************************************************************
*** ENTRY LIST
***

Entry                       Address    Size  Type      Object
-----                       -------    ----  ----      ------
.iar.init_table$$Base    0x800'9b00           --   Gb  - Linker created -
.iar.init_table$$Limit   0x800'9b20           --   Gb  - Linker created -
?main                    0x800'9b21          Code  Gb  cmain.o [4]
AHBPrescTable            0x800'9a10    0x10  Data  Gb  system_stm32l4xx.o [1]
APBPrescTable            0x800'9b90     0x8  Data  Gb  system_stm32l4xx.o [1]
AdjustBrightness         0x800'4637    0x8a  Code  Gb  freertos.o [1]
AdjustTime               0x800'46c5   0x2e4  Code  Gb  freertos.o [1]
BUF                     0x2000'4698     0xc  Data  Gb  mpu9250.o [1]
BusFault_Handler         0x800'9a8b     0x2  Code  Gb  stm32l4xx_it.o [1]
CSTACK$$Base            0x2000'46d0           --   Gb  - Linker created -
CSTACK$$Limit           0x2000'4ad0           --   Gb  - Linker created -
CacheMore                0x800'30c5    0x24  Code  Lc  xlocale_c.o [2]
DebugMon_Handler         0x800'9a8f     0x2  Code  Gb  stm32l4xx_it.o [1]
EN_FONT14               0x2000'1220   0x534  Data  Gb  oled.o [1]
EN_FONT16               0x2000'1754   0x5f0  Data  Gb  oled.o [1]
Exit                    0x2000'2fe6     0x1  Data  Gb  snake.o [1]
FLASH_FlushCaches        0x800'78e3    0x4e  Code  Gb  stm32l4xx_hal_flash_ex.o [1]
FLASH_MassErase          0x800'78a7    0x18  Code  Lc  stm32l4xx_hal_flash_ex.o [1]
FLASH_PageErase          0x800'78bf    0x24  Code  Gb  stm32l4xx_hal_flash_ex.o [1]
FLASH_Program_DoubleWord
                         0x800'777f    0x14  Code  Lc  stm32l4xx_hal_flash.o [1]
FLASH_Program_Fast       0x800'7793    0x1e  Code  Lc  stm32l4xx_hal_flash.o [1]
FLASH_WaitForLastOperation
                         0x800'7709    0x5c  Code  Gb  stm32l4xx_hal_flash.o [1]
HAL_DMA_Abort_IT         0x800'9965    0x4a  Code  Gb  stm32l4xx_hal_dma.o [1]
HAL_Delay                0x800'7429    0x1e  Code  Wk  stm32l4xx_hal.o [1]
HAL_FLASHEx_Erase        0x800'77d5    0xd2  Code  Gb  stm32l4xx_hal_flash_ex.o [1]
HAL_FLASH_Lock           0x800'76f9     0xa  Code  Gb  stm32l4xx_hal_flash.o [1]
HAL_FLASH_Program        0x800'764d    0x8c  Code  Gb  stm32l4xx_hal_flash.o [1]
HAL_FLASH_Unlock         0x800'76d9    0x20  Code  Gb  stm32l4xx_hal_flash.o [1]
HAL_GPIO_Init            0x800'4c21   0x170  Code  Gb  stm32l4xx_hal_gpio.o [1]
HAL_GPIO_ReadPin         0x800'4d91     0xc  Code  Gb  stm32l4xx_hal_gpio.o [1]
HAL_GPIO_TogglePin       0x800'4da7     0x8  Code  Gb  stm32l4xx_hal_gpio.o [1]
HAL_GPIO_WritePin        0x800'4d9d     0xa  Code  Gb  stm32l4xx_hal_gpio.o [1]
HAL_GetTick              0x800'7605     0xc  Code  Wk  stm32l4xx_hal.o [1]
HAL_I2CEx_ConfigAnalogFilter
                         0x800'7e39    0x2a  Code  Gb  stm32l4xx_hal_i2c_ex.o [1]
HAL_I2CEx_ConfigDigitalFilter
                         0x800'7e63    0x26  Code  Gb  stm32l4xx_hal_i2c_ex.o [1]
HAL_I2CEx_EnableFastModePlus
                         0x800'7eb7    0x1e  Code  Gb  stm32l4xx_hal_i2c_ex.o [1]
HAL_I2C_Init             0x800'6ef1    0xa0  Code  Gb  stm32l4xx_hal_i2c.o [1]
HAL_I2C_Master_Transmit
                         0x800'6fa1    0x90  Code  Gb  stm32l4xx_hal_i2c.o [1]
HAL_I2C_Mem_Read         0x800'70f1    0xbc  Code  Gb  stm32l4xx_hal_i2c.o [1]
HAL_I2C_MspInit          0x800'7c99    0x42  Code  Gb  i2c.o [1]
HAL_IncTick              0x800'947d    0x10  Code  Wk  stm32l4xx_hal.o [1]
HAL_Init                 0x800'7ee5    0x1e  Code  Gb  stm32l4xx_hal.o [1]
HAL_InitTick             0x800'948d    0x66  Code  Gb  stm32l4xx_hal_timebase_TIM.o [1]
HAL_MspInit              0x800'9505    0x8c  Code  Gb  stm32l4xx_hal_msp.o [1]
HAL_NVIC_EnableIRQ       0x800'940f     0xa  Code  Gb  stm32l4xx_hal_cortex.o [1]
HAL_NVIC_SetPriority     0x800'93d5    0x3a  Code  Gb  stm32l4xx_hal_cortex.o [1]
HAL_NVIC_SetPriorityGrouping
                         0x800'93bb    0x1a  Code  Gb  stm32l4xx_hal_cortex.o [1]
HAL_PWREx_ControlVoltageScaling
                         0x800'9325    0x5e  Code  Gb  stm32l4xx_hal_pwr_ex.o [1]
HAL_PWREx_GetVoltageRange
                         0x800'9319     0xc  Code  Gb  stm32l4xx_hal_pwr_ex.o [1]
HAL_PWR_EnableBkUpAccess
                         0x800'8899     0xc  Code  Gb  stm32l4xx_hal_pwr.o [1]
HAL_RCCEx_EnableMSIPLLMode
                         0x800'91e7     0xe  Code  Gb  stm32l4xx_hal_rcc_ex.o [1]
HAL_RCCEx_PeriphCLKConfig
                         0x800'8fb1   0x230  Code  Gb  stm32l4xx_hal_rcc_ex.o [1]
HAL_RCC_ClockConfig      0x800'8cf7    0xfc  Code  Gb  stm32l4xx_hal_rcc.o [1]
HAL_RCC_GetClockConfig   0x800'8ecd    0x36  Code  Gb  stm32l4xx_hal_rcc.o [1]
HAL_RCC_GetHCLKFreq      0x800'8e9f     0x6  Code  Gb  stm32l4xx_hal_rcc.o [1]
HAL_RCC_GetPCLK1Freq     0x800'8ea5    0x10  Code  Gb  stm32l4xx_hal_rcc.o [1]
HAL_RCC_GetPCLK2Freq     0x800'8eb5     0xe  Code  Gb  stm32l4xx_hal_rcc.o [1]
HAL_RCC_GetSysClockFreq
                         0x800'8e09    0x96  Code  Gb  stm32l4xx_hal_rcc.o [1]
HAL_RCC_OscConfig        0x800'88a9   0x42a  Code  Gb  stm32l4xx_hal_rcc.o [1]
HAL_RTCEx_SetWakeUpTimer
                         0x800'5bdd    0x9c  Code  Gb  stm32l4xx_hal_rtc_ex.o [1]
HAL_RTC_GetDate          0x800'5a73    0x34  Code  Gb  stm32l4xx_hal_rtc.o [1]
HAL_RTC_GetTime          0x800'5985    0x3c  Code  Gb  stm32l4xx_hal_rtc.o [1]
HAL_RTC_Init             0x800'57e9    0xa0  Code  Gb  stm32l4xx_hal_rtc.o [1]
HAL_RTC_MspInit          0x800'75b1    0x14  Code  Gb  rtc.o [1]
HAL_RTC_SetDate          0x800'59c1    0xa0  Code  Gb  stm32l4xx_hal_rtc.o [1]
HAL_RTC_SetTime          0x800'5897    0xe2  Code  Gb  stm32l4xx_hal_rtc.o [1]
HAL_RTC_WaitForSynchro   0x800'5b09    0x32  Code  Gb  stm32l4xx_hal_rtc.o [1]
HAL_SYSTICK_CLKSourceConfig
                         0x800'944b    0x1a  Code  Gb  stm32l4xx_hal_cortex.o [1]
HAL_SYSTICK_Config       0x800'9423    0x28  Code  Gb  stm32l4xx_hal_cortex.o [1]
HAL_TIMEx_Break2Callback
                         0x800'99bb     0x2  Code  Wk  stm32l4xx_hal_tim_ex.o [1]
HAL_TIMEx_BreakCallback
                         0x800'99b9     0x2  Code  Wk  stm32l4xx_hal_tim_ex.o [1]
HAL_TIMEx_CommutationCallback
                         0x800'99bf     0x2  Code  Wk  stm32l4xx_hal_tim_ex.o [1]
HAL_TIMEx_MasterConfigSynchronization
                         0x800'9915    0x4c  Code  Gb  stm32l4xx_hal_tim_ex.o [1]
HAL_TIM_Base_Init        0x800'9591    0x1a  Code  Gb  stm32l4xx_hal_tim.o [1]
HAL_TIM_Base_MspInit     0x800'80ef    0x34  Code  Gb  tim.o [1]
HAL_TIM_Base_Start_IT    0x800'95ab    0x2c  Code  Gb  stm32l4xx_hal_tim.o [1]
HAL_TIM_ConfigClockSource
                         0x800'9763    0xa8  Code  Gb  stm32l4xx_hal_tim.o [1]
HAL_TIM_IRQHandler       0x800'9601   0x15c  Code  Gb  stm32l4xx_hal_tim.o [1]
HAL_TIM_PeriodElapsedCallback
                         0x800'7e11     0xe  Code  Gb  main.o [1]
HAL_UARTEx_WakeupCallback
                         0x800'99b1     0x2  Code  Wk  stm32l4xx_hal_uart_ex.o [1]
HAL_UART_IRQHandler      0x800'8281   0x144  Code  Gb  stm32l4xx_hal_uart.o [1]
HAL_UART_Init            0x800'8161    0x30  Code  Gb  stm32l4xx_hal_uart.o [1]
HAL_UART_MspInit         0x800'7fcd    0x54  Code  Gb  usart.o [1]
HAL_UART_Receive_IT      0x800'81e1    0x9a  Code  Gb  stm32l4xx_hal_uart.o [1]
HAL_UART_RxCpltCallback
                         0x800'8021    0x26  Code  Gb  usart.o [1]
HardFault_Handler        0x800'9a87     0x2  Code  Gb  stm32l4xx_it.o [1]
I2C_Flush_TXDR           0x800'72a1    0x1c  Code  Lc  stm32l4xx_hal_i2c.o [1]
I2C_IsAcknowledgeFailed
                         0x800'7385    0x68  Code  Lc  stm32l4xx_hal_i2c.o [1]
I2C_RequestMemoryRead    0x800'723d    0x34  Code  Lc  stm32l4xx_hal_i2c.o [1]
I2C_TransferConfig       0x800'73f7    0x22  Code  Lc  stm32l4xx_hal_i2c.o [1]
I2C_WaitOnFlagUntilTimeout
                         0x800'72bd    0x42  Code  Lc  stm32l4xx_hal_i2c.o [1]
I2C_WaitOnSTOPFlagUntilTimeout
                         0x800'734d    0x30  Code  Lc  stm32l4xx_hal_i2c.o [1]
I2C_WaitOnTXISFlagUntilTimeout
                         0x800'72ff    0x36  Code  Lc  stm32l4xx_hal_i2c.o [1]
IMG48                    0x800'158c   0xb40  Data  Gb  oled.o [1]
IMG64                    0x800'018c  0x1400  Data  Gb  oled.o [1]
Init_MPU9250             0x800'56c5    0x2e  Code  Gb  mpu9250.o [1]
KeyValue                0x2000'4648     0x1  Data  Gb  freertos.o [1]
LoadInt                  0x800'228f    0x7a  Code  Lc  xprintffull.o [2]
MSIRangeTable            0x800'9a20    0x30  Data  Gb  system_stm32l4xx.o [1]
MX_FREERTOS_Init         0x800'3e69    0x92  Code  Gb  freertos.o [1]
MX_GPIO_Init             0x800'7f05    0x6e  Code  Gb  gpio.o [1]
MX_I2C1_Init             0x800'7c39    0x60  Code  Gb  i2c.o [1]
MX_RTC_Init              0x800'7515    0x96  Code  Gb  rtc.o [1]
MX_TIM2_Init             0x800'808d    0x62  Code  Gb  tim.o [1]
MX_USART2_UART_Init      0x800'7f95    0x38  Code  Gb  usart.o [1]
MemManage_Handler        0x800'9a89     0x2  Code  Gb  stm32l4xx_it.o [1]
NMI_Handler              0x800'9a85     0x2  Code  Gb  stm32l4xx_it.o [1]
NUM_FONT32              0x2000'0000   0x280  Data  Gb  oled.o [1]
NUM_FONT48              0x2000'0280   0x5a0  Data  Gb  oled.o [1]
NUM_FONT64              0x2000'0820   0xa00  Data  Gb  oled.o [1]
NVIC_SetPriority         0x800'93a1    0x1a  Code  Lc  stm32l4xx_hal_cortex.o [1]
OLED_Clear               0x800'5181     0xc  Code  Gb  oled.o [1]
OLED_DrawPoint           0x800'4e67    0x38  Code  Gb  oled.o [1]
OLED_GRAM               0x2000'3cb4   0x580  Data  Gb  oled.o [1]
OLED_Init                0x800'51ab   0x102  Code  Gb  oled.o [1]
OLED_Refresh_Gram        0x800'4dc5    0x3a  Code  Gb  oled.o [1]
OLED_Set_Pos             0x800'514b    0x26  Code  Gb  oled.o [1]
OLED_Show_EN             0x800'503d    0xaa  Code  Gb  oled.o [1]
OLED_Show_Pic            0x800'4dff    0x68  Code  Gb  oled.o [1]
OLED_Show_StrAll         0x800'5101    0x4a  Code  Gb  oled.o [1]
OLED_Show_TimeNum        0x800'4ea5    0xb8  Code  Gb  oled.o [1]
OLED_Show_ZH             0x800'4f5d    0xd6  Code  Gb  oled.o [1]
OLED_Write               0x800'518d    0x1e  Code  Gb  oled.o [1]
PendSV_Handler           0x800'7b89          Code  Gb  portasm.o [1]
RCCEx_PLLSAI1_Config     0x800'91f5    0xfc  Code  Lc  stm32l4xx_hal_rcc_ex.o [1]
RCC_SetFlashLatencyFromMSIRange
                         0x800'8f03    0x74  Code  Lc  stm32l4xx_hal_rcc.o [1]
READ_MPU9250_ACCEL       0x800'56f3    0x4c  Code  Gb  mpu9250.o [1]
READ_MPU9250_GYRO        0x800'574d    0x6e  Code  Gb  mpu9250.o [1]
RTC_ByteToBcd2           0x800'5b71    0x16  Code  Gb  stm32l4xx_hal_rtc.o [1]
RTC_EnterInitMode        0x800'5b3b    0x36  Code  Gb  stm32l4xx_hal_rtc.o [1]
Region$$Table$$Base      0x800'9b00           --   Gb  - Linker created -
Region$$Table$$Limit     0x800'9b20           --   Gb  - Linker created -
SVC_Handler              0x800'7be1          Code  Gb  portasm.o [1]
ShowPose                 0x800'4561    0xa4  Code  Gb  freertos.o [1]
Single_Read              0x800'569b    0x2a  Code  Gb  mpu9250.o [1]
Single_Write             0x800'567d    0x1e  Code  Gb  mpu9250.o [1]
Snake_DrawPoint          0x800'5525    0x30  Code  Gb  snake.o [1]
Snake_ShowBody           0x800'53dd   0x13e  Code  Gb  snake.o [1]
Snake_ShowFood           0x800'5323    0x7c  Code  Gb  snake.o [1]
Snake_Start              0x800'52c1    0x62  Code  Gb  snake.o [1]
Snake_Turn               0x800'539f    0x3c  Code  Gb  snake.o [1]
StartDefaultTask         0x800'3f67     0xc  Code  Gb  freertos.o [1]
SysTick_Handler          0x800'9a91     0x4  Code  Gb  stm32l4xx_it.o [1]
SystemClock_Config       0x800'7d5f    0xb2  Code  Gb  main.o [1]
SystemCoreClock         0x2000'3010     0x4  Data  Gb  system_stm32l4xx.o [1]
SystemInit               0x800'99c5    0x3c  Code  Gb  system_stm32l4xx.o [1]
TIM1_UP_TIM16_IRQHandler
                         0x800'9a95     0x6  Code  Gb  stm32l4xx_it.o [1]
TIM2_IRQHandler          0x800'9a9b     0x6  Code  Gb  stm32l4xx_it.o [1]
TIM_Base_SetConfig       0x800'983b    0x5a  Code  Gb  stm32l4xx_hal_tim.o [1]
TIM_ETR_SetConfig        0x800'98fb    0x14  Code  Gb  stm32l4xx_hal_tim.o [1]
TIM_ITRx_SetConfig       0x800'98eb    0x10  Code  Lc  stm32l4xx_hal_tim.o [1]
TIM_TI1_ConfigInputStage
                         0x800'98a9    0x1e  Code  Lc  stm32l4xx_hal_tim.o [1]
TIM_TI2_ConfigInputStage
                         0x800'98c7    0x24  Code  Lc  stm32l4xx_hal_tim.o [1]
T_T                     0x2000'46aa     0x2  Data  Gb  mpu9250.o [1]
T_X                     0x2000'46a4     0x2  Data  Gb  mpu9250.o [1]
T_Y                     0x2000'46a6     0x2  Data  Gb  mpu9250.o [1]
T_Z                     0x2000'46a8     0x2  Data  Gb  mpu9250.o [1]
UART_AdvFeatureConfig    0x800'862d    0xc6  Code  Gb  stm32l4xx_hal_uart.o [1]
UART_CheckIdleState      0x800'86f3    0x5a  Code  Gb  stm32l4xx_hal_uart.o [1]
UART_DMAAbortOnError     0x800'87d1    0x10  Code  Lc  stm32l4xx_hal_uart.o [1]
UART_EndRxTransfer       0x800'87b1    0x20  Code  Lc  stm32l4xx_hal_uart.o [1]
UART_RxISR_16BIT         0x800'883f    0x5a  Code  Lc  stm32l4xx_hal_uart.o [1]
UART_RxISR_8BIT          0x800'87e1    0x50  Code  Lc  stm32l4xx_hal_uart.o [1]
UART_SetConfig           0x800'83d1   0x222  Code  Gb  stm32l4xx_hal_uart.o [1]
UART_WaitOnFlagUntilTimeout
                         0x800'874d    0x58  Code  Gb  stm32l4xx_hal_uart.o [1]
UI_ShowTime              0x800'434d   0x200  Code  Gb  freertos.o [1]
USART2_IRQHandler        0x800'9aa1     0x6  Code  Gb  stm32l4xx_it.o [1]
UartRec                 0x2000'4528     0x1  Data  Gb  usart.o [1]
UsageFault_Handler       0x800'9a8d     0x2  Code  Gb  stm32l4xx_it.o [1]
WK_Flash_DataRead        0x800'5bcf     0xc  Code  Gb  flash.o [1]
WK_Flash_DataWrite       0x800'5b8f    0x40  Code  Gb  flash.o [1]
ZH_FONT14               0x2000'2a5c   0x578  Data  Gb  oled.o [1]
ZH_FONT14_TAB           0x2000'2a28    0x34  Data  Gb  oled.o [1]
ZH_FONT16               0x2000'1da8   0xc80  Data  Gb  oled.o [1]
ZH_FONT16_TAB           0x2000'1d44    0x64  Data  Gb  oled.o [1]
_Encoding_8859_1_Mbrlen
                         0x800'3211     0x2  Code  Gb  xencoding_8859_1.o [2]
_Encoding_8859_1_Wctomb
                         0x800'31ff    0x12  Code  Gb  xencoding_8859_1.o [2]
_Error_Handler           0x800'7e35     0x2  Code  Gb  main.o [1]
_GenldFull               0x800'2d21   0x274  Code  Lc  xprintffull.o [2]
_LdtobFull               0x800'28f5   0x400  Code  Lc  xprintffull.o [2]
_LitobFull               0x800'279d   0x112  Code  Lc  xprintffull.o [2]
_Locale_lconv           0x2000'301c    0x38  Data  Lc  xlocale_c.o [2]
_PrintfFull              0x800'20cd   0x1aa  Code  Gb  xprintffull.o [2]
_Prout                   0x800'9b53    0x16  Code  Gb  xprout.o [2]
_PutcharsFull            0x800'2f95    0x2e  Code  Lc  xprintffull.o [2]
_PutfldFull              0x800'2309   0x2d8  Code  Lc  xprintffull.o [2]
_PutstrFull              0x800'26d7    0xc6  Code  Lc  xprintffull.o [2]
_PuttxtFull              0x800'25e1    0xf6  Code  Lc  xprintffull.o [2]
_Rand_idx               0x2000'44ac     0x4  Data  Lc  rand.o [2]
_Rand_rv                0x2000'442c    0x80  Data  Lc  rand.o [2]
_Randinit               0x2000'3014     0x1  Data  Gb  rand.o [2]
_Randseed               0x2000'3018     0x4  Data  Gb  rand.o [2]
_SProut                  0x800'327f     0xa  Code  Gb  xsprout.o [2]
__aeabi_cdcmple          0x800'3775          Code  Gb  DblCmpLe.o [3]
__aeabi_cdrcmple         0x800'37a5          Code  Gb  DblCmpGe.o [3]
__aeabi_d2iz             0x800'3911          Code  Gb  DblToS32.o [3]
__aeabi_d2uiz            0x800'3c9d          Code  Gb  DblToU32.o [3]
__aeabi_ddiv             0x800'3a55          Code  Gb  DblDiv.o [3]
__aeabi_dmul             0x800'3561          Code  Gb  DblMul.o [3]
__aeabi_dsub             0x800'3971          Code  Gb  DblSub.o [3]
__aeabi_i2d              0x800'394d          Code  Gb  S32ToDbl.o [3]
__aeabi_ldiv0            0x800'3ce5          Code  Gb  I64DivZer.o [4]
__aeabi_memclr4          0x800'5b89          Code  Gb  ABImemclr4.o [4]
__aeabi_memcpy           0x800'3289          Code  Gb  ABImemcpy.o [4]
__aeabi_memcpy4          0x800'32a9          Code  Gb  ABImemcpy.o [4]
__aeabi_memcpy8          0x800'32a9          Code  Gb  ABImemcpy.o [4]
__aeabi_memset4          0x800'7611          Code  Gb  ABImemset48.o [4]
__aeabi_memset8          0x800'7611          Code  Gb  ABImemset48.o [4]
__aeabi_ui2d             0x800'3cc5          Code  Gb  U32ToDbl.o [3]
__aeabi_uldivmod         0x800'3331          Code  Gb  I64DivMod.o [4]
__cmain                  0x800'9b21          Code  Gb  cmain.o [4]
__exit                   0x800'3e55    0x14  Code  Gb  exit.o [5]
__iar_Fail_s             0x800'3189    0x1c  Code  Gb  xfail_s.o [2]
__iar_Mbcurmax           0x800'3275     0xa  Code  Gb  xmbcurmax.o [2]
__iar_Memchr             0x800'321d          Code  Gb  memchr.o [4]
__iar_Memset4_word       0x800'7619          Code  Gb  ABImemset48.o [4]
__iar_Memset8_word       0x800'7619          Code  Gb  ABImemset48.o [4]
__iar_Stdout            0x2000'309c    0x48  Data  Gb  xfiles.o [2]
__iar_Strchr             0x800'3139          Code  Gb  strchr.o [4]
__iar_dadd               0x800'3981          Code  Gb  DblSub.o [3]
__iar_data_init3         0x800'9ab5    0x28  Code  Gb  data_init.o [4]
__iar_dsub               0x800'3ce9          Code  Gb  DblAdd.o [3]
__iar_dsubStart          0x800'3cfb          Code  Gb  DblAdd.o [3]
__iar_frexp              0x800'3711          Code  Gb  frexp.o [3]
__iar_frexpl             0x800'3711          Code  Gb  frexp.o [3]
__iar_globLocale        0x2000'3054    0x48  Data  Lc  xlocale_c.o [2]
__iar_global_Locale      0x800'30c1     0x4  Code  Gb  xlocale_c.o [2]
__iar_init_vfp           0x800'9add          Code  Gb  fpinit_M.o [3]
__iar_ldexp64            0x800'37d5          Code  Gb  ldexp.o [3]
__iar_lz77_init_single3
                         0x800'3047    0x7a  Code  Gb  lz77_init_single.o [4]
__iar_program_start      0x800'9b85          Code  Gb  cstartup_M.o [4]
__iar_scalbln64          0x800'37d5          Code  Gb  ldexp.o [3]
__iar_scalbn64           0x800'37d5          Code  Gb  ldexp.o [3]
__iar_softfp___iar_frexp64
                         0x800'3705          Code  Gb  frexp.o [3]
__iar_softfp_frexp       0x800'3705          Code  Gb  frexp.o [3]
__iar_softfp_frexpl      0x800'3705          Code  Gb  frexp.o [3]
__iar_zero_init3         0x800'314f    0x3a  Code  Gb  zero_init3.o [4]
__low_level_init         0x800'9b3f     0x4  Code  Gb  low_level_init.o [2]
__vector_table           0x800'0000          Data  Gb  startup_stm32l432xx.o [1]
_call_main               0x800'9b2d          Code  Gb  cmain.o [4]
_exit                    0x800'9b49          Code  Gb  cexit.o [4]
_gLocale_mblen           0x800'3125     0x4  Code  Gb  xlocale_c.o [2]
_gLocale_mblenInt        0x800'30e9    0x2c  Code  Gb  xlocale_c.o [2]
_gLocale_wctomb          0x800'3129     0x4  Code  Gb  xlocale_c.o [2]
_gLocale_wctombInt       0x800'3121     0x4  Code  Gb  xlocale_c.o [2]
_main                    0x800'9b3b          Code  Gb  cmain.o [4]
a_x                     0x2000'4650     0x2  Data  Gb  freertos.o [1]
a_y                     0x2000'4652     0x2  Data  Gb  freertos.o [1]
a_z                     0x2000'4654     0x2  Data  Gb  freertos.o [1]
abort                    0x800'3cdf     0x6  Code  Gb  abort.o [2]
configureTimerForRunTimeStats
                         0x800'7b83     0x2  Code  Wk  freertos.o [1]
dateStructure           0x2000'46c0     0x4  Data  Gb  rtc.o [1]
defaultTaskHandle       0x2000'4670     0x4  Data  Gb  freertos.o [1]
exit                     0x800'9b43     0x4  Code  Gb  exit.o [2]
fputc                    0x800'7f85    0x10  Code  Gb  usart.o [1]
g_Food                  0x2000'2fe2     0x2  Data  Gb  snake.o [1]
g_Head                  0x2000'2fe0     0x2  Data  Gb  snake.o [1]
g_Length                0x2000'2fe5     0x1  Data  Gb  snake.o [1]
g_NowDirect             0x2000'2fe4     0x1  Data  Gb  snake.o [1]
g_PointerCoor           0x2000'4234    0xc8  Data  Gb  snake.o [1]
g_RunTime               0x2000'2fec     0x4  Data  Gb  snake.o [1]
g_x                     0x2000'464a     0x2  Data  Gb  freertos.o [1]
g_y                     0x2000'464c     0x2  Data  Gb  freertos.o [1]
g_z                     0x2000'464e     0x2  Data  Gb  freertos.o [1]
getRunTimeCounterValue   0x800'7b85     0x4  Code  Wk  freertos.o [1]
hi2c1                   0x2000'457c    0x4c  Data  Gb  i2c.o [1]
hrtc                    0x2000'4674    0x24  Data  Gb  rtc.o [1]
htim1                   0x2000'45c8    0x40  Data  Gb  stm32l4xx_hal_timebase_TIM.o [1]
htim2                   0x2000'4608    0x40  Data  Gb  tim.o [1]
huart2                  0x2000'44b0    0x78  Data  Gb  usart.o [1]
index                   0x2000'2fe8     0x2  Data  Gb  snake.o [1]
keyPressed_BinSemHandle
                        0x2000'4668     0x4  Data  Gb  freertos.o [1]
ldexp                    0x800'37d5          Code  Gb  ldexp.o [3]
ldexpl                   0x800'37d5          Code  Gb  ldexp.o [3]
localeconv               0x800'312d     0x4  Code  Gb  xlocale_c.o [2]
main                     0x800'7d25    0x3a  Code  Gb  main.o [1]
makeFreeRtosPriority     0x800'4ac1     0xc  Code  Lc  cmsis_os.o [1]
memchr                   0x800'321d          Code  Gb  memchr.o [4]
obuf                    0x2000'452c    0x50  Data  Lc  xfiles.o [2]
osDelay                  0x800'4b05     0xe  Code  Gb  cmsis_os.o [1]
osKernelStart            0x800'4acd     0xa  Code  Gb  cmsis_os.o [1]
osSemaphoreCreate        0x800'4b13    0x26  Code  Gb  cmsis_os.o [1]
osSemaphoreRelease       0x800'4b87    0x36  Code  Gb  cmsis_os.o [1]
osSemaphoreWait          0x800'4b39    0x42  Code  Gb  cmsis_os.o [1]
osSystickHandler         0x800'4bd1    0x14  Code  Gb  cmsis_os.o [1]
osThreadCreate           0x800'4ad7    0x2e  Code  Gb  cmsis_os.o [1]
osThreadResume           0x800'4bef    0x2a  Code  Gb  cmsis_os.o [1]
osThreadSuspend          0x800'4be5     0xa  Code  Gb  cmsis_os.o [1]
pFlash                  0x2000'2ff0    0x20  Data  Gb  stm32l4xx_hal_flash.o [1]
poseControl_Handle      0x2000'4660     0x4  Data  Gb  freertos.o [1]
poseControl_Task         0x800'4335    0x16  Code  Gb  freertos.o [1]
printf                   0x800'74ed    0x28  Code  Gb  printf.o [2]
prvAddCurrentTaskToDelayedList
                         0x800'66fd    0x5e  Code  Lc  tasks.o [1]
prvAddNewTaskToReadyList
                         0x800'5d89    0xa0  Code  Lc  tasks.o [1]
prvCopyDataFromQueue     0x800'6c55    0x28  Code  Lc  queue.o [1]
prvCopyDataToQueue       0x800'6bed    0x68  Code  Lc  queue.o [1]
prvDeleteTCB             0x800'64a5    0x14  Code  Lc  tasks.o [1]
prvIdleTask              0x800'6465    0x40  Code  Lc  tasks.o [1]
prvInitialiseNewQueue    0x800'6821    0x1e  Code  Lc  queue.o [1]
prvInitialiseNewTask     0x800'5d01    0x88  Code  Lc  tasks.o [1]
prvInsertBlockIntoFreeList
                         0x800'7aa5    0x46  Code  Lc  heap_4.o [1]
prvIsQueueEmpty          0x800'6ce1    0x16  Code  Lc  queue.o [1]
prvResetNextTaskUnblockTime
                         0x800'64b9    0x1a  Code  Lc  tasks.o [1]
prvSearchForNameWithinSingleList
                         0x800'6123    0x5c  Code  Lc  tasks.o [1]
prvTaskExitError         0x800'6d25    0x1c  Code  Lc  port.o [1]
prvTaskIsTaskSuspended   0x800'5f1b    0x2c  Code  Lc  tasks.o [1]
prvUnlockQueue           0x800'6c7d    0x64  Code  Lc  queue.o [1]
putchar                  0x800'9b69     0xc  Code  Gb  putchar.o [2]
pvPortMalloc             0x800'7941   0x102  Code  Gb  heap_4.o [1]
pvTaskIncrementMutexHeldCount
                         0x800'66ab    0x14  Code  Gb  tasks.o [1]
pxCurrentTCB            0x2000'4324     0x4  Data  Gb  tasks.o [1]
pxDelayedTaskList       0x2000'4328     0x4  Data  Lc  tasks.o [1]
pxEnd                   0x2000'30ec     0x4  Data  Lc  heap_4.o [1]
pxOverflowDelayedTaskList
                        0x2000'432c     0x4  Data  Lc  tasks.o [1]
pxPortInitialiseStack    0x800'6cfd    0x26  Code  Gb  port.o [1]
pxReadyTasksLists       0x2000'43a0    0x8c  Data  Lc  tasks.o [1]
rand                     0x800'7449    0x94  Code  Gb  rand.o [2]
readKey_Handle          0x2000'4658     0x4  Data  Gb  freertos.o [1]
readKey_Task             0x800'3f73    0xba  Code  Gb  freertos.o [1]
scalbln                  0x800'37d5          Code  Gb  ldexp.o [3]
scalblnl                 0x800'37d5          Code  Gb  ldexp.o [3]
scalbn                   0x800'37d5          Code  Gb  ldexp.o [3]
scalbnl                  0x800'37d5          Code  Gb  ldexp.o [3]
scale                    0x800'28af    0x46  Code  Lc  xprintffull.o [2]
sec_hand                0x2000'46c8     0x4  Data  Lc  xfail_s.o [2]
showUI_Handle           0x2000'465c     0x4  Data  Gb  freertos.o [1]
showUI_Task              0x800'404d   0x2a2  Code  Gb  freertos.o [1]
snakeTimer_Handle       0x2000'4664     0x4  Data  Gb  freertos.o [1]
snakeTimer_Task          0x800'5555    0x9a  Code  Gb  snake.o [1]
snake_BinSemHandle      0x2000'466c     0x4  Data  Gb  freertos.o [1]
sprintf                  0x800'563d    0x40  Code  Gb  sprintf.o [2]
strchr                   0x800'3139          Code  Gb  strchr.o [4]
strlen                   0x800'31c9          Code  Gb  strlen.o [4]
timeStructure           0x2000'46ac    0x14  Data  Gb  rtc.o [1]
ucHeap                  0x2000'30fc   0xbb8  Data  Lc  heap_4.o [1]
ucMaxSysCallPriority    0x2000'2fd4     0x1  Data  Lc  port.o [1]
ulMaxPRIGROUPValue      0x2000'2fdc     0x4  Data  Lc  port.o [1]
ulTaskSwitchedInTime    0x2000'4370     0x4  Data  Lc  tasks.o [1]
uwTick                  0x2000'46c4     0x4  Data  Gb  stm32l4xx_hal.o [1]
uxCriticalNesting       0x2000'2fd8     0x4  Data  Lc  port.o [1]
uxCurrentNumberOfTasks  0x2000'4348     0x4  Data  Lc  tasks.o [1]
uxDeletedTasksWaitingCleanUp
                        0x2000'4330     0x4  Data  Lc  tasks.o [1]
uxListRemove             0x800'7b5d    0x26  Code  Gb  list.o [1]
uxPendedTicks           0x2000'4358     0x4  Data  Lc  tasks.o [1]
uxSchedulerSuspended    0x2000'436c     0x4  Data  Lc  tasks.o [1]
uxTaskNumber            0x2000'4364     0x4  Data  Lc  tasks.o [1]
uxTopReadyPriority      0x2000'4350     0x4  Data  Lc  tasks.o [1]
vListInitialise          0x800'7af1    0x1a  Code  Gb  list.o [1]
vListInitialiseItem      0x800'7b0b     0x6  Code  Gb  list.o [1]
vListInsert              0x800'7b2b    0x32  Code  Gb  list.o [1]
vListInsertEnd           0x800'7b11    0x1a  Code  Gb  list.o [1]
vPortEnableVFP           0x800'7c1d          Code  Gb  portasm.o [1]
vPortEnterCritical       0x800'6de5    0x32  Code  Gb  port.o [1]
vPortExitCritical        0x800'6e17    0x22  Code  Gb  port.o [1]
vPortFree                0x800'7a51    0x46  Code  Gb  heap_4.o [1]
vPortStartFirstTask      0x800'7bfd          Code  Gb  portasm.o [1]
vPortValidateInterruptPriority
                         0x800'6e61    0x34  Code  Gb  port.o [1]
vTaskDelay               0x800'5e29    0x2e  Code  Gb  tasks.o [1]
vTaskInternalSetTimeOutState
                         0x800'63d1     0xe  Code  Gb  tasks.o [1]
vTaskMissedYield         0x800'6459     0xa  Code  Gb  tasks.o [1]
vTaskPlaceOnEventList    0x800'6333    0x26  Code  Gb  tasks.o [1]
vTaskPriorityDisinheritAfterTimeout
                         0x800'6609    0x82  Code  Gb  tasks.o [1]
vTaskResume              0x800'5f4f    0x3c  Code  Gb  tasks.o [1]
vTaskStartScheduler      0x800'601d    0x58  Code  Gb  tasks.o [1]
vTaskSuspend             0x800'5e5d    0x66  Code  Gb  tasks.o [1]
vTaskSuspendAll          0x800'607d     0xc  Code  Gb  tasks.o [1]
vTaskSwitchContext       0x800'62c3    0x5c  Code  Gb  tasks.o [1]
xBlockAllocatedBit      0x2000'30f8     0x4  Data  Lc  heap_4.o [1]
xDelayedTaskList1       0x2000'4374    0x14  Data  Lc  tasks.o [1]
xDelayedTaskList2       0x2000'4388    0x14  Data  Lc  tasks.o [1]
xFreeBytesRemaining     0x2000'30f0     0x4  Data  Lc  heap_4.o [1]
xIdleTaskHandle         0x2000'439c     0x4  Data  Lc  tasks.o [1]
xMinimumEverFreeBytesRemaining
                        0x2000'30f4     0x4  Data  Lc  heap_4.o [1]
xNextTaskUnblockTime    0x2000'4368     0x4  Data  Lc  tasks.o [1]
xNumOfOverflows         0x2000'4360     0x4  Data  Lc  tasks.o [1]
xPendingReadyList       0x2000'42fc    0x14  Data  Lc  tasks.o [1]
xPortStartScheduler      0x800'6d41    0xa4  Code  Gb  port.o [1]
xPortSysTickHandler      0x800'6e39    0x26  Code  Gb  port.o [1]
xQueueGenericCreate      0x800'67e9    0x38  Code  Gb  queue.o [1]
xQueueGenericReset       0x800'6771    0x78  Code  Gb  queue.o [1]
xQueueGenericSend        0x800'683f   0x128  Code  Gb  queue.o [1]
xQueueGiveFromISR        0x800'696f    0x70  Code  Gb  queue.o [1]
xQueueReceiveFromISR     0x800'6b5b    0x82  Code  Gb  queue.o [1]
xQueueSemaphoreTake      0x800'69fd   0x128  Code  Gb  queue.o [1]
xSchedulerRunning       0x2000'4354     0x4  Data  Lc  tasks.o [1]
xStart                  0x2000'30e4     0x8  Data  Lc  heap_4.o [1]
xSuspendedTaskList      0x2000'4334    0x14  Data  Lc  tasks.o [1]
xTaskCheckForTimeOut     0x800'63df    0x66  Code  Gb  tasks.o [1]
xTaskCreate              0x800'5ca9    0x58  Code  Gb  tasks.o [1]
xTaskGetHandle           0x800'617f    0x70  Code  Gb  tasks.o [1]
xTaskGetSchedulerState   0x800'64d3    0x18  Code  Gb  tasks.o [1]
xTaskIncrementTick       0x800'6203    0xc0  Code  Gb  tasks.o [1]
xTaskPriorityDisinherit
                         0x800'6577    0x72  Code  Gb  tasks.o [1]
xTaskPriorityInherit     0x800'64eb    0x7c  Code  Gb  tasks.o [1]
xTaskRemoveFromEventList
                         0x800'635f    0x52  Code  Gb  tasks.o [1]
xTaskResumeAll           0x800'6089    0x92  Code  Gb  tasks.o [1]
xTaskResumeFromISR       0x800'5fa7    0x5c  Code  Gb  tasks.o [1]
xTasksWaitingTermination
                        0x2000'4310    0x14  Data  Lc  tasks.o [1]
xTickCount              0x2000'434c     0x4  Data  Lc  tasks.o [1]
xYieldPending           0x2000'435c     0x4  Data  Lc  tasks.o [1]


[1] = F:\System\Documents\CubeMX\L432Test1\EWARM\L432Test1\Obj
[2] = dl7M_tlf.a
[3] = m7M_tls.a
[4] = rt7M_tl.a
[5] = shb_l.a

  31 966 bytes of readonly  code memory
  13 007 bytes of readonly  data memory
  19 148 bytes of readwrite data memory

Errors: none
Warnings: none
