###############################################################################
#
# IAR ELF Linker V8.30.2.160/W32 for ARM                  06/Dec/2018  00:42:06
# Copyright 2007-2018 IAR Systems AB.
#
#    Output file  =  
#        F:\System\Documents\CubeMX\L432Test1\EWARM\L432Test1\Exe\L432Test1.out
#    Map file     =  
#        F:\System\Documents\CubeMX\L432Test1\EWARM\L432Test1\List\L432Test1.map
#    Command line =  
#        -f C:\Users\willc\AppData\Local\Temp\EWAEC5.tmp
#        (F:\System\Documents\CubeMX\L432Test1\EWARM\L432Test1\Obj\cmsis_os.o
#        F:\System\Documents\CubeMX\L432Test1\EWARM\L432Test1\Obj\croutine.o
#        F:\System\Documents\CubeMX\L432Test1\EWARM\L432Test1\Obj\event_groups.o
#        F:\System\Documents\CubeMX\L432Test1\EWARM\L432Test1\Obj\flash.o
#        F:\System\Documents\CubeMX\L432Test1\EWARM\L432Test1\Obj\font.o
#        F:\System\Documents\CubeMX\L432Test1\EWARM\L432Test1\Obj\freertos.o
#        F:\System\Documents\CubeMX\L432Test1\EWARM\L432Test1\Obj\gpio.o
#        F:\System\Documents\CubeMX\L432Test1\EWARM\L432Test1\Obj\heap_4.o
#        F:\System\Documents\CubeMX\L432Test1\EWARM\L432Test1\Obj\i2c.o
#        F:\System\Documents\CubeMX\L432Test1\EWARM\L432Test1\Obj\list.o
#        F:\System\Documents\CubeMX\L432Test1\EWARM\L432Test1\Obj\main.o
#        F:\System\Documents\CubeMX\L432Test1\EWARM\L432Test1\Obj\mpu9250.o
#        F:\System\Documents\CubeMX\L432Test1\EWARM\L432Test1\Obj\oled.o
#        F:\System\Documents\CubeMX\L432Test1\EWARM\L432Test1\Obj\port.o
#        F:\System\Documents\CubeMX\L432Test1\EWARM\L432Test1\Obj\portasm.o
#        F:\System\Documents\CubeMX\L432Test1\EWARM\L432Test1\Obj\queue.o
#        F:\System\Documents\CubeMX\L432Test1\EWARM\L432Test1\Obj\rtc.o
#        F:\System\Documents\CubeMX\L432Test1\EWARM\L432Test1\Obj\snake.o
#        F:\System\Documents\CubeMX\L432Test1\EWARM\L432Test1\Obj\startup_stm32l432xx.o
#        F:\System\Documents\CubeMX\L432Test1\EWARM\L432Test1\Obj\stm32l4xx_hal.o
#        F:\System\Documents\CubeMX\L432Test1\EWARM\L432Test1\Obj\stm32l4xx_hal_cortex.o
#        F:\System\Documents\CubeMX\L432Test1\EWARM\L432Test1\Obj\stm32l4xx_hal_dma.o
#        F:\System\Documents\CubeMX\L432Test1\EWARM\L432Test1\Obj\stm32l4xx_hal_dma_ex.o
#        F:\System\Documents\CubeMX\L432Test1\EWARM\L432Test1\Obj\stm32l4xx_hal_flash.o
#        F:\System\Documents\CubeMX\L432Test1\EWARM\L432Test1\Obj\stm32l4xx_hal_flash_ex.o
#        F:\System\Documents\CubeMX\L432Test1\EWARM\L432Test1\Obj\stm32l4xx_hal_flash_ramfunc.o
#        F:\System\Documents\CubeMX\L432Test1\EWARM\L432Test1\Obj\stm32l4xx_hal_gpio.o
#        F:\System\Documents\CubeMX\L432Test1\EWARM\L432Test1\Obj\stm32l4xx_hal_i2c.o
#        F:\System\Documents\CubeMX\L432Test1\EWARM\L432Test1\Obj\stm32l4xx_hal_i2c_ex.o
#        F:\System\Documents\CubeMX\L432Test1\EWARM\L432Test1\Obj\stm32l4xx_hal_msp.o
#        F:\System\Documents\CubeMX\L432Test1\EWARM\L432Test1\Obj\stm32l4xx_hal_pwr.o
#        F:\System\Documents\CubeMX\L432Test1\EWARM\L432Test1\Obj\stm32l4xx_hal_pwr_ex.o
#        F:\System\Documents\CubeMX\L432Test1\EWARM\L432Test1\Obj\stm32l4xx_hal_rcc.o
#        F:\System\Documents\CubeMX\L432Test1\EWARM\L432Test1\Obj\stm32l4xx_hal_rcc_ex.o
#        F:\System\Documents\CubeMX\L432Test1\EWARM\L432Test1\Obj\stm32l4xx_hal_rtc.o
#        F:\System\Documents\CubeMX\L432Test1\EWARM\L432Test1\Obj\stm32l4xx_hal_rtc_ex.o
#        F:\System\Documents\CubeMX\L432Test1\EWARM\L432Test1\Obj\stm32l4xx_hal_tim.o
#        F:\System\Documents\CubeMX\L432Test1\EWARM\L432Test1\Obj\stm32l4xx_hal_tim_ex.o
#        F:\System\Documents\CubeMX\L432Test1\EWARM\L432Test1\Obj\stm32l4xx_hal_timebase_TIM.o
#        F:\System\Documents\CubeMX\L432Test1\EWARM\L432Test1\Obj\stm32l4xx_hal_uart.o
#        F:\System\Documents\CubeMX\L432Test1\EWARM\L432Test1\Obj\stm32l4xx_hal_uart_ex.o
#        F:\System\Documents\CubeMX\L432Test1\EWARM\L432Test1\Obj\stm32l4xx_it.o
#        F:\System\Documents\CubeMX\L432Test1\EWARM\L432Test1\Obj\stream_buffer.o
#        F:\System\Documents\CubeMX\L432Test1\EWARM\L432Test1\Obj\system_stm32l4xx.o
#        F:\System\Documents\CubeMX\L432Test1\EWARM\L432Test1\Obj\tasks.o
#        F:\System\Documents\CubeMX\L432Test1\EWARM\L432Test1\Obj\tim.o
#        F:\System\Documents\CubeMX\L432Test1\EWARM\L432Test1\Obj\timers.o
#        F:\System\Documents\CubeMX\L432Test1\EWARM\L432Test1\Obj\usart.o
#        --redirect _Printf=_PrintfFull --redirect _Scanf=_ScanfFull
#        --no_out_extension -o
#        F:\System\Documents\CubeMX\L432Test1\EWARM\L432Test1\Exe\L432Test1.out
#        --map
#        F:\System\Documents\CubeMX\L432Test1\EWARM\L432Test1\List\L432Test1.map
#        --config
#        F:\System\Documents\CubeMX\L432Test1\EWARM/stm32l432xx_flash.icf
#        --semihosting --entry __iar_program_start --vfe --text_out locale)
#
###############################################################################

*******************************************************************************
*** RUNTIME MODEL ATTRIBUTES
***

CppFlavor       = *
__SystemLibrary = DLib
__dlib_version  = 6


*******************************************************************************
*** HEAP SELECTION
***

The basic heap was selected because no calls to memory allocation
functions were found in the application outside of system library
functions, and there are calls to deallocation functions in the
application.


*******************************************************************************
*** PLACEMENT SUMMARY
***

"A0":  place at 0x800'0000 { ro section .intvec };
"P1":  place in [from 0x800'0000 to 0x801'f800] { ro };
define block CSTACK with size = 1K, alignment = 8 { };
define block HEAP with size = 512, alignment = 8 { };
"P2":  place in [from 0x2000'0000 to 0x2000'ffff] {
          rw, block CSTACK, block HEAP };
initialize by copy { rw };

  Section            Kind         Address    Size  Object
  -------            ----         -------    ----  ------
"A0":                                       0x18c
  .intvec            ro code   0x800'0000   0x18c  startup_stm32l432xx.o [1]
                             - 0x800'018c   0x18c

"P1":                                      0xa8cd
  .text              ro code   0x800'018c   0xf7a  xprintffull.o [2]
  .text              ro code   0x800'1106    0x7a  lz77_init_single.o [4]
  .text              ro code   0x800'1180    0x78  xlocale_c.o [2]
  .text              ro code   0x800'11f8    0x16  strchr.o [4]
  .text              ro code   0x800'120e    0x3a  zero_init3.o [4]
  .text              ro code   0x800'1248    0x40  xfail_s.o [2]
  .text              ro code   0x800'1288    0x36  strlen.o [4]
  .text              ro code   0x800'12be    0x1e  xencoding_8859_1.o [2]
  .text              ro code   0x800'12dc    0x58  memchr.o [4]
  .text              ro code   0x800'1334     0xa  xmbcurmax.o [2]
  .text              ro code   0x800'133e     0xa  xsprout.o [2]
  .text              ro code   0x800'1348    0xa6  ABImemcpy.o [4]
  .text              ro code   0x800'13f0   0x230  I64DivMod.o [4]
  .text              ro code   0x800'1620   0x1a2  DblMul.o [3]
  .text              ro code   0x800'17c4    0x70  frexp.o [3]
  .text              ro code   0x800'1834    0x2e  DblCmpLe.o [3]
  .text              ro code   0x800'1864    0x2e  DblCmpGe.o [3]
  .text              ro code   0x800'1894   0x13a  ldexp.o [3]
  .text              ro code   0x800'19d0    0x3a  DblToS32.o [3]
  .text              ro code   0x800'1a0c    0x22  S32ToDbl.o [3]
  .text              ro code   0x800'1a30    0xe2  DblSub.o [3]
  .text              ro code   0x800'1b14   0x246  DblDiv.o [3]
  .text              ro code   0x800'1d5c    0x28  DblToU32.o [3]
  .text              ro code   0x800'1d84    0x1a  U32ToDbl.o [3]
  .text              ro code   0x800'1d9e     0x6  abort.o [2]
  .text              ro code   0x800'1da4     0x2  I64DivZer.o [4]
  .text              ro code   0x800'1da8   0x16a  DblAdd.o [3]
  .text              ro code   0x800'1f14    0x14  exit.o [5]
  .text              ro code   0x800'1f28   0xaf4  freertos.o [1]
  .text              ro code   0x800'2a1c    0xc8  cmsis_os.o [1]
  .text              ro code   0x800'2ae4    0x28  printf.o [2]
  .text              ro code   0x800'2b0c   0x358  stm32l4xx_hal_gpio.o [1]
  .text              ro code   0x800'2e64   0x49e  oled.o [1]
  .text              ro code   0x800'3304   0x37c  snake.o [1]
  .text              ro code   0x800'3680   0x16c  mpu9250.o [1]
  .text              ro code   0x800'37ec   0x6a8  stm32l4xx_hal_rtc.o [1]
  .text              ro code   0x800'3e94     0x6  ABImemclr4.o [4]
  .text              ro code   0x800'3e9c    0x40  sprintf.o [2]
  .text              ro code   0x800'3edc    0x4c  flash.o [1]
  .text              ro code   0x800'3f28   0x170  stm32l4xx_hal_rtc_ex.o [1]
  .text              ro code   0x800'4098   0x9b4  tasks.o [1]
  .text              ro code   0x800'4a4c   0x310  queue.o [1]
  .text              ro code   0x800'4d5c   0x1f4  port.o [1]
  .text              ro code   0x800'4f50   0x1f4  main.o [1]
  .text              ro code   0x800'5144   0x720  stm32l4xx_hal_i2c.o [1]
  .text              ro code   0x800'5864    0xa4  rand.o [2]
  .text              ro code   0x800'5908    0xf0  rtc.o [1]
  .text              ro code   0x800'59f8     0xc  stm32l4xx_hal.o [1]
  .text              ro code   0x800'5a04    0x3a  ABImemset48.o [4]
  .text              ro code   0x800'5a40   0x2bc  stm32l4xx_hal_flash.o [1]
  .text              ro code   0x800'5cfc   0x23c  stm32l4xx_hal_flash_ex.o [1]
  .text              ro code   0x800'5f38   0x1b0  heap_4.o [1]
  .text              ro code   0x800'60e8    0x92  list.o [1]
  .text              ro code   0x800'617a     0x2  freertos.o [1]
  .text              ro code   0x800'617c     0x4  freertos.o [1]
  CODE               ro code   0x800'6180    0xb0  portasm.o [1]
  .text              ro code   0x800'6230    0x1e  stm32l4xx_hal.o [1]
  .text              ro code   0x800'6250    0xb4  gpio.o [1]
  .text              ro code   0x800'6304    0xec  i2c.o [1]
  .text              ro code   0x800'63f0   0x108  usart.o [1]
  .text              ro code   0x800'64f8    0xd4  tim.o [1]
  .text              ro code   0x800'65cc   0x9bc  stm32l4xx_hal_uart.o [1]
  .text              ro code   0x800'6f88    0x10  stm32l4xx_hal_pwr.o [1]
  .text              ro code   0x800'6f98   0x9d8  stm32l4xx_hal_rcc.o [1]
  .text              ro code   0x800'7970   0x604  stm32l4xx_hal_rcc_ex.o [1]
  .text              ro code   0x800'7f74    0xf8  stm32l4xx_hal_pwr_ex.o [1]
  .text              ro code   0x800'806c   0x1b4  stm32l4xx_hal_cortex.o [1]
  .text              ro code   0x800'8220    0x10  stm32l4xx_hal.o [1]
  .text              ro code   0x800'8230    0x78  stm32l4xx_hal_timebase_TIM.o [1]
  .text              ro code   0x800'82a8    0x8c  stm32l4xx_hal_msp.o [1]
  .text              ro code   0x800'8334   0x1f8  stm32l4xx_hal_i2c_ex.o [1]
  .text              ro code   0x800'852c   0x70c  stm32l4xx_hal_tim.o [1]
  .text              ro code   0x800'8c38   0x1a4  stm32l4xx_hal_tim_ex.o [1]
  .text              ro code   0x800'8ddc    0x4a  stm32l4xx_hal_dma.o [1]
  .text              ro code   0x800'8e26     0x2  stm32l4xx_hal_uart.o [1]
  .text              ro code   0x800'8e28     0x2  stm32l4xx_hal_uart_ex.o [1]
  .text              ro code   0x800'8e2a     0x2  stm32l4xx_hal_uart.o [1]
  .text              ro code   0x800'8e2c     0x2  stm32l4xx_hal_tim.o [1]
  .text              ro code   0x800'8e2e     0x2  stm32l4xx_hal_tim.o [1]
  .text              ro code   0x800'8e30     0x2  stm32l4xx_hal_tim_ex.o [1]
  .text              ro code   0x800'8e32     0x2  stm32l4xx_hal_tim_ex.o [1]
  .text              ro code   0x800'8e34     0x2  stm32l4xx_hal_tim.o [1]
  .text              ro code   0x800'8e36     0x2  stm32l4xx_hal_tim_ex.o [1]
  .text              ro code   0x800'8e38     0x2  stm32l4xx_hal_tim.o [1]
  .text              ro code   0x800'8e3c    0x8c  system_stm32l4xx.o [1]
  .text              ro code   0x800'8ec8    0x54  stm32l4xx_it.o [1]
  .rodata            const     0x800'8f1c    0x34  freertos.o [1]
  .text              ro code   0x800'8f50    0x28  data_init.o [4]
  .text              ro code   0x800'8f78    0x22  fpinit_M.o [3]
  .iar.init_table    const     0x800'8f9c    0x20  - Linker created -
  .text              ro code   0x800'8fbc    0x1e  cmain.o [4]
  .text              ro code   0x800'8fda     0x4  low_level_init.o [2]
  .text              ro code   0x800'8fde     0x4  exit.o [2]
  .text              ro code   0x800'8fe4     0xa  cexit.o [4]
  .text              ro code   0x800'8fee    0x16  xprout.o [2]
  .text              ro code   0x800'9004     0xc  putchar.o [2]
  .text              ro code   0x800'9010    0x10  startup_stm32l432xx.o [1]
  .text              ro code   0x800'9020     0xc  cstartup_M.o [4]
  .rodata            const     0x800'902c     0x8  system_stm32l4xx.o [1]
  .rodata            const     0x800'9034     0x6  xlocale_c.o [2]
  .text              ro code   0x800'903a     0x4  startup_stm32l432xx.o [1]
  .text              ro code   0x800'903e     0x4  startup_stm32l432xx.o [1]
  .text              ro code   0x800'9042     0x4  startup_stm32l432xx.o [1]
  .text              ro code   0x800'9046     0x4  startup_stm32l432xx.o [1]
  .text              ro code   0x800'904a     0x4  startup_stm32l432xx.o [1]
  .text              ro code   0x800'904e     0x4  startup_stm32l432xx.o [1]
  .text              ro code   0x800'9052     0x4  startup_stm32l432xx.o [1]
  .text              ro code   0x800'9056     0x4  startup_stm32l432xx.o [1]
  .text              ro code   0x800'905a     0x4  startup_stm32l432xx.o [1]
  .text              ro code   0x800'905e     0x4  startup_stm32l432xx.o [1]
  .text              ro code   0x800'9062     0x4  startup_stm32l432xx.o [1]
  .text              ro code   0x800'9066     0x4  startup_stm32l432xx.o [1]
  .text              ro code   0x800'906a     0x4  startup_stm32l432xx.o [1]
  .text              ro code   0x800'906e     0x4  startup_stm32l432xx.o [1]
  .text              ro code   0x800'9072     0x4  startup_stm32l432xx.o [1]
  .text              ro code   0x800'9076     0x4  startup_stm32l432xx.o [1]
  .text              ro code   0x800'907a     0x4  startup_stm32l432xx.o [1]
  .text              ro code   0x800'907e     0x4  startup_stm32l432xx.o [1]
  .text              ro code   0x800'9082     0x4  startup_stm32l432xx.o [1]
  .text              ro code   0x800'9086     0x4  startup_stm32l432xx.o [1]
  .text              ro code   0x800'908a     0x4  startup_stm32l432xx.o [1]
  .text              ro code   0x800'908e     0x4  startup_stm32l432xx.o [1]
  .text              ro code   0x800'9092     0x4  startup_stm32l432xx.o [1]
  .text              ro code   0x800'9096     0x4  startup_stm32l432xx.o [1]
  .text              ro code   0x800'909a     0x4  startup_stm32l432xx.o [1]
  .text              ro code   0x800'909e     0x4  startup_stm32l432xx.o [1]
  .text              ro code   0x800'90a2     0x4  startup_stm32l432xx.o [1]
  .text              ro code   0x800'90a6     0x4  startup_stm32l432xx.o [1]
  .text              ro code   0x800'90aa     0x4  startup_stm32l432xx.o [1]
  .text              ro code   0x800'90ae     0x4  startup_stm32l432xx.o [1]
  .text              ro code   0x800'90b2     0x4  startup_stm32l432xx.o [1]
  .text              ro code   0x800'90b6     0x4  startup_stm32l432xx.o [1]
  .text              ro code   0x800'90ba     0x4  startup_stm32l432xx.o [1]
  .text              ro code   0x800'90be     0x4  startup_stm32l432xx.o [1]
  .text              ro code   0x800'90c2     0x4  startup_stm32l432xx.o [1]
  .text              ro code   0x800'90c6     0x4  startup_stm32l432xx.o [1]
  .text              ro code   0x800'90ca     0x4  startup_stm32l432xx.o [1]
  .text              ro code   0x800'90ce     0x4  startup_stm32l432xx.o [1]
  .text              ro code   0x800'90d2     0x4  startup_stm32l432xx.o [1]
  .text              ro code   0x800'90d6     0x4  startup_stm32l432xx.o [1]
  .text              ro code   0x800'90da     0x4  startup_stm32l432xx.o [1]
  .text              ro code   0x800'90de     0x4  startup_stm32l432xx.o [1]
  .text              ro code   0x800'90e2     0x4  startup_stm32l432xx.o [1]
  .text              ro code   0x800'90e6     0x4  startup_stm32l432xx.o [1]
  .text              ro code   0x800'90ea     0x4  startup_stm32l432xx.o [1]
  .text              ro code   0x800'90ee     0x4  startup_stm32l432xx.o [1]
  .text              ro code   0x800'90f2     0x4  startup_stm32l432xx.o [1]
  .text              ro code   0x800'90f6     0x4  startup_stm32l432xx.o [1]
  .text              ro code   0x800'90fa     0x4  startup_stm32l432xx.o [1]
  .text              ro code   0x800'90fe     0x4  startup_stm32l432xx.o [1]
  .text              ro code   0x800'9102     0x4  startup_stm32l432xx.o [1]
  .text              ro code   0x800'9106     0x4  startup_stm32l432xx.o [1]
  .text              ro code   0x800'910a     0x4  startup_stm32l432xx.o [1]
  .text              ro code   0x800'910e     0x4  startup_stm32l432xx.o [1]
  .rodata            const     0x800'9112     0x0  zero_init3.o [4]
  .rodata            const     0x800'9112     0x0  lz77_init_single.o [4]
  Initializer bytes  const     0x800'9112  0x1947  <for P2-1>
                             - 0x800'aa59  0xa8cd

"P2", part 1 of 3:                         0x5024
  P2-1                        0x2000'0000  0x5024  <Init block>
    .data            inited   0x2000'0000   0x280  font.o [1]
    .data            inited   0x2000'0280   0x5a0  font.o [1]
    .data            inited   0x2000'0820   0xa00  font.o [1]
    .data            inited   0x2000'1220   0x534  font.o [1]
    .data            inited   0x2000'1754   0x5f0  font.o [1]
    .data            inited   0x2000'1d44    0x34  font.o [1]
    .data            inited   0x2000'1d78   0x578  font.o [1]
    .data            inited   0x2000'22f0    0x64  font.o [1]
    .data            inited   0x2000'2354   0xc80  font.o [1]
    .data            inited   0x2000'2fd4   0xb40  font.o [1]
    .data            inited   0x2000'3b14  0x1400  font.o [1]
    .data            inited   0x2000'4f14     0xc  port.o [1]
    .data            inited   0x2000'4f20    0x10  snake.o [1]
    .data            inited   0x2000'4f30    0x20  stm32l4xx_hal_flash.o [1]
    .data            inited   0x2000'4f50     0x4  system_stm32l4xx.o [1]
    .data            inited   0x2000'4f54     0x8  rand.o [2]
    .data            inited   0x2000'4f5c    0x38  xlocale_c.o [2]
    .data            inited   0x2000'4f94    0x48  xlocale_c.o [2]
    .data            inited   0x2000'4fdc    0x48  xfiles.o [2]
                            - 0x2000'5024  0x5024

"P2", part 2 of 3:                         0x15ec
  .bss               zero     0x2000'5024   0xbd0  heap_4.o [1]
  .bss               zero     0x2000'5bf4   0x580  oled.o [1]
  .bss               zero     0x2000'6174    0xc8  snake.o [1]
  .bss               zero     0x2000'623c    0xa4  tasks.o [1]
  .bss               zero     0x2000'62e0    0x8c  tasks.o [1]
  .bss               zero     0x2000'636c    0x84  rand.o [2]
  .bss               zero     0x2000'63f0    0x79  usart.o [1]
  .bss               zero     0x2000'646a     0xe  freertos.o [1]
  .bss               zero     0x2000'6478    0x50  xfiles.o [2]
  .bss               zero     0x2000'64c8    0x4c  i2c.o [1]
  .bss               zero     0x2000'6514    0x40  stm32l4xx_hal_timebase_TIM.o [1]
  .bss               zero     0x2000'6554    0x40  tim.o [1]
  .bss               zero     0x2000'6594    0x24  rtc.o [1]
  .bss               zero     0x2000'65b8    0x1c  freertos.o [1]
  .bss               zero     0x2000'65d4    0x14  mpu9250.o [1]
  .bss               zero     0x2000'65e8    0x14  rtc.o [1]
  .bss               zero     0x2000'65fc     0x8  main.o [1]
  .bss               zero     0x2000'6604     0x4  rtc.o [1]
  .bss               zero     0x2000'6608     0x4  stm32l4xx_hal.o [1]
  .bss               zero     0x2000'660c     0x4  xfail_s.o [2]
                            - 0x2000'6610  0x15ec

"P2", part 3 of 3:                          0x400
  CSTACK                      0x2000'6610   0x400  <Block>
    CSTACK           uninit   0x2000'6610   0x400  <Block tail>
                            - 0x2000'6a10   0x400

Unused ranges:

         From           To      Size
         ----           --      ----
   0x800'aa59   0x801'f800  0x1'4da8
  0x2000'6a10  0x2000'ffff    0x95f0


*******************************************************************************
*** INIT TABLE
***

          Address      Size
          -------      ----
Zero (__iar_zero_init3)
    1 destination range, total size 0x15ec:
          0x2000'5024  0x15ec

Copy/lz77 (__iar_lz77_init_single3)
    1 source range, total size 0x1947 (31% of destination):
           0x800'9112  0x1947
    1 destination range, total size 0x5024:
          0x2000'0000  0x5024



*******************************************************************************
*** MODULE SUMMARY
***

    Module                        ro code  ro data  rw data
    ------                        -------  -------  -------
command line/config:
    -------------------------------------------------------
    Total:

F:\System\Documents\CubeMX\L432Test1\EWARM\L432Test1\Obj: [1]
    cmsis_os.o                        200
    flash.o                            76
    font.o                                   6 385   20 244
    freertos.o                      2 810       52       42
    gpio.o                            180
    heap_4.o                          432             3 024
    i2c.o                             236                76
    list.o                            146
    main.o                            500                 8
    mpu9250.o                         364                20
    oled.o                          1 182             1 408
    port.o                            500        3       12
    portasm.o                         176
    queue.o                           784
    rtc.o                             240                60
    snake.o                           892        6      216
    startup_stm32l432xx.o             628
    stm32l4xx_hal.o                    58                 4
    stm32l4xx_hal_cortex.o            436
    stm32l4xx_hal_dma.o                74
    stm32l4xx_hal_flash.o             700       10       32
    stm32l4xx_hal_flash_ex.o          572
    stm32l4xx_hal_gpio.o              856
    stm32l4xx_hal_i2c.o             1 824
    stm32l4xx_hal_i2c_ex.o            504
    stm32l4xx_hal_msp.o               140
    stm32l4xx_hal_pwr.o                16
    stm32l4xx_hal_pwr_ex.o            248
    stm32l4xx_hal_rcc.o             2 520
    stm32l4xx_hal_rcc_ex.o          1 540
    stm32l4xx_hal_rtc.o             1 704
    stm32l4xx_hal_rtc_ex.o            368
    stm32l4xx_hal_tim.o             1 812
    stm32l4xx_hal_tim_ex.o            426
    stm32l4xx_hal_timebase_TIM.o      120                64
    stm32l4xx_hal_uart.o            2 496
    stm32l4xx_hal_uart_ex.o             2
    stm32l4xx_it.o                     84
    system_stm32l4xx.o                140        9        4
    tasks.o                         2 484               304
    tim.o                             212                64
    usart.o                           264               121
    -------------------------------------------------------
    Total:                         28 946    6 465   25 703

dl7M_tlf.a: [2]
    abort.o                             6
    exit.o                              4
    low_level_init.o                    4
    printf.o                           40
    putchar.o                          12
    rand.o                            164        2      140
    sprintf.o                          64
    xencoding_8859_1.o                 30
    xfail_s.o                          64                 4
    xfiles.o                                    23      152
    xlocale_c.o                       120       47      128
    xmbcurmax.o                        10
    xprintffull.o                   3 962
    xprout.o                           22
    xsprout.o                          10
    -------------------------------------------------------
    Total:                          4 512       72      424

m7M_tls.a: [3]
    DblAdd.o                          362
    DblCmpGe.o                         46
    DblCmpLe.o                         46
    DblDiv.o                          582
    DblMul.o                          418
    DblSub.o                          226
    DblToS32.o                         58
    DblToU32.o                         40
    S32ToDbl.o                         34
    U32ToDbl.o                         26
    fpinit_M.o                         34
    frexp.o                           112
    ldexp.o                           314
    -------------------------------------------------------
    Total:                          2 298

rt7M_tl.a: [4]
    ABImemclr4.o                        6
    ABImemcpy.o                       166
    ABImemset48.o                      58
    I64DivMod.o                       560
    I64DivZer.o                         2
    cexit.o                            10
    cmain.o                            30
    cstartup_M.o                       12
    data_init.o                        40
    lz77_init_single.o                122
    memchr.o                           88
    strchr.o                           22
    strlen.o                           54
    zero_init3.o                       58
    -------------------------------------------------------
    Total:                          1 228

shb_l.a: [5]
    exit.o                             20
    -------------------------------------------------------
    Total:                             20

    Gaps                               34        2        1
    Linker created                              32    1 024
-----------------------------------------------------------
    Grand Total:                   37 038    6 571   27 152


*******************************************************************************
*** ENTRY LIST
***

Entry                       Address    Size  Type      Object
-----                       -------    ----  ----      ------
.iar.init_table$$Base    0x800'8f9c           --   Gb  - Linker created -
.iar.init_table$$Limit   0x800'8fbc           --   Gb  - Linker created -
?main                    0x800'8fbd          Code  Gb  cmain.o [4]
AHBPrescTable            0x800'8e88    0x10  Data  Gb  system_stm32l4xx.o [1]
APBPrescTable            0x800'902c     0x8  Data  Gb  system_stm32l4xx.o [1]
AdjustBrightness         0x800'2503    0x8a  Code  Gb  freertos.o [1]
AdjustTime               0x800'25a9   0x2e4  Code  Gb  freertos.o [1]
BUF                     0x2000'65d4     0xc  Data  Gb  mpu9250.o [1]
BusFault_Handler         0x800'8ecf     0x2  Code  Gb  stm32l4xx_it.o [1]
CSTACK$$Base            0x2000'6610           --   Gb  - Linker created -
CSTACK$$Limit           0x2000'6a10           --   Gb  - Linker created -
CacheMore                0x800'1185    0x24  Code  Lc  xlocale_c.o [2]
DebugMon_Handler         0x800'8ed3     0x2  Code  Gb  stm32l4xx_it.o [1]
EN_FONT14               0x2000'1220   0x534  Data  Gb  font.o [1]
EN_FONT16               0x2000'1754   0x5f0  Data  Gb  font.o [1]
EXTI0_IRQHandler         0x800'8ed9     0x6  Code  Gb  stm32l4xx_it.o [1]
EXTI4_IRQHandler         0x800'8edf     0x6  Code  Gb  stm32l4xx_it.o [1]
EXTI9_5_IRQHandler       0x800'8ee5    0x18  Code  Gb  stm32l4xx_it.o [1]
Exit                    0x2000'4f26     0x1  Data  Gb  snake.o [1]
FLASH_FlushCaches        0x800'5e5f    0x52  Code  Gb  stm32l4xx_hal_flash_ex.o [1]
FLASH_MassErase          0x800'5ddf    0x2a  Code  Lc  stm32l4xx_hal_flash_ex.o [1]
FLASH_PageErase          0x800'5e11    0x4e  Code  Gb  stm32l4xx_hal_flash_ex.o [1]
FLASH_Program_DoubleWord
                         0x800'5b87    0x72  Code  Lc  stm32l4xx_hal_flash.o [1]
FLASH_Program_Fast       0x800'5c03    0x6e  Code  Lc  stm32l4xx_hal_flash.o [1]
FLASH_WaitForLastOperation
                         0x800'5b11    0x5c  Code  Gb  stm32l4xx_hal_flash.o [1]
HAL_DMA_Abort_IT         0x800'8ddd    0x4a  Code  Gb  stm32l4xx_hal_dma.o [1]
HAL_FLASHEx_Erase        0x800'5cfd    0xe2  Code  Gb  stm32l4xx_hal_flash_ex.o [1]
HAL_FLASH_Lock           0x800'5b01     0xa  Code  Gb  stm32l4xx_hal_flash.o [1]
HAL_FLASH_Program        0x800'5a41    0xa0  Code  Gb  stm32l4xx_hal_flash.o [1]
HAL_FLASH_Unlock         0x800'5ae1    0x20  Code  Gb  stm32l4xx_hal_flash.o [1]
HAL_GPIO_EXTI_Callback   0x800'50dd    0x36  Code  Gb  main.o [1]
HAL_GPIO_EXTI_IRQHandler
                         0x800'2dc5    0x10  Code  Gb  stm32l4xx_hal_gpio.o [1]
HAL_GPIO_Init            0x800'2b0d   0x236  Code  Gb  stm32l4xx_hal_gpio.o [1]
HAL_GPIO_ReadPin         0x800'2d51    0x1c  Code  Gb  stm32l4xx_hal_gpio.o [1]
HAL_GPIO_TogglePin       0x800'2dad    0x18  Code  Gb  stm32l4xx_hal_gpio.o [1]
HAL_GPIO_WritePin        0x800'2d79    0x34  Code  Gb  stm32l4xx_hal_gpio.o [1]
HAL_GetTick              0x800'59f9     0xc  Code  Wk  stm32l4xx_hal.o [1]
HAL_I2CEx_ConfigAnalogFilter
                         0x800'8335    0x66  Code  Gb  stm32l4xx_hal_i2c_ex.o [1]
HAL_I2CEx_ConfigDigitalFilter
                         0x800'839b    0x46  Code  Gb  stm32l4xx_hal_i2c_ex.o [1]
HAL_I2CEx_EnableFastModePlus
                         0x800'8427    0x48  Code  Gb  stm32l4xx_hal_i2c_ex.o [1]
HAL_I2C_Init             0x800'5145   0x156  Code  Gb  stm32l4xx_hal_i2c.o [1]
HAL_I2C_Mem_Read         0x800'5411    0xdc  Code  Gb  stm32l4xx_hal_i2c.o [1]
HAL_I2C_Mem_Write        0x800'52d1    0xce  Code  Gb  stm32l4xx_hal_i2c.o [1]
HAL_I2C_MspInit          0x800'6365    0x42  Code  Gb  i2c.o [1]
HAL_IncTick              0x800'8221    0x10  Code  Wk  stm32l4xx_hal.o [1]
HAL_Init                 0x800'6231    0x1e  Code  Gb  stm32l4xx_hal.o [1]
HAL_InitTick             0x800'8231    0x66  Code  Gb  stm32l4xx_hal_timebase_TIM.o [1]
HAL_MspInit              0x800'82a9    0x8c  Code  Gb  stm32l4xx_hal_msp.o [1]
HAL_NVIC_EnableIRQ       0x800'8127    0x18  Code  Gb  stm32l4xx_hal_cortex.o [1]
HAL_NVIC_SetPriority     0x800'80c5    0x62  Code  Gb  stm32l4xx_hal_cortex.o [1]
HAL_NVIC_SetPriorityGrouping
                         0x800'808b    0x3a  Code  Gb  stm32l4xx_hal_cortex.o [1]
HAL_PWREx_ControlVoltageScaling
                         0x800'7f81    0x78  Code  Gb  stm32l4xx_hal_pwr_ex.o [1]
HAL_PWREx_GetVoltageRange
                         0x800'7f75     0xc  Code  Gb  stm32l4xx_hal_pwr_ex.o [1]
HAL_PWR_EnableBkUpAccess
                         0x800'6f89     0xc  Code  Gb  stm32l4xx_hal_pwr.o [1]
HAL_RCCEx_EnableMSIPLLMode
                         0x800'7d2d     0xe  Code  Gb  stm32l4xx_hal_rcc_ex.o [1]
HAL_RCCEx_PeriphCLKConfig
                         0x800'7971   0x3ae  Code  Gb  stm32l4xx_hal_rcc_ex.o [1]
HAL_RCC_ClockConfig      0x800'7571   0x1b8  Code  Gb  stm32l4xx_hal_rcc.o [1]
HAL_RCC_GetClockConfig   0x800'7811    0x52  Code  Gb  stm32l4xx_hal_rcc.o [1]
HAL_RCC_GetHCLKFreq      0x800'77e1     0x6  Code  Gb  stm32l4xx_hal_rcc.o [1]
HAL_RCC_GetPCLK1Freq     0x800'77e7    0x10  Code  Gb  stm32l4xx_hal_rcc.o [1]
HAL_RCC_GetPCLK2Freq     0x800'77f7     0xe  Code  Gb  stm32l4xx_hal_rcc.o [1]
HAL_RCC_GetSysClockFreq
                         0x800'774b    0x96  Code  Gb  stm32l4xx_hal_rcc.o [1]
HAL_RCC_OscConfig        0x800'6f99   0x5b4  Code  Gb  stm32l4xx_hal_rcc.o [1]
HAL_RTCEx_SetWakeUpTimer
                         0x800'3f29    0xa0  Code  Gb  stm32l4xx_hal_rtc_ex.o [1]
HAL_RTC_GetDate          0x800'3cfb    0x48  Code  Gb  stm32l4xx_hal_rtc.o [1]
HAL_RTC_GetTime          0x800'3b25    0x50  Code  Gb  stm32l4xx_hal_rtc.o [1]
HAL_RTC_Init             0x800'37ed   0x14a  Code  Gb  stm32l4xx_hal_rtc.o [1]
HAL_RTC_MspInit          0x800'59a5    0x14  Code  Gb  rtc.o [1]
HAL_RTC_SetDate          0x800'3b75   0x168  Code  Gb  stm32l4xx_hal_rtc.o [1]
HAL_RTC_SetTime          0x800'3945   0x1ca  Code  Gb  stm32l4xx_hal_rtc.o [1]
HAL_RTC_WaitForSynchro   0x800'3db9    0x32  Code  Gb  stm32l4xx_hal_rtc.o [1]
HAL_SYSTICK_CLKSourceConfig
                         0x800'8183    0x26  Code  Gb  stm32l4xx_hal_cortex.o [1]
HAL_SYSTICK_Config       0x800'814b    0x28  Code  Gb  stm32l4xx_hal_cortex.o [1]
HAL_TIMEx_Break2Callback
                         0x800'8e33     0x2  Code  Wk  stm32l4xx_hal_tim_ex.o [1]
HAL_TIMEx_BreakCallback
                         0x800'8e31     0x2  Code  Wk  stm32l4xx_hal_tim_ex.o [1]
HAL_TIMEx_CommutationCallback
                         0x800'8e37     0x2  Code  Wk  stm32l4xx_hal_tim_ex.o [1]
HAL_TIMEx_MasterConfigSynchronization
                         0x800'8c39   0x12e  Code  Gb  stm32l4xx_hal_tim_ex.o [1]
HAL_TIM_Base_Init        0x800'852d    0x90  Code  Gb  stm32l4xx_hal_tim.o [1]
HAL_TIM_Base_MspInit     0x800'655b    0x34  Code  Gb  tim.o [1]
HAL_TIM_Base_Start_IT    0x800'85bd    0x56  Code  Gb  stm32l4xx_hal_tim.o [1]
HAL_TIM_ConfigClockSource
                         0x800'87fb   0x2ba  Code  Gb  stm32l4xx_hal_tim.o [1]
HAL_TIM_IRQHandler       0x800'8699   0x15c  Code  Gb  stm32l4xx_hal_tim.o [1]
HAL_TIM_PeriodElapsedCallback
                         0x800'5113     0xe  Code  Gb  main.o [1]
HAL_UARTEx_WakeupCallback
                         0x800'8e29     0x2  Code  Wk  stm32l4xx_hal_uart_ex.o [1]
HAL_UART_IRQHandler      0x800'6725   0x144  Code  Gb  stm32l4xx_hal_uart.o [1]
HAL_UART_Init            0x800'65cd    0x6c  Code  Gb  stm32l4xx_hal_uart.o [1]
HAL_UART_MspInit         0x800'6439    0x54  Code  Gb  usart.o [1]
HAL_UART_Receive_IT      0x800'6685    0x9a  Code  Gb  stm32l4xx_hal_uart.o [1]
HAL_UART_RxCpltCallback
                         0x800'648d    0x26  Code  Gb  usart.o [1]
HardFault_Handler        0x800'8ecb     0x2  Code  Gb  stm32l4xx_it.o [1]
I2C_Flush_TXDR           0x800'5613    0x1c  Code  Lc  stm32l4xx_hal_i2c.o [1]
I2C_IsAcknowledgeFailed
                         0x800'56f7    0x68  Code  Lc  stm32l4xx_hal_i2c.o [1]
I2C_RequestMemoryRead    0x800'55af    0x34  Code  Lc  stm32l4xx_hal_i2c.o [1]
I2C_RequestMemoryWrite   0x800'5579    0x36  Code  Lc  stm32l4xx_hal_i2c.o [1]
I2C_TransferConfig       0x800'5769    0x82  Code  Lc  stm32l4xx_hal_i2c.o [1]
I2C_WaitOnFlagUntilTimeout
                         0x800'562f    0x42  Code  Lc  stm32l4xx_hal_i2c.o [1]
I2C_WaitOnSTOPFlagUntilTimeout
                         0x800'56bf    0x30  Code  Lc  stm32l4xx_hal_i2c.o [1]
I2C_WaitOnTXISFlagUntilTimeout
                         0x800'5671    0x36  Code  Lc  stm32l4xx_hal_i2c.o [1]
IMG48                   0x2000'2fd4   0xb40  Data  Gb  font.o [1]
IMG64                   0x2000'3b14  0x1400  Data  Gb  font.o [1]
Init_MPU9250             0x800'36c9    0x2e  Code  Gb  mpu9250.o [1]
JudgeKey                 0x800'503d    0xa0  Code  Gb  main.o [1]
KeyLeft                 0x2000'65fc     0x8  Data  Gb  main.o [1]
KeyValue                0x2000'646a     0x1  Data  Gb  freertos.o [1]
LoadInt                  0x800'034f    0x7a  Code  Lc  xprintffull.o [2]
MSIRangeTable            0x800'8e98    0x30  Data  Gb  system_stm32l4xx.o [1]
MX_FREERTOS_Init         0x800'1f29    0x9a  Code  Gb  freertos.o [1]
MX_GPIO_Init             0x800'6251    0x9e  Code  Gb  gpio.o [1]
MX_I2C1_Init             0x800'6305    0x60  Code  Gb  i2c.o [1]
MX_RTC_Init              0x800'5909    0x96  Code  Gb  rtc.o [1]
MX_TIM2_Init             0x800'64f9    0x62  Code  Gb  tim.o [1]
MX_USART2_UART_Init      0x800'6401    0x38  Code  Gb  usart.o [1]
MemManage_Handler        0x800'8ecd     0x2  Code  Gb  stm32l4xx_it.o [1]
NMI_Handler              0x800'8ec9     0x2  Code  Gb  stm32l4xx_it.o [1]
NUM_FONT32              0x2000'0000   0x280  Data  Gb  font.o [1]
NUM_FONT48              0x2000'0280   0x5a0  Data  Gb  font.o [1]
NUM_FONT64              0x2000'0820   0xa00  Data  Gb  font.o [1]
NVIC_SetPriority         0x800'806d    0x1e  Code  Lc  stm32l4xx_hal_cortex.o [1]
OLED_Clear               0x800'2eff     0x2  Code  Gb  oled.o [1]
OLED_DrawPoint           0x800'2ec5    0x3a  Code  Gb  oled.o [1]
OLED_GRAM               0x2000'5bf4   0x580  Data  Gb  oled.o [1]
OLED_Init                0x800'31f1    0xd4  Code  Gb  oled.o [1]
OLED_Refresh_Gram        0x800'2e89    0x3c  Code  Gb  oled.o [1]
OLED_Show_EN             0x800'2fa7    0xb0  Code  Gb  oled.o [1]
OLED_Show_Num            0x800'2f01    0xa6  Code  Gb  oled.o [1]
OLED_Show_Pic            0x800'313f    0x62  Code  Gb  oled.o [1]
OLED_Show_StrAll         0x800'31a1    0x4a  Code  Gb  oled.o [1]
OLED_Show_ZH             0x800'3057    0xd6  Code  Gb  oled.o [1]
OLED_Write               0x800'2e65    0x24  Code  Gb  oled.o [1]
PendSV_Handler           0x800'6181          Code  Gb  portasm.o [1]
RCCEx_PLLSAI1_Config     0x800'7d4d   0x1a6  Code  Lc  stm32l4xx_hal_rcc_ex.o [1]
RCC_SetFlashLatencyFromMSIRange
                         0x800'786d    0x74  Code  Lc  stm32l4xx_hal_rcc.o [1]
READ_MPU9250_ACCEL       0x800'36f7    0x4c  Code  Gb  mpu9250.o [1]
READ_MPU9250_GYRO        0x800'3751    0x6e  Code  Gb  mpu9250.o [1]
RTC_ByteToBcd2           0x800'3e21    0x16  Code  Gb  stm32l4xx_hal_rtc.o [1]
RTC_EnterInitMode        0x800'3deb    0x36  Code  Gb  stm32l4xx_hal_rtc.o [1]
Region$$Table$$Base      0x800'8f9c           --   Gb  - Linker created -
Region$$Table$$Limit     0x800'8fbc           --   Gb  - Linker created -
SVC_Handler              0x800'61d9          Code  Gb  portasm.o [1]
ShowPose                 0x800'2447    0xa4  Code  Gb  freertos.o [1]
Single_Read              0x800'369f    0x2a  Code  Gb  mpu9250.o [1]
Single_Write             0x800'3681    0x1e  Code  Gb  mpu9250.o [1]
Snake_DrawPoint          0x800'3569    0x30  Code  Gb  snake.o [1]
Snake_ShowBody           0x800'3421   0x13e  Code  Gb  snake.o [1]
Snake_ShowFood           0x800'3367    0x7c  Code  Gb  snake.o [1]
Snake_Start              0x800'3305    0x62  Code  Gb  snake.o [1]
Snake_Turn               0x800'33e3    0x3c  Code  Gb  snake.o [1]
StartDefaultTask         0x800'1fc9    0x1c  Code  Gb  freertos.o [1]
SysTick_Handler          0x800'8ed5     0x4  Code  Gb  stm32l4xx_it.o [1]
SystemClock_Config       0x800'4f8b    0xb2  Code  Gb  main.o [1]
SystemCoreClock         0x2000'4f50     0x4  Data  Gb  system_stm32l4xx.o [1]
SystemInit               0x800'8e3d    0x3c  Code  Gb  system_stm32l4xx.o [1]
TIM1_UP_TIM16_IRQHandler
                         0x800'8efd     0x6  Code  Gb  stm32l4xx_it.o [1]
TIM2_IRQHandler          0x800'8f03     0x6  Code  Gb  stm32l4xx_it.o [1]
TIM_Base_SetConfig       0x800'8aed    0x60  Code  Gb  stm32l4xx_hal_tim.o [1]
TIM_ETR_SetConfig        0x800'8bbb    0x14  Code  Gb  stm32l4xx_hal_tim.o [1]
TIM_ITRx_SetConfig       0x800'8bab    0x10  Code  Lc  stm32l4xx_hal_tim.o [1]
TIM_TI1_ConfigInputStage
                         0x800'8b65    0x22  Code  Lc  stm32l4xx_hal_tim.o [1]
TIM_TI2_ConfigInputStage
                         0x800'8b87    0x24  Code  Lc  stm32l4xx_hal_tim.o [1]
T_T                     0x2000'65e6     0x2  Data  Gb  mpu9250.o [1]
T_X                     0x2000'65e0     0x2  Data  Gb  mpu9250.o [1]
T_Y                     0x2000'65e2     0x2  Data  Gb  mpu9250.o [1]
T_Z                     0x2000'65e4     0x2  Data  Gb  mpu9250.o [1]
UART_AdvFeatureConfig    0x800'6b97   0x1b6  Code  Gb  stm32l4xx_hal_uart.o [1]
UART_CheckIdleState      0x800'6d83    0x5a  Code  Gb  stm32l4xx_hal_uart.o [1]
UART_DMAAbortOnError     0x800'6e61    0x10  Code  Lc  stm32l4xx_hal_uart.o [1]
UART_EndRxTransfer       0x800'6e41    0x20  Code  Lc  stm32l4xx_hal_uart.o [1]
UART_RxISR_16BIT         0x800'6ecf    0x5a  Code  Lc  stm32l4xx_hal_uart.o [1]
UART_RxISR_8BIT          0x800'6e71    0x50  Code  Lc  stm32l4xx_hal_uart.o [1]
UART_SetConfig           0x800'6885   0x300  Code  Gb  stm32l4xx_hal_uart.o [1]
UART_WaitOnFlagUntilTimeout
                         0x800'6ddd    0x58  Code  Gb  stm32l4xx_hal_uart.o [1]
UI_ShowTime              0x800'22e5   0x162  Code  Gb  freertos.o [1]
USART2_IRQHandler        0x800'8f09     0x6  Code  Gb  stm32l4xx_it.o [1]
UartRec                 0x2000'6468     0x1  Data  Gb  usart.o [1]
UsageFault_Handler       0x800'8ed1     0x2  Code  Gb  stm32l4xx_it.o [1]
WK_Flash_DataRead        0x800'3f1d     0xc  Code  Gb  flash.o [1]
WK_Flash_DataWrite       0x800'3edd    0x40  Code  Gb  flash.o [1]
ZH_FONT14               0x2000'1d78   0x578  Data  Gb  font.o [1]
ZH_FONT14_TAB           0x2000'1d44    0x34  Data  Gb  font.o [1]
ZH_FONT16               0x2000'2354   0xc80  Data  Gb  font.o [1]
ZH_FONT16_TAB           0x2000'22f0    0x64  Data  Gb  font.o [1]
_Encoding_8859_1_Mbrlen
                         0x800'12d1     0x2  Code  Gb  xencoding_8859_1.o [2]
_Encoding_8859_1_Wctomb
                         0x800'12bf    0x12  Code  Gb  xencoding_8859_1.o [2]
_Error_Handler           0x800'5141     0x2  Code  Gb  main.o [1]
_GenldFull               0x800'0de1   0x274  Code  Lc  xprintffull.o [2]
_LdtobFull               0x800'09b5   0x400  Code  Lc  xprintffull.o [2]
_LitobFull               0x800'085d   0x112  Code  Lc  xprintffull.o [2]
_Locale_lconv           0x2000'4f5c    0x38  Data  Lc  xlocale_c.o [2]
_PrintfFull              0x800'018d   0x1aa  Code  Gb  xprintffull.o [2]
_Prout                   0x800'8fef    0x16  Code  Gb  xprout.o [2]
_PutcharsFull            0x800'1055    0x2e  Code  Lc  xprintffull.o [2]
_PutfldFull              0x800'03c9   0x2d8  Code  Lc  xprintffull.o [2]
_PutstrFull              0x800'0797    0xc6  Code  Lc  xprintffull.o [2]
_PuttxtFull              0x800'06a1    0xf6  Code  Lc  xprintffull.o [2]
_Rand_idx               0x2000'63ec     0x4  Data  Lc  rand.o [2]
_Rand_rv                0x2000'636c    0x80  Data  Lc  rand.o [2]
_Randinit               0x2000'4f54     0x1  Data  Gb  rand.o [2]
_Randseed               0x2000'4f58     0x4  Data  Gb  rand.o [2]
_SProut                  0x800'133f     0xa  Code  Gb  xsprout.o [2]
__aeabi_cdcmple          0x800'1835          Code  Gb  DblCmpLe.o [3]
__aeabi_cdrcmple         0x800'1865          Code  Gb  DblCmpGe.o [3]
__aeabi_d2iz             0x800'19d1          Code  Gb  DblToS32.o [3]
__aeabi_d2uiz            0x800'1d5d          Code  Gb  DblToU32.o [3]
__aeabi_ddiv             0x800'1b15          Code  Gb  DblDiv.o [3]
__aeabi_dmul             0x800'1621          Code  Gb  DblMul.o [3]
__aeabi_dsub             0x800'1a31          Code  Gb  DblSub.o [3]
__aeabi_i2d              0x800'1a0d          Code  Gb  S32ToDbl.o [3]
__aeabi_ldiv0            0x800'1da5          Code  Gb  I64DivZer.o [4]
__aeabi_memclr4          0x800'3e95          Code  Gb  ABImemclr4.o [4]
__aeabi_memcpy           0x800'1349          Code  Gb  ABImemcpy.o [4]
__aeabi_memcpy4          0x800'1369          Code  Gb  ABImemcpy.o [4]
__aeabi_memcpy8          0x800'1369          Code  Gb  ABImemcpy.o [4]
__aeabi_memset4          0x800'5a05          Code  Gb  ABImemset48.o [4]
__aeabi_memset8          0x800'5a05          Code  Gb  ABImemset48.o [4]
__aeabi_ui2d             0x800'1d85          Code  Gb  U32ToDbl.o [3]
__aeabi_uldivmod         0x800'13f1          Code  Gb  I64DivMod.o [4]
__cmain                  0x800'8fbd          Code  Gb  cmain.o [4]
__exit                   0x800'1f15    0x14  Code  Gb  exit.o [5]
__iar_Fail_s             0x800'1249    0x1c  Code  Gb  xfail_s.o [2]
__iar_Mbcurmax           0x800'1335     0xa  Code  Gb  xmbcurmax.o [2]
__iar_Memchr             0x800'12dd          Code  Gb  memchr.o [4]
__iar_Memset4_word       0x800'5a0d          Code  Gb  ABImemset48.o [4]
__iar_Memset8_word       0x800'5a0d          Code  Gb  ABImemset48.o [4]
__iar_Stdout            0x2000'4fdc    0x48  Data  Gb  xfiles.o [2]
__iar_Strchr             0x800'11f9          Code  Gb  strchr.o [4]
__iar_dadd               0x800'1a41          Code  Gb  DblSub.o [3]
__iar_data_init3         0x800'8f51    0x28  Code  Gb  data_init.o [4]
__iar_dsub               0x800'1da9          Code  Gb  DblAdd.o [3]
__iar_dsubStart          0x800'1dbb          Code  Gb  DblAdd.o [3]
__iar_frexp              0x800'17d1          Code  Gb  frexp.o [3]
__iar_frexpl             0x800'17d1          Code  Gb  frexp.o [3]
__iar_globLocale        0x2000'4f94    0x48  Data  Lc  xlocale_c.o [2]
__iar_global_Locale      0x800'1181     0x4  Code  Gb  xlocale_c.o [2]
__iar_init_vfp           0x800'8f79          Code  Gb  fpinit_M.o [3]
__iar_ldexp64            0x800'1895          Code  Gb  ldexp.o [3]
__iar_lz77_init_single3
                         0x800'1107    0x7a  Code  Gb  lz77_init_single.o [4]
__iar_program_start      0x800'9021          Code  Gb  cstartup_M.o [4]
__iar_scalbln64          0x800'1895          Code  Gb  ldexp.o [3]
__iar_scalbn64           0x800'1895          Code  Gb  ldexp.o [3]
__iar_softfp___iar_frexp64
                         0x800'17c5          Code  Gb  frexp.o [3]
__iar_softfp_frexp       0x800'17c5          Code  Gb  frexp.o [3]
__iar_softfp_frexpl      0x800'17c5          Code  Gb  frexp.o [3]
__iar_zero_init3         0x800'120f    0x3a  Code  Gb  zero_init3.o [4]
__low_level_init         0x800'8fdb     0x4  Code  Gb  low_level_init.o [2]
__vector_table           0x800'0000          Data  Gb  startup_stm32l432xx.o [1]
_call_main               0x800'8fc9          Code  Gb  cmain.o [4]
_exit                    0x800'8fe5          Code  Gb  cexit.o [4]
_gLocale_mblen           0x800'11e5     0x4  Code  Gb  xlocale_c.o [2]
_gLocale_mblenInt        0x800'11a9    0x2c  Code  Gb  xlocale_c.o [2]
_gLocale_wctomb          0x800'11e9     0x4  Code  Gb  xlocale_c.o [2]
_gLocale_wctombInt       0x800'11e1     0x4  Code  Gb  xlocale_c.o [2]
_main                    0x800'8fd7          Code  Gb  cmain.o [4]
a_x                     0x2000'6472     0x2  Data  Gb  freertos.o [1]
a_y                     0x2000'6474     0x2  Data  Gb  freertos.o [1]
a_z                     0x2000'6476     0x2  Data  Gb  freertos.o [1]
abort                    0x800'1d9f     0x6  Code  Gb  abort.o [2]
assert_failed            0x800'5143     0x2  Code  Gb  main.o [1]
configureTimerForRunTimeStats
                         0x800'617b     0x2  Code  Wk  freertos.o [1]
dateStructure           0x2000'6604     0x4  Data  Gb  rtc.o [1]
defaultTaskHandle       0x2000'65d0     0x4  Data  Gb  freertos.o [1]
exit                     0x800'8fdf     0x4  Code  Gb  exit.o [2]
fputc                    0x800'63f1    0x10  Code  Gb  usart.o [1]
g_Food                  0x2000'4f22     0x2  Data  Gb  snake.o [1]
g_Head                  0x2000'4f20     0x2  Data  Gb  snake.o [1]
g_Length                0x2000'4f25     0x1  Data  Gb  snake.o [1]
g_NowDirect             0x2000'4f24     0x1  Data  Gb  snake.o [1]
g_PointerCoor           0x2000'6174    0xc8  Data  Gb  snake.o [1]
g_RunTime               0x2000'4f2c     0x4  Data  Gb  snake.o [1]
g_x                     0x2000'646c     0x2  Data  Gb  freertos.o [1]
g_y                     0x2000'646e     0x2  Data  Gb  freertos.o [1]
g_z                     0x2000'6470     0x2  Data  Gb  freertos.o [1]
getRunTimeCounterValue   0x800'617d     0x4  Code  Wk  freertos.o [1]
hi2c1                   0x2000'64c8    0x4c  Data  Gb  i2c.o [1]
hrtc                    0x2000'6594    0x24  Data  Gb  rtc.o [1]
htim1                   0x2000'6514    0x40  Data  Gb  stm32l4xx_hal_timebase_TIM.o [1]
htim2                   0x2000'6554    0x40  Data  Gb  tim.o [1]
huart2                  0x2000'63f0    0x78  Data  Gb  usart.o [1]
index                   0x2000'4f28     0x2  Data  Gb  snake.o [1]
keyPressed_BinSemHandle
                        0x2000'65c8     0x4  Data  Gb  freertos.o [1]
ldexp                    0x800'1895          Code  Gb  ldexp.o [3]
ldexpl                   0x800'1895          Code  Gb  ldexp.o [3]
localeconv               0x800'11ed     0x4  Code  Gb  xlocale_c.o [2]
main                     0x800'4f51    0x3a  Code  Gb  main.o [1]
makeFreeRtosPriority     0x800'2a1d     0xc  Code  Lc  cmsis_os.o [1]
memchr                   0x800'12dd          Code  Gb  memchr.o [4]
obuf                    0x2000'6478    0x50  Data  Lc  xfiles.o [2]
osDelay                  0x800'2a61     0xe  Code  Gb  cmsis_os.o [1]
osKernelStart            0x800'2a29     0xa  Code  Gb  cmsis_os.o [1]
osSemaphoreCreate        0x800'2a6f    0x26  Code  Gb  cmsis_os.o [1]
osSystickHandler         0x800'2a95    0x14  Code  Gb  cmsis_os.o [1]
osThreadCreate           0x800'2a33    0x2e  Code  Gb  cmsis_os.o [1]
osThreadResume           0x800'2ab3    0x2a  Code  Gb  cmsis_os.o [1]
osThreadSuspend          0x800'2aa9     0xa  Code  Gb  cmsis_os.o [1]
pFlash                  0x2000'4f30    0x20  Data  Gb  stm32l4xx_hal_flash.o [1]
poseControl_Handle      0x2000'65c0     0x4  Data  Gb  freertos.o [1]
poseControl_Task         0x800'22cf    0x16  Code  Gb  freertos.o [1]
printf                   0x800'2ae5    0x28  Code  Gb  printf.o [2]
prvAddCurrentTaskToDelayedList
                         0x800'49d9    0x5e  Code  Lc  tasks.o [1]
prvAddNewTaskToReadyList
                         0x800'4179    0xa0  Code  Lc  tasks.o [1]
prvCopyDataToQueue       0x800'4c8d    0x68  Code  Lc  queue.o [1]
prvDeleteTCB             0x800'4895    0x14  Code  Lc  tasks.o [1]
prvIdleTask              0x800'4855    0x40  Code  Lc  tasks.o [1]
prvInitialiseNewQueue    0x800'4afd    0x1e  Code  Lc  queue.o [1]
prvInitialiseNewTask     0x800'40f1    0x88  Code  Lc  tasks.o [1]
prvInsertBlockIntoFreeList
                         0x800'609d    0x46  Code  Lc  heap_4.o [1]
prvResetNextTaskUnblockTime
                         0x800'48a9    0x1a  Code  Lc  tasks.o [1]
prvSearchForNameWithinSingleList
                         0x800'4513    0x5c  Code  Lc  tasks.o [1]
prvTaskExitError         0x800'4d85    0x1c  Code  Lc  port.o [1]
prvTaskIsTaskSuspended   0x800'430b    0x2c  Code  Lc  tasks.o [1]
prvUnlockQueue           0x800'4cf5    0x64  Code  Lc  queue.o [1]
putchar                  0x800'9005     0xc  Code  Gb  putchar.o [2]
pvPortMalloc             0x800'5f39   0x102  Code  Gb  heap_4.o [1]
pxCurrentTCB            0x2000'6264     0x4  Data  Gb  tasks.o [1]
pxDelayedTaskList       0x2000'6268     0x4  Data  Lc  tasks.o [1]
pxEnd                   0x2000'502c     0x4  Data  Lc  heap_4.o [1]
pxOverflowDelayedTaskList
                        0x2000'626c     0x4  Data  Lc  tasks.o [1]
pxPortInitialiseStack    0x800'4d5d    0x26  Code  Gb  port.o [1]
pxReadyTasksLists       0x2000'62e0    0x8c  Data  Lc  tasks.o [1]
rand                     0x800'5865    0x94  Code  Gb  rand.o [2]
readKey_Handle          0x2000'65b8     0x4  Data  Gb  freertos.o [1]
readKey_Task             0x800'1fe5     0xc  Code  Gb  freertos.o [1]
scalbln                  0x800'1895          Code  Gb  ldexp.o [3]
scalblnl                 0x800'1895          Code  Gb  ldexp.o [3]
scalbn                   0x800'1895          Code  Gb  ldexp.o [3]
scalbnl                  0x800'1895          Code  Gb  ldexp.o [3]
scale                    0x800'096f    0x46  Code  Lc  xprintffull.o [2]
sec_hand                0x2000'660c     0x4  Data  Lc  xfail_s.o [2]
showUI_Handle           0x2000'65bc     0x4  Data  Gb  freertos.o [1]
showUI_Task              0x800'1ff1   0x2a4  Code  Gb  freertos.o [1]
snakeTimer_Handle       0x2000'65c4     0x4  Data  Gb  freertos.o [1]
snakeTimer_Task          0x800'3599    0x9a  Code  Gb  snake.o [1]
snake_BinSemHandle      0x2000'65cc     0x4  Data  Gb  freertos.o [1]
sprintf                  0x800'3e9d    0x40  Code  Gb  sprintf.o [2]
strchr                   0x800'11f9          Code  Gb  strchr.o [4]
strlen                   0x800'1289          Code  Gb  strlen.o [4]
timeStructure           0x2000'65e8    0x14  Data  Gb  rtc.o [1]
ucHeap                  0x2000'503c   0xbb8  Data  Lc  heap_4.o [1]
ucMaxSysCallPriority    0x2000'4f14     0x1  Data  Lc  port.o [1]
ulMaxPRIGROUPValue      0x2000'4f1c     0x4  Data  Lc  port.o [1]
ulTaskSwitchedInTime    0x2000'62b0     0x4  Data  Lc  tasks.o [1]
uwTick                  0x2000'6608     0x4  Data  Gb  stm32l4xx_hal.o [1]
uxCriticalNesting       0x2000'4f18     0x4  Data  Lc  port.o [1]
uxCurrentNumberOfTasks  0x2000'6288     0x4  Data  Lc  tasks.o [1]
uxDeletedTasksWaitingCleanUp
                        0x2000'6270     0x4  Data  Lc  tasks.o [1]
uxListRemove             0x800'6155    0x26  Code  Gb  list.o [1]
uxPendedTicks           0x2000'6298     0x4  Data  Lc  tasks.o [1]
uxSchedulerSuspended    0x2000'62ac     0x4  Data  Lc  tasks.o [1]
uxTaskNumber            0x2000'62a4     0x4  Data  Lc  tasks.o [1]
uxTopReadyPriority      0x2000'6290     0x4  Data  Lc  tasks.o [1]
vListInitialise          0x800'60e9    0x1a  Code  Gb  list.o [1]
vListInitialiseItem      0x800'6103     0x6  Code  Gb  list.o [1]
vListInsert              0x800'6123    0x32  Code  Gb  list.o [1]
vListInsertEnd           0x800'6109    0x1a  Code  Gb  list.o [1]
vPortEnableVFP           0x800'6215          Code  Gb  portasm.o [1]
vPortEnterCritical       0x800'4e45    0x32  Code  Gb  port.o [1]
vPortExitCritical        0x800'4e77    0x22  Code  Gb  port.o [1]
vPortFree                0x800'6049    0x46  Code  Gb  heap_4.o [1]
vPortStartFirstTask      0x800'61f5          Code  Gb  portasm.o [1]
vPortValidateInterruptPriority
                         0x800'4ec1    0x34  Code  Gb  port.o [1]
vTaskDelay               0x800'4219    0x2e  Code  Gb  tasks.o [1]
vTaskInternalSetTimeOutState
                         0x800'47c1     0xe  Code  Gb  tasks.o [1]
vTaskMissedYield         0x800'4849     0xa  Code  Gb  tasks.o [1]
vTaskPlaceOnEventList    0x800'4723    0x26  Code  Gb  tasks.o [1]
vTaskResume              0x800'433f    0x3c  Code  Gb  tasks.o [1]
vTaskStartScheduler      0x800'440d    0x58  Code  Gb  tasks.o [1]
vTaskSuspend             0x800'424d    0x66  Code  Gb  tasks.o [1]
vTaskSuspendAll          0x800'446d     0xc  Code  Gb  tasks.o [1]
vTaskSwitchContext       0x800'46b3    0x5c  Code  Gb  tasks.o [1]
xBlockAllocatedBit      0x2000'5038     0x4  Data  Lc  heap_4.o [1]
xDelayedTaskList1       0x2000'62b4    0x14  Data  Lc  tasks.o [1]
xDelayedTaskList2       0x2000'62c8    0x14  Data  Lc  tasks.o [1]
xFreeBytesRemaining     0x2000'5030     0x4  Data  Lc  heap_4.o [1]
xIdleTaskHandle         0x2000'62dc     0x4  Data  Lc  tasks.o [1]
xMinimumEverFreeBytesRemaining
                        0x2000'5034     0x4  Data  Lc  heap_4.o [1]
xNextTaskUnblockTime    0x2000'62a8     0x4  Data  Lc  tasks.o [1]
xNumOfOverflows         0x2000'62a0     0x4  Data  Lc  tasks.o [1]
xPendingReadyList       0x2000'623c    0x14  Data  Lc  tasks.o [1]
xPortStartScheduler      0x800'4da1    0xa4  Code  Gb  port.o [1]
xPortSysTickHandler      0x800'4e99    0x26  Code  Gb  port.o [1]
xQueueGenericCreate      0x800'4ac5    0x38  Code  Gb  queue.o [1]
xQueueGenericReset       0x800'4a4d    0x78  Code  Gb  queue.o [1]
xQueueGenericSend        0x800'4b1b   0x128  Code  Gb  queue.o [1]
xSchedulerRunning       0x2000'6294     0x4  Data  Lc  tasks.o [1]
xStart                  0x2000'5024     0x8  Data  Lc  heap_4.o [1]
xSuspendedTaskList      0x2000'6274    0x14  Data  Lc  tasks.o [1]
xTaskCheckForTimeOut     0x800'47cf    0x66  Code  Gb  tasks.o [1]
xTaskCreate              0x800'4099    0x58  Code  Gb  tasks.o [1]
xTaskGetHandle           0x800'456f    0x70  Code  Gb  tasks.o [1]
xTaskGetSchedulerState   0x800'48c3    0x18  Code  Gb  tasks.o [1]
xTaskIncrementTick       0x800'45f3    0xc0  Code  Gb  tasks.o [1]
xTaskPriorityDisinherit
                         0x800'48eb    0x72  Code  Gb  tasks.o [1]
xTaskRemoveFromEventList
                         0x800'474f    0x52  Code  Gb  tasks.o [1]
xTaskResumeAll           0x800'4479    0x92  Code  Gb  tasks.o [1]
xTaskResumeFromISR       0x800'4397    0x5c  Code  Gb  tasks.o [1]
xTasksWaitingTermination
                        0x2000'6250    0x14  Data  Lc  tasks.o [1]
xTickCount              0x2000'628c     0x4  Data  Lc  tasks.o [1]
xYieldPending           0x2000'629c     0x4  Data  Lc  tasks.o [1]


[1] = F:\System\Documents\CubeMX\L432Test1\EWARM\L432Test1\Obj
[2] = dl7M_tlf.a
[3] = m7M_tls.a
[4] = rt7M_tl.a
[5] = shb_l.a

  37 038 bytes of readonly  code memory
   6 571 bytes of readonly  data memory
  27 152 bytes of readwrite data memory

Errors: none
Warnings: none
