###############################################################################
#
# IAR ELF Linker V8.30.2.160/W32 for ARM                  28/Nov/2018  18:48:49
# Copyright 2007-2018 IAR Systems AB.
#
#    Output file  =  
#        F:\System\Documents\CubeMX\L432Test1\EWARM\L432Test1\Exe\L432Test1.out
#    Map file     =  
#        F:\System\Documents\CubeMX\L432Test1\EWARM\L432Test1\List\L432Test1.map
#    Command line =  
#        -f C:\Users\willc\AppData\Local\Temp\EW1587.tmp
#        (F:\System\Documents\CubeMX\L432Test1\EWARM\L432Test1\Obj\cmsis_os.o
#        F:\System\Documents\CubeMX\L432Test1\EWARM\L432Test1\Obj\croutine.o
#        F:\System\Documents\CubeMX\L432Test1\EWARM\L432Test1\Obj\event_groups.o
#        F:\System\Documents\CubeMX\L432Test1\EWARM\L432Test1\Obj\flash.o
#        F:\System\Documents\CubeMX\L432Test1\EWARM\L432Test1\Obj\font.o
#        F:\System\Documents\CubeMX\L432Test1\EWARM\L432Test1\Obj\freertos.o
#        F:\System\Documents\CubeMX\L432Test1\EWARM\L432Test1\Obj\gpio.o
#        F:\System\Documents\CubeMX\L432Test1\EWARM\L432Test1\Obj\heap_4.o
#        F:\System\Documents\CubeMX\L432Test1\EWARM\L432Test1\Obj\i2c.o
#        F:\System\Documents\CubeMX\L432Test1\EWARM\L432Test1\Obj\list.o
#        F:\System\Documents\CubeMX\L432Test1\EWARM\L432Test1\Obj\main.o
#        F:\System\Documents\CubeMX\L432Test1\EWARM\L432Test1\Obj\mpu9250.o
#        F:\System\Documents\CubeMX\L432Test1\EWARM\L432Test1\Obj\oled.o
#        F:\System\Documents\CubeMX\L432Test1\EWARM\L432Test1\Obj\port.o
#        F:\System\Documents\CubeMX\L432Test1\EWARM\L432Test1\Obj\portasm.o
#        F:\System\Documents\CubeMX\L432Test1\EWARM\L432Test1\Obj\queue.o
#        F:\System\Documents\CubeMX\L432Test1\EWARM\L432Test1\Obj\rtc.o
#        F:\System\Documents\CubeMX\L432Test1\EWARM\L432Test1\Obj\snake.o
#        F:\System\Documents\CubeMX\L432Test1\EWARM\L432Test1\Obj\startup_stm32l432xx.o
#        F:\System\Documents\CubeMX\L432Test1\EWARM\L432Test1\Obj\stm32l4xx_hal.o
#        F:\System\Documents\CubeMX\L432Test1\EWARM\L432Test1\Obj\stm32l4xx_hal_cortex.o
#        F:\System\Documents\CubeMX\L432Test1\EWARM\L432Test1\Obj\stm32l4xx_hal_dma.o
#        F:\System\Documents\CubeMX\L432Test1\EWARM\L432Test1\Obj\stm32l4xx_hal_dma_ex.o
#        F:\System\Documents\CubeMX\L432Test1\EWARM\L432Test1\Obj\stm32l4xx_hal_flash.o
#        F:\System\Documents\CubeMX\L432Test1\EWARM\L432Test1\Obj\stm32l4xx_hal_flash_ex.o
#        F:\System\Documents\CubeMX\L432Test1\EWARM\L432Test1\Obj\stm32l4xx_hal_flash_ramfunc.o
#        F:\System\Documents\CubeMX\L432Test1\EWARM\L432Test1\Obj\stm32l4xx_hal_gpio.o
#        F:\System\Documents\CubeMX\L432Test1\EWARM\L432Test1\Obj\stm32l4xx_hal_i2c.o
#        F:\System\Documents\CubeMX\L432Test1\EWARM\L432Test1\Obj\stm32l4xx_hal_i2c_ex.o
#        F:\System\Documents\CubeMX\L432Test1\EWARM\L432Test1\Obj\stm32l4xx_hal_msp.o
#        F:\System\Documents\CubeMX\L432Test1\EWARM\L432Test1\Obj\stm32l4xx_hal_pwr.o
#        F:\System\Documents\CubeMX\L432Test1\EWARM\L432Test1\Obj\stm32l4xx_hal_pwr_ex.o
#        F:\System\Documents\CubeMX\L432Test1\EWARM\L432Test1\Obj\stm32l4xx_hal_rcc.o
#        F:\System\Documents\CubeMX\L432Test1\EWARM\L432Test1\Obj\stm32l4xx_hal_rcc_ex.o
#        F:\System\Documents\CubeMX\L432Test1\EWARM\L432Test1\Obj\stm32l4xx_hal_rtc.o
#        F:\System\Documents\CubeMX\L432Test1\EWARM\L432Test1\Obj\stm32l4xx_hal_rtc_ex.o
#        F:\System\Documents\CubeMX\L432Test1\EWARM\L432Test1\Obj\stm32l4xx_hal_tim.o
#        F:\System\Documents\CubeMX\L432Test1\EWARM\L432Test1\Obj\stm32l4xx_hal_tim_ex.o
#        F:\System\Documents\CubeMX\L432Test1\EWARM\L432Test1\Obj\stm32l4xx_hal_timebase_TIM.o
#        F:\System\Documents\CubeMX\L432Test1\EWARM\L432Test1\Obj\stm32l4xx_hal_uart.o
#        F:\System\Documents\CubeMX\L432Test1\EWARM\L432Test1\Obj\stm32l4xx_hal_uart_ex.o
#        F:\System\Documents\CubeMX\L432Test1\EWARM\L432Test1\Obj\stm32l4xx_it.o
#        F:\System\Documents\CubeMX\L432Test1\EWARM\L432Test1\Obj\stream_buffer.o
#        F:\System\Documents\CubeMX\L432Test1\EWARM\L432Test1\Obj\system_stm32l4xx.o
#        F:\System\Documents\CubeMX\L432Test1\EWARM\L432Test1\Obj\tasks.o
#        F:\System\Documents\CubeMX\L432Test1\EWARM\L432Test1\Obj\tim.o
#        F:\System\Documents\CubeMX\L432Test1\EWARM\L432Test1\Obj\timers.o
#        F:\System\Documents\CubeMX\L432Test1\EWARM\L432Test1\Obj\usart.o
#        --redirect _Printf=_PrintfFull --redirect _Scanf=_ScanfFull
#        --no_out_extension -o
#        F:\System\Documents\CubeMX\L432Test1\EWARM\L432Test1\Exe\L432Test1.out
#        --map
#        F:\System\Documents\CubeMX\L432Test1\EWARM\L432Test1\List\L432Test1.map
#        --config
#        F:\System\Documents\CubeMX\L432Test1\EWARM/stm32l432xx_flash.icf
#        --semihosting --entry __iar_program_start --vfe --text_out locale)
#
###############################################################################

*******************************************************************************
*** RUNTIME MODEL ATTRIBUTES
***

CppFlavor       = *
__SystemLibrary = DLib
__dlib_version  = 6


*******************************************************************************
*** HEAP SELECTION
***

The basic heap was selected because no calls to memory allocation
functions were found in the application outside of system library
functions, and there are calls to deallocation functions in the
application.


*******************************************************************************
*** PLACEMENT SUMMARY
***

"A0":  place at 0x800'0000 { ro section .intvec };
"P1":  place in [from 0x800'0000 to 0x801'f800] { ro };
define block CSTACK with size = 1K, alignment = 8 { };
define block HEAP with size = 512, alignment = 8 { };
"P2":  place in [from 0x2000'0000 to 0x2000'ffff] {
          rw, block CSTACK, block HEAP };
initialize by copy { rw };

  Section            Kind         Address    Size  Object
  -------            ----         -------    ----  ------
"A0":                                       0x18c
  .intvec            ro code   0x800'0000   0x18c  startup_stm32l432xx.o [1]
                             - 0x800'018c   0x18c

"P1":                                      0xad0e
  .text              ro code   0x800'018c   0xf7a  xprintffull.o [2]
  .text              ro code   0x800'1106    0x7a  lz77_init_single.o [4]
  .text              ro code   0x800'1180    0x78  xlocale_c.o [2]
  .text              ro code   0x800'11f8    0x16  strchr.o [4]
  .text              ro code   0x800'120e    0x3a  zero_init3.o [4]
  .text              ro code   0x800'1248    0x40  xfail_s.o [2]
  .text              ro code   0x800'1288    0x36  strlen.o [4]
  .text              ro code   0x800'12be    0x1e  xencoding_8859_1.o [2]
  .text              ro code   0x800'12dc    0x58  memchr.o [4]
  .text              ro code   0x800'1334     0xa  xmbcurmax.o [2]
  .text              ro code   0x800'133e     0xa  xsprout.o [2]
  .text              ro code   0x800'1348    0xa6  ABImemcpy.o [4]
  .text              ro code   0x800'13f0   0x230  I64DivMod.o [4]
  .text              ro code   0x800'1620   0x1a2  DblMul.o [3]
  .text              ro code   0x800'17c4    0x70  frexp.o [3]
  .text              ro code   0x800'1834    0x2e  DblCmpLe.o [3]
  .text              ro code   0x800'1864    0x2e  DblCmpGe.o [3]
  .text              ro code   0x800'1894   0x13a  ldexp.o [3]
  .text              ro code   0x800'19d0    0x3a  DblToS32.o [3]
  .text              ro code   0x800'1a0c    0x22  S32ToDbl.o [3]
  .text              ro code   0x800'1a30    0xe2  DblSub.o [3]
  .text              ro code   0x800'1b14   0x246  DblDiv.o [3]
  .text              ro code   0x800'1d5c    0x28  DblToU32.o [3]
  .text              ro code   0x800'1d84    0x1a  U32ToDbl.o [3]
  .text              ro code   0x800'1d9e     0x6  abort.o [2]
  .text              ro code   0x800'1da4     0x2  I64DivZer.o [4]
  .text              ro code   0x800'1da8   0x16a  DblAdd.o [3]
  .text              ro code   0x800'1f14    0x14  exit.o [5]
  .text              ro code   0x800'1f28   0xc4c  freertos.o [1]
  .text              ro code   0x800'2b74   0x160  cmsis_os.o [1]
  .text              ro code   0x800'2cd4   0x344  stm32l4xx_hal_gpio.o [1]
  .text              ro code   0x800'3018   0x49e  oled.o [1]
  .text              ro code   0x800'34b8   0x37c  snake.o [1]
  .text              ro code   0x800'3834    0x40  sprintf.o [2]
  .text              ro code   0x800'3874   0x16c  mpu9250.o [1]
  .text              ro code   0x800'39e0   0x6a8  stm32l4xx_hal_rtc.o [1]
  .text              ro code   0x800'4088     0x6  ABImemclr4.o [4]
  .text              ro code   0x800'408e    0x4c  flash.o [1]
  .text              ro code   0x800'40dc   0x170  stm32l4xx_hal_rtc_ex.o [1]
  .text              ro code   0x800'424c   0xac8  tasks.o [1]
  .text              ro code   0x800'4d14   0x58c  queue.o [1]
  .text              ro code   0x800'52a0   0x1f4  port.o [1]
  .text              ro code   0x800'5494   0x114  main.o [1]
  .text              ro code   0x800'55a8   0x720  stm32l4xx_hal_i2c.o [1]
  .text              ro code   0x800'5cc8    0xa4  rand.o [2]
  .text              ro code   0x800'5d6c    0x28  printf.o [2]
  .text              ro code   0x800'5d94    0xf0  rtc.o [1]
  .text              ro code   0x800'5e84     0xc  stm32l4xx_hal.o [1]
  .text              ro code   0x800'5e90    0x3a  ABImemset48.o [4]
  .text              ro code   0x800'5ecc   0x2bc  stm32l4xx_hal_flash.o [1]
  .text              ro code   0x800'6188   0x23c  stm32l4xx_hal_flash_ex.o [1]
  .text              ro code   0x800'63c4   0x1b0  heap_4.o [1]
  .text              ro code   0x800'6574    0x92  list.o [1]
  .text              ro code   0x800'6606     0x2  freertos.o [1]
  .text              ro code   0x800'6608     0x4  freertos.o [1]
  CODE               ro code   0x800'660c    0xb0  portasm.o [1]
  .text              ro code   0x800'66bc    0x1e  stm32l4xx_hal.o [1]
  .text              ro code   0x800'66dc    0x80  gpio.o [1]
  .text              ro code   0x800'675c    0xec  i2c.o [1]
  .text              ro code   0x800'6848   0x108  usart.o [1]
  .text              ro code   0x800'6950    0xd4  tim.o [1]
  .text              ro code   0x800'6a24   0x9bc  stm32l4xx_hal_uart.o [1]
  .text              ro code   0x800'73e0    0x10  stm32l4xx_hal_pwr.o [1]
  .text              ro code   0x800'73f0   0x9d8  stm32l4xx_hal_rcc.o [1]
  .text              ro code   0x800'7dc8   0x604  stm32l4xx_hal_rcc_ex.o [1]
  .text              ro code   0x800'83cc    0xf8  stm32l4xx_hal_pwr_ex.o [1]
  .text              ro code   0x800'84c4   0x1b4  stm32l4xx_hal_cortex.o [1]
  .text              ro code   0x800'8678    0x10  stm32l4xx_hal.o [1]
  .text              ro code   0x800'8688    0x78  stm32l4xx_hal_timebase_TIM.o [1]
  .text              ro code   0x800'8700    0x8c  stm32l4xx_hal_msp.o [1]
  .text              ro code   0x800'878c   0x1f8  stm32l4xx_hal_i2c_ex.o [1]
  .text              ro code   0x800'8984   0x70c  stm32l4xx_hal_tim.o [1]
  .text              ro code   0x800'9090   0x1a4  stm32l4xx_hal_tim_ex.o [1]
  .text              ro code   0x800'9234    0x4a  stm32l4xx_hal_dma.o [1]
  .text              ro code   0x800'927e     0x2  stm32l4xx_hal_uart.o [1]
  .text              ro code   0x800'9280     0x2  stm32l4xx_hal_uart_ex.o [1]
  .text              ro code   0x800'9282     0x2  stm32l4xx_hal_uart.o [1]
  .text              ro code   0x800'9284     0x2  stm32l4xx_hal_tim.o [1]
  .text              ro code   0x800'9286     0x2  stm32l4xx_hal_tim.o [1]
  .text              ro code   0x800'9288     0x2  stm32l4xx_hal_tim_ex.o [1]
  .text              ro code   0x800'928a     0x2  stm32l4xx_hal_tim_ex.o [1]
  .text              ro code   0x800'928c     0x2  stm32l4xx_hal_tim.o [1]
  .text              ro code   0x800'928e     0x2  stm32l4xx_hal_tim_ex.o [1]
  .text              ro code   0x800'9290     0x2  stm32l4xx_hal_tim.o [1]
  .text              ro code   0x800'9294    0x8c  system_stm32l4xx.o [1]
  .rodata            const     0x800'9320    0x34  freertos.o [1]
  .text              ro code   0x800'9354    0x30  stm32l4xx_it.o [1]
  .text              ro code   0x800'9384    0x28  data_init.o [4]
  .text              ro code   0x800'93ac    0x22  fpinit_M.o [3]
  .iar.init_table    const     0x800'93d0    0x20  - Linker created -
  .text              ro code   0x800'93f0    0x1e  cmain.o [4]
  .text              ro code   0x800'940e     0x4  low_level_init.o [2]
  .text              ro code   0x800'9412     0x4  exit.o [2]
  .text              ro code   0x800'9418     0xa  cexit.o [4]
  .text              ro code   0x800'9422    0x16  xprout.o [2]
  .text              ro code   0x800'9438     0xc  putchar.o [2]
  .text              ro code   0x800'9444    0x10  startup_stm32l432xx.o [1]
  .text              ro code   0x800'9454     0xc  cstartup_M.o [4]
  .rodata            const     0x800'9460     0x8  system_stm32l4xx.o [1]
  .rodata            const     0x800'9468     0x6  xlocale_c.o [2]
  .text              ro code   0x800'946e     0x4  startup_stm32l432xx.o [1]
  .text              ro code   0x800'9472     0x4  startup_stm32l432xx.o [1]
  .text              ro code   0x800'9476     0x4  startup_stm32l432xx.o [1]
  .text              ro code   0x800'947a     0x4  startup_stm32l432xx.o [1]
  .text              ro code   0x800'947e     0x4  startup_stm32l432xx.o [1]
  .text              ro code   0x800'9482     0x4  startup_stm32l432xx.o [1]
  .text              ro code   0x800'9486     0x4  startup_stm32l432xx.o [1]
  .text              ro code   0x800'948a     0x4  startup_stm32l432xx.o [1]
  .text              ro code   0x800'948e     0x4  startup_stm32l432xx.o [1]
  .text              ro code   0x800'9492     0x4  startup_stm32l432xx.o [1]
  .text              ro code   0x800'9496     0x4  startup_stm32l432xx.o [1]
  .text              ro code   0x800'949a     0x4  startup_stm32l432xx.o [1]
  .text              ro code   0x800'949e     0x4  startup_stm32l432xx.o [1]
  .text              ro code   0x800'94a2     0x4  startup_stm32l432xx.o [1]
  .text              ro code   0x800'94a6     0x4  startup_stm32l432xx.o [1]
  .text              ro code   0x800'94aa     0x4  startup_stm32l432xx.o [1]
  .text              ro code   0x800'94ae     0x4  startup_stm32l432xx.o [1]
  .text              ro code   0x800'94b2     0x4  startup_stm32l432xx.o [1]
  .text              ro code   0x800'94b6     0x4  startup_stm32l432xx.o [1]
  .text              ro code   0x800'94ba     0x4  startup_stm32l432xx.o [1]
  .text              ro code   0x800'94be     0x4  startup_stm32l432xx.o [1]
  .text              ro code   0x800'94c2     0x4  startup_stm32l432xx.o [1]
  .text              ro code   0x800'94c6     0x4  startup_stm32l432xx.o [1]
  .text              ro code   0x800'94ca     0x4  startup_stm32l432xx.o [1]
  .text              ro code   0x800'94ce     0x4  startup_stm32l432xx.o [1]
  .text              ro code   0x800'94d2     0x4  startup_stm32l432xx.o [1]
  .text              ro code   0x800'94d6     0x4  startup_stm32l432xx.o [1]
  .text              ro code   0x800'94da     0x4  startup_stm32l432xx.o [1]
  .text              ro code   0x800'94de     0x4  startup_stm32l432xx.o [1]
  .text              ro code   0x800'94e2     0x4  startup_stm32l432xx.o [1]
  .text              ro code   0x800'94e6     0x4  startup_stm32l432xx.o [1]
  .text              ro code   0x800'94ea     0x4  startup_stm32l432xx.o [1]
  .text              ro code   0x800'94ee     0x4  startup_stm32l432xx.o [1]
  .text              ro code   0x800'94f2     0x4  startup_stm32l432xx.o [1]
  .text              ro code   0x800'94f6     0x4  startup_stm32l432xx.o [1]
  .text              ro code   0x800'94fa     0x4  startup_stm32l432xx.o [1]
  .text              ro code   0x800'94fe     0x4  startup_stm32l432xx.o [1]
  .text              ro code   0x800'9502     0x4  startup_stm32l432xx.o [1]
  .text              ro code   0x800'9506     0x4  startup_stm32l432xx.o [1]
  .text              ro code   0x800'950a     0x4  startup_stm32l432xx.o [1]
  .text              ro code   0x800'950e     0x4  startup_stm32l432xx.o [1]
  .text              ro code   0x800'9512     0x4  startup_stm32l432xx.o [1]
  .text              ro code   0x800'9516     0x4  startup_stm32l432xx.o [1]
  .text              ro code   0x800'951a     0x4  startup_stm32l432xx.o [1]
  .text              ro code   0x800'951e     0x4  startup_stm32l432xx.o [1]
  .text              ro code   0x800'9522     0x4  startup_stm32l432xx.o [1]
  .text              ro code   0x800'9526     0x4  startup_stm32l432xx.o [1]
  .text              ro code   0x800'952a     0x4  startup_stm32l432xx.o [1]
  .text              ro code   0x800'952e     0x4  startup_stm32l432xx.o [1]
  .text              ro code   0x800'9532     0x4  startup_stm32l432xx.o [1]
  .text              ro code   0x800'9536     0x4  startup_stm32l432xx.o [1]
  .text              ro code   0x800'953a     0x4  startup_stm32l432xx.o [1]
  .text              ro code   0x800'953e     0x4  startup_stm32l432xx.o [1]
  .text              ro code   0x800'9542     0x4  startup_stm32l432xx.o [1]
  .text              ro code   0x800'9546     0x4  startup_stm32l432xx.o [1]
  .text              ro code   0x800'954a     0x4  startup_stm32l432xx.o [1]
  .text              ro code   0x800'954e     0x4  startup_stm32l432xx.o [1]
  .rodata            const     0x800'9552     0x0  zero_init3.o [4]
  .rodata            const     0x800'9552     0x0  lz77_init_single.o [4]
  Initializer bytes  const     0x800'9552  0x1948  <for P2-1>
                             - 0x800'ae9a  0xad0e

"P2", part 1 of 3:                         0x5024
  P2-1                        0x2000'0000  0x5024  <Init block>
    .data            inited   0x2000'0000   0x280  font.o [1]
    .data            inited   0x2000'0280   0x5a0  font.o [1]
    .data            inited   0x2000'0820   0xa00  font.o [1]
    .data            inited   0x2000'1220   0x534  font.o [1]
    .data            inited   0x2000'1754   0x5f0  font.o [1]
    .data            inited   0x2000'1d44    0x34  font.o [1]
    .data            inited   0x2000'1d78   0x578  font.o [1]
    .data            inited   0x2000'22f0    0x64  font.o [1]
    .data            inited   0x2000'2354   0xc80  font.o [1]
    .data            inited   0x2000'2fd4   0xb40  font.o [1]
    .data            inited   0x2000'3b14  0x1400  font.o [1]
    .data            inited   0x2000'4f14     0xc  port.o [1]
    .data            inited   0x2000'4f20    0x10  snake.o [1]
    .data            inited   0x2000'4f30    0x20  stm32l4xx_hal_flash.o [1]
    .data            inited   0x2000'4f50     0x4  system_stm32l4xx.o [1]
    .data            inited   0x2000'4f54     0x8  rand.o [2]
    .data            inited   0x2000'4f5c    0x38  xlocale_c.o [2]
    .data            inited   0x2000'4f94    0x48  xlocale_c.o [2]
    .data            inited   0x2000'4fdc    0x48  xfiles.o [2]
                            - 0x2000'5024  0x5024

"P2", part 2 of 3:                         0x15e8
  .bss               zero     0x2000'5024   0xbd0  heap_4.o [1]
  .bss               zero     0x2000'5bf4   0x580  oled.o [1]
  .bss               zero     0x2000'6174    0xc8  snake.o [1]
  .bss               zero     0x2000'623c    0xa4  tasks.o [1]
  .bss               zero     0x2000'62e0    0x8c  tasks.o [1]
  .bss               zero     0x2000'636c    0x84  rand.o [2]
  .bss               zero     0x2000'63f0    0x79  usart.o [1]
  .bss               zero     0x2000'646c    0x50  xfiles.o [2]
  .bss               zero     0x2000'64bc    0x4c  i2c.o [1]
  .bss               zero     0x2000'6508    0x40  stm32l4xx_hal_timebase_TIM.o [1]
  .bss               zero     0x2000'6548    0x40  tim.o [1]
  .bss               zero     0x2000'6588    0x2c  freertos.o [1]
  .bss               zero     0x2000'65b4    0x24  rtc.o [1]
  .bss               zero     0x2000'65d8    0x14  mpu9250.o [1]
  .bss               zero     0x2000'65ec    0x14  rtc.o [1]
  .bss               zero     0x2000'6600     0x4  rtc.o [1]
  .bss               zero     0x2000'6604     0x4  stm32l4xx_hal.o [1]
  .bss               zero     0x2000'6608     0x4  xfail_s.o [2]
                            - 0x2000'660c  0x15e8

"P2", part 3 of 3:                          0x400
  CSTACK                      0x2000'6610   0x400  <Block>
    CSTACK           uninit   0x2000'6610   0x400  <Block tail>
                            - 0x2000'6a10   0x400

Unused ranges:

         From           To      Size
         ----           --      ----
   0x800'ae9a   0x801'f800  0x1'4967
  0x2000'660c  0x2000'660f       0x4
  0x2000'6a10  0x2000'ffff    0x95f0


*******************************************************************************
*** INIT TABLE
***

          Address      Size
          -------      ----
Zero (__iar_zero_init3)
    1 destination range, total size 0x15e8:
          0x2000'5024  0x15e8

Copy/lz77 (__iar_lz77_init_single3)
    1 source range, total size 0x1948 (31% of destination):
           0x800'9552  0x1948
    1 destination range, total size 0x5024:
          0x2000'0000  0x5024



*******************************************************************************
*** MODULE SUMMARY
***

    Module                        ro code  ro data  rw data
    ------                        -------  -------  -------
command line/config:
    -------------------------------------------------------
    Total:

F:\System\Documents\CubeMX\L432Test1\EWARM\L432Test1\Obj: [1]
    cmsis_os.o                        352
    flash.o                            76
    font.o                                   6 386   20 244
    freertos.o                      3 154       52       44
    gpio.o                            128
    heap_4.o                          432             3 024
    i2c.o                             236                76
    list.o                            146
    main.o                            276
    mpu9250.o                         364                20
    oled.o                          1 182             1 408
    port.o                            500        3       12
    portasm.o                         176
    queue.o                         1 420
    rtc.o                             240                60
    snake.o                           892        6      216
    startup_stm32l432xx.o             640
    stm32l4xx_hal.o                    58                 4
    stm32l4xx_hal_cortex.o            436
    stm32l4xx_hal_dma.o                74
    stm32l4xx_hal_flash.o             700       10       32
    stm32l4xx_hal_flash_ex.o          572
    stm32l4xx_hal_gpio.o              836
    stm32l4xx_hal_i2c.o             1 824
    stm32l4xx_hal_i2c_ex.o            504
    stm32l4xx_hal_msp.o               140
    stm32l4xx_hal_pwr.o                16
    stm32l4xx_hal_pwr_ex.o            248
    stm32l4xx_hal_rcc.o             2 520
    stm32l4xx_hal_rcc_ex.o          1 540
    stm32l4xx_hal_rtc.o             1 704
    stm32l4xx_hal_rtc_ex.o            368
    stm32l4xx_hal_tim.o             1 812
    stm32l4xx_hal_tim_ex.o            426
    stm32l4xx_hal_timebase_TIM.o      120                64
    stm32l4xx_hal_uart.o            2 496
    stm32l4xx_hal_uart_ex.o             2
    stm32l4xx_it.o                     48
    system_stm32l4xx.o                140        9        4
    tasks.o                         2 760               304
    tim.o                             212                64
    usart.o                           264               121
    -------------------------------------------------------
    Total:                         30 034    6 466   25 697

dl7M_tlf.a: [2]
    abort.o                             6
    exit.o                              4
    low_level_init.o                    4
    printf.o                           40
    putchar.o                          12
    rand.o                            164        2      140
    sprintf.o                          64
    xencoding_8859_1.o                 30
    xfail_s.o                          64                 4
    xfiles.o                                    23      152
    xlocale_c.o                       120       47      128
    xmbcurmax.o                        10
    xprintffull.o                   3 962
    xprout.o                           22
    xsprout.o                          10
    -------------------------------------------------------
    Total:                          4 512       72      424

m7M_tls.a: [3]
    DblAdd.o                          362
    DblCmpGe.o                         46
    DblCmpLe.o                         46
    DblDiv.o                          582
    DblMul.o                          418
    DblSub.o                          226
    DblToS32.o                         58
    DblToU32.o                         40
    S32ToDbl.o                         34
    U32ToDbl.o                         26
    fpinit_M.o                         34
    frexp.o                           112
    ldexp.o                           314
    -------------------------------------------------------
    Total:                          2 298

rt7M_tl.a: [4]
    ABImemclr4.o                        6
    ABImemcpy.o                       166
    ABImemset48.o                      58
    I64DivMod.o                       560
    I64DivZer.o                         2
    cexit.o                            10
    cmain.o                            30
    cstartup_M.o                       12
    data_init.o                        40
    lz77_init_single.o                122
    memchr.o                           88
    strchr.o                           22
    strlen.o                           54
    zero_init3.o                       58
    -------------------------------------------------------
    Total:                          1 228

shb_l.a: [5]
    exit.o                             20
    -------------------------------------------------------
    Total:                             20

    Gaps                               34        2        3
    Linker created                              32    1 024
-----------------------------------------------------------
    Grand Total:                   38 126    6 572   27 148


*******************************************************************************
*** ENTRY LIST
***

Entry                       Address    Size  Type      Object
-----                       -------    ----  ----      ------
.iar.init_table$$Base    0x800'93d0           --   Gb  - Linker created -
.iar.init_table$$Limit   0x800'93f0           --   Gb  - Linker created -
?main                    0x800'93f1          Code  Gb  cmain.o [4]
AHBPrescTable            0x800'92e0    0x10  Data  Gb  system_stm32l4xx.o [1]
APBPrescTable            0x800'9460     0x8  Data  Gb  system_stm32l4xx.o [1]
AdjustBrightness         0x800'270b    0x68  Code  Gb  freertos.o [1]
AdjustTime               0x800'2779   0x2e4  Code  Gb  freertos.o [1]
BUF                     0x2000'65d8     0xc  Data  Gb  mpu9250.o [1]
BusFault_Handler         0x800'935b     0x2  Code  Gb  stm32l4xx_it.o [1]
CSTACK$$Base            0x2000'6610           --   Gb  - Linker created -
CSTACK$$Limit           0x2000'6a10           --   Gb  - Linker created -
CacheMore                0x800'1185    0x24  Code  Lc  xlocale_c.o [2]
DebugMon_Handler         0x800'935f     0x2  Code  Gb  stm32l4xx_it.o [1]
EN_FONT14               0x2000'1220   0x534  Data  Gb  font.o [1]
EN_FONT16               0x2000'1754   0x5f0  Data  Gb  font.o [1]
Exit                    0x2000'4f26     0x1  Data  Gb  snake.o [1]
FLASH_FlushCaches        0x800'62eb    0x52  Code  Gb  stm32l4xx_hal_flash_ex.o [1]
FLASH_MassErase          0x800'626b    0x2a  Code  Lc  stm32l4xx_hal_flash_ex.o [1]
FLASH_PageErase          0x800'629d    0x4e  Code  Gb  stm32l4xx_hal_flash_ex.o [1]
FLASH_Program_DoubleWord
                         0x800'6013    0x72  Code  Lc  stm32l4xx_hal_flash.o [1]
FLASH_Program_Fast       0x800'608f    0x6e  Code  Lc  stm32l4xx_hal_flash.o [1]
FLASH_WaitForLastOperation
                         0x800'5f9d    0x5c  Code  Gb  stm32l4xx_hal_flash.o [1]
HAL_DMA_Abort_IT         0x800'9235    0x4a  Code  Gb  stm32l4xx_hal_dma.o [1]
HAL_FLASHEx_Erase        0x800'6189    0xe2  Code  Gb  stm32l4xx_hal_flash_ex.o [1]
HAL_FLASH_Lock           0x800'5f8d     0xa  Code  Gb  stm32l4xx_hal_flash.o [1]
HAL_FLASH_Program        0x800'5ecd    0xa0  Code  Gb  stm32l4xx_hal_flash.o [1]
HAL_FLASH_Unlock         0x800'5f6d    0x20  Code  Gb  stm32l4xx_hal_flash.o [1]
HAL_GPIO_Init            0x800'2cd5   0x236  Code  Gb  stm32l4xx_hal_gpio.o [1]
HAL_GPIO_ReadPin         0x800'2f19    0x1c  Code  Gb  stm32l4xx_hal_gpio.o [1]
HAL_GPIO_TogglePin       0x800'2f75    0x18  Code  Gb  stm32l4xx_hal_gpio.o [1]
HAL_GPIO_WritePin        0x800'2f41    0x34  Code  Gb  stm32l4xx_hal_gpio.o [1]
HAL_GetTick              0x800'5e85     0xc  Code  Wk  stm32l4xx_hal.o [1]
HAL_I2CEx_ConfigAnalogFilter
                         0x800'878d    0x66  Code  Gb  stm32l4xx_hal_i2c_ex.o [1]
HAL_I2CEx_ConfigDigitalFilter
                         0x800'87f3    0x46  Code  Gb  stm32l4xx_hal_i2c_ex.o [1]
HAL_I2CEx_EnableFastModePlus
                         0x800'887f    0x48  Code  Gb  stm32l4xx_hal_i2c_ex.o [1]
HAL_I2C_Init             0x800'55a9   0x156  Code  Gb  stm32l4xx_hal_i2c.o [1]
HAL_I2C_Mem_Read         0x800'5875    0xdc  Code  Gb  stm32l4xx_hal_i2c.o [1]
HAL_I2C_Mem_Write        0x800'5735    0xce  Code  Gb  stm32l4xx_hal_i2c.o [1]
HAL_I2C_MspInit          0x800'67bd    0x42  Code  Gb  i2c.o [1]
HAL_IncTick              0x800'8679    0x10  Code  Wk  stm32l4xx_hal.o [1]
HAL_Init                 0x800'66bd    0x1e  Code  Gb  stm32l4xx_hal.o [1]
HAL_InitTick             0x800'8689    0x66  Code  Gb  stm32l4xx_hal_timebase_TIM.o [1]
HAL_MspInit              0x800'8701    0x8c  Code  Gb  stm32l4xx_hal_msp.o [1]
HAL_NVIC_EnableIRQ       0x800'857f    0x18  Code  Gb  stm32l4xx_hal_cortex.o [1]
HAL_NVIC_SetPriority     0x800'851d    0x62  Code  Gb  stm32l4xx_hal_cortex.o [1]
HAL_NVIC_SetPriorityGrouping
                         0x800'84e3    0x3a  Code  Gb  stm32l4xx_hal_cortex.o [1]
HAL_PWREx_ControlVoltageScaling
                         0x800'83d9    0x78  Code  Gb  stm32l4xx_hal_pwr_ex.o [1]
HAL_PWREx_GetVoltageRange
                         0x800'83cd     0xc  Code  Gb  stm32l4xx_hal_pwr_ex.o [1]
HAL_PWR_EnableBkUpAccess
                         0x800'73e1     0xc  Code  Gb  stm32l4xx_hal_pwr.o [1]
HAL_RCCEx_EnableMSIPLLMode
                         0x800'8185     0xe  Code  Gb  stm32l4xx_hal_rcc_ex.o [1]
HAL_RCCEx_PeriphCLKConfig
                         0x800'7dc9   0x3ae  Code  Gb  stm32l4xx_hal_rcc_ex.o [1]
HAL_RCC_ClockConfig      0x800'79c9   0x1b8  Code  Gb  stm32l4xx_hal_rcc.o [1]
HAL_RCC_GetClockConfig   0x800'7c69    0x52  Code  Gb  stm32l4xx_hal_rcc.o [1]
HAL_RCC_GetHCLKFreq      0x800'7c39     0x6  Code  Gb  stm32l4xx_hal_rcc.o [1]
HAL_RCC_GetPCLK1Freq     0x800'7c3f    0x10  Code  Gb  stm32l4xx_hal_rcc.o [1]
HAL_RCC_GetPCLK2Freq     0x800'7c4f     0xe  Code  Gb  stm32l4xx_hal_rcc.o [1]
HAL_RCC_GetSysClockFreq
                         0x800'7ba3    0x96  Code  Gb  stm32l4xx_hal_rcc.o [1]
HAL_RCC_OscConfig        0x800'73f1   0x5b4  Code  Gb  stm32l4xx_hal_rcc.o [1]
HAL_RTCEx_SetWakeUpTimer
                         0x800'40dd    0xa0  Code  Gb  stm32l4xx_hal_rtc_ex.o [1]
HAL_RTC_GetDate          0x800'3eef    0x48  Code  Gb  stm32l4xx_hal_rtc.o [1]
HAL_RTC_GetTime          0x800'3d19    0x50  Code  Gb  stm32l4xx_hal_rtc.o [1]
HAL_RTC_Init             0x800'39e1   0x14a  Code  Gb  stm32l4xx_hal_rtc.o [1]
HAL_RTC_MspInit          0x800'5e31    0x14  Code  Gb  rtc.o [1]
HAL_RTC_SetDate          0x800'3d69   0x168  Code  Gb  stm32l4xx_hal_rtc.o [1]
HAL_RTC_SetTime          0x800'3b39   0x1ca  Code  Gb  stm32l4xx_hal_rtc.o [1]
HAL_RTC_WaitForSynchro   0x800'3fad    0x32  Code  Gb  stm32l4xx_hal_rtc.o [1]
HAL_SYSTICK_CLKSourceConfig
                         0x800'85db    0x26  Code  Gb  stm32l4xx_hal_cortex.o [1]
HAL_SYSTICK_Config       0x800'85a3    0x28  Code  Gb  stm32l4xx_hal_cortex.o [1]
HAL_TIMEx_Break2Callback
                         0x800'928b     0x2  Code  Wk  stm32l4xx_hal_tim_ex.o [1]
HAL_TIMEx_BreakCallback
                         0x800'9289     0x2  Code  Wk  stm32l4xx_hal_tim_ex.o [1]
HAL_TIMEx_CommutationCallback
                         0x800'928f     0x2  Code  Wk  stm32l4xx_hal_tim_ex.o [1]
HAL_TIMEx_MasterConfigSynchronization
                         0x800'9091   0x12e  Code  Gb  stm32l4xx_hal_tim_ex.o [1]
HAL_TIM_Base_Init        0x800'8985    0x90  Code  Gb  stm32l4xx_hal_tim.o [1]
HAL_TIM_Base_MspInit     0x800'69b3    0x34  Code  Gb  tim.o [1]
HAL_TIM_Base_Start_IT    0x800'8a15    0x56  Code  Gb  stm32l4xx_hal_tim.o [1]
HAL_TIM_ConfigClockSource
                         0x800'8c53   0x2ba  Code  Gb  stm32l4xx_hal_tim.o [1]
HAL_TIM_IRQHandler       0x800'8af1   0x15c  Code  Gb  stm32l4xx_hal_tim.o [1]
HAL_TIM_PeriodElapsedCallback
                         0x800'5581     0xe  Code  Gb  main.o [1]
HAL_UARTEx_WakeupCallback
                         0x800'9281     0x2  Code  Wk  stm32l4xx_hal_uart_ex.o [1]
HAL_UART_IRQHandler      0x800'6b7d   0x144  Code  Gb  stm32l4xx_hal_uart.o [1]
HAL_UART_Init            0x800'6a25    0x6c  Code  Gb  stm32l4xx_hal_uart.o [1]
HAL_UART_MspInit         0x800'6891    0x54  Code  Gb  usart.o [1]
HAL_UART_Receive_IT      0x800'6add    0x9a  Code  Gb  stm32l4xx_hal_uart.o [1]
HAL_UART_RxCpltCallback
                         0x800'68e5    0x26  Code  Gb  usart.o [1]
HardFault_Handler        0x800'9357     0x2  Code  Gb  stm32l4xx_it.o [1]
I2C_Flush_TXDR           0x800'5a77    0x1c  Code  Lc  stm32l4xx_hal_i2c.o [1]
I2C_IsAcknowledgeFailed
                         0x800'5b5b    0x68  Code  Lc  stm32l4xx_hal_i2c.o [1]
I2C_RequestMemoryRead    0x800'5a13    0x34  Code  Lc  stm32l4xx_hal_i2c.o [1]
I2C_RequestMemoryWrite   0x800'59dd    0x36  Code  Lc  stm32l4xx_hal_i2c.o [1]
I2C_TransferConfig       0x800'5bcd    0x82  Code  Lc  stm32l4xx_hal_i2c.o [1]
I2C_WaitOnFlagUntilTimeout
                         0x800'5a93    0x42  Code  Lc  stm32l4xx_hal_i2c.o [1]
I2C_WaitOnSTOPFlagUntilTimeout
                         0x800'5b23    0x30  Code  Lc  stm32l4xx_hal_i2c.o [1]
I2C_WaitOnTXISFlagUntilTimeout
                         0x800'5ad5    0x36  Code  Lc  stm32l4xx_hal_i2c.o [1]
IMG48                   0x2000'2fd4   0xb40  Data  Gb  font.o [1]
IMG64                   0x2000'3b14  0x1400  Data  Gb  font.o [1]
Init_MPU9250             0x800'38bd    0x2e  Code  Gb  mpu9250.o [1]
KeyValue                0x2000'6588     0x1  Data  Gb  freertos.o [1]
LoadInt                  0x800'034f    0x7a  Code  Lc  xprintffull.o [2]
MSIRangeTable            0x800'92f0    0x30  Data  Gb  system_stm32l4xx.o [1]
MX_FREERTOS_Init         0x800'1f29    0x92  Code  Gb  freertos.o [1]
MX_GPIO_Init             0x800'66dd    0x6e  Code  Gb  gpio.o [1]
MX_I2C1_Init             0x800'675d    0x60  Code  Gb  i2c.o [1]
MX_RTC_Init              0x800'5d95    0x96  Code  Gb  rtc.o [1]
MX_TIM2_Init             0x800'6951    0x62  Code  Gb  tim.o [1]
MX_USART2_UART_Init      0x800'6859    0x38  Code  Gb  usart.o [1]
MemManage_Handler        0x800'9359     0x2  Code  Gb  stm32l4xx_it.o [1]
NMI_Handler              0x800'9355     0x2  Code  Gb  stm32l4xx_it.o [1]
NUM_FONT32              0x2000'0000   0x280  Data  Gb  font.o [1]
NUM_FONT48              0x2000'0280   0x5a0  Data  Gb  font.o [1]
NUM_FONT64              0x2000'0820   0xa00  Data  Gb  font.o [1]
NVIC_SetPriority         0x800'84c5    0x1e  Code  Lc  stm32l4xx_hal_cortex.o [1]
OLED_Clear               0x800'30b3     0x2  Code  Gb  oled.o [1]
OLED_DrawPoint           0x800'3079    0x3a  Code  Gb  oled.o [1]
OLED_GRAM               0x2000'5bf4   0x580  Data  Gb  oled.o [1]
OLED_Init                0x800'33a5    0xd4  Code  Gb  oled.o [1]
OLED_Refresh_Gram        0x800'303d    0x3c  Code  Gb  oled.o [1]
OLED_Show_EN             0x800'315b    0xb0  Code  Gb  oled.o [1]
OLED_Show_Num            0x800'30b5    0xa6  Code  Gb  oled.o [1]
OLED_Show_Pic            0x800'32f3    0x62  Code  Gb  oled.o [1]
OLED_Show_StrAll         0x800'3355    0x4a  Code  Gb  oled.o [1]
OLED_Show_ZH             0x800'320b    0xd6  Code  Gb  oled.o [1]
OLED_Write               0x800'3019    0x24  Code  Gb  oled.o [1]
PendSV_Handler           0x800'660d          Code  Gb  portasm.o [1]
RCCEx_PLLSAI1_Config     0x800'81a5   0x1a6  Code  Lc  stm32l4xx_hal_rcc_ex.o [1]
RCC_SetFlashLatencyFromMSIRange
                         0x800'7cc5    0x74  Code  Lc  stm32l4xx_hal_rcc.o [1]
READ_MPU9250_ACCEL       0x800'38eb    0x4c  Code  Gb  mpu9250.o [1]
READ_MPU9250_GYRO        0x800'3945    0x6e  Code  Gb  mpu9250.o [1]
RTC_ByteToBcd2           0x800'4015    0x16  Code  Gb  stm32l4xx_hal_rtc.o [1]
RTC_EnterInitMode        0x800'3fdf    0x36  Code  Gb  stm32l4xx_hal_rtc.o [1]
Region$$Table$$Base      0x800'93d0           --   Gb  - Linker created -
Region$$Table$$Limit     0x800'93f0           --   Gb  - Linker created -
SVC_Handler              0x800'6665          Code  Gb  portasm.o [1]
ShowPose                 0x800'2635    0xa4  Code  Gb  freertos.o [1]
Single_Read              0x800'3893    0x2a  Code  Gb  mpu9250.o [1]
Single_Write             0x800'3875    0x1e  Code  Gb  mpu9250.o [1]
Snake_DrawPoint          0x800'371d    0x30  Code  Gb  snake.o [1]
Snake_ShowBody           0x800'35d5   0x13e  Code  Gb  snake.o [1]
Snake_ShowFood           0x800'351b    0x7c  Code  Gb  snake.o [1]
Snake_Start              0x800'34b9    0x62  Code  Gb  snake.o [1]
Snake_Turn               0x800'3597    0x3c  Code  Gb  snake.o [1]
StartDefaultTask         0x800'2027     0xc  Code  Gb  freertos.o [1]
SysTick_Handler          0x800'9361     0x4  Code  Gb  stm32l4xx_it.o [1]
SystemClock_Config       0x800'54cf    0xb2  Code  Gb  main.o [1]
SystemCoreClock         0x2000'4f50     0x4  Data  Gb  system_stm32l4xx.o [1]
SystemInit               0x800'9295    0x3c  Code  Gb  system_stm32l4xx.o [1]
TIM1_UP_TIM16_IRQHandler
                         0x800'9365     0x6  Code  Gb  stm32l4xx_it.o [1]
TIM2_IRQHandler          0x800'936b     0x6  Code  Gb  stm32l4xx_it.o [1]
TIM_Base_SetConfig       0x800'8f45    0x60  Code  Gb  stm32l4xx_hal_tim.o [1]
TIM_ETR_SetConfig        0x800'9013    0x14  Code  Gb  stm32l4xx_hal_tim.o [1]
TIM_ITRx_SetConfig       0x800'9003    0x10  Code  Lc  stm32l4xx_hal_tim.o [1]
TIM_TI1_ConfigInputStage
                         0x800'8fbd    0x22  Code  Lc  stm32l4xx_hal_tim.o [1]
TIM_TI2_ConfigInputStage
                         0x800'8fdf    0x24  Code  Lc  stm32l4xx_hal_tim.o [1]
T_T                     0x2000'65ea     0x2  Data  Gb  mpu9250.o [1]
T_X                     0x2000'65e4     0x2  Data  Gb  mpu9250.o [1]
T_Y                     0x2000'65e6     0x2  Data  Gb  mpu9250.o [1]
T_Z                     0x2000'65e8     0x2  Data  Gb  mpu9250.o [1]
UART_AdvFeatureConfig    0x800'6fef   0x1b6  Code  Gb  stm32l4xx_hal_uart.o [1]
UART_CheckIdleState      0x800'71db    0x5a  Code  Gb  stm32l4xx_hal_uart.o [1]
UART_DMAAbortOnError     0x800'72b9    0x10  Code  Lc  stm32l4xx_hal_uart.o [1]
UART_EndRxTransfer       0x800'7299    0x20  Code  Lc  stm32l4xx_hal_uart.o [1]
UART_RxISR_16BIT         0x800'7327    0x5a  Code  Lc  stm32l4xx_hal_uart.o [1]
UART_RxISR_8BIT          0x800'72c9    0x50  Code  Lc  stm32l4xx_hal_uart.o [1]
UART_SetConfig           0x800'6cdd   0x300  Code  Gb  stm32l4xx_hal_uart.o [1]
UART_WaitOnFlagUntilTimeout
                         0x800'7235    0x58  Code  Gb  stm32l4xx_hal_uart.o [1]
UI_ShowTime              0x800'240d   0x228  Code  Gb  freertos.o [1]
USART2_IRQHandler        0x800'9371     0x6  Code  Gb  stm32l4xx_it.o [1]
UartRec                 0x2000'6468     0x1  Data  Gb  usart.o [1]
UsageFault_Handler       0x800'935d     0x2  Code  Gb  stm32l4xx_it.o [1]
WK_Flash_DataRead        0x800'40cf     0xc  Code  Gb  flash.o [1]
WK_Flash_DataWrite       0x800'408f    0x40  Code  Gb  flash.o [1]
ZH_FONT14               0x2000'1d78   0x578  Data  Gb  font.o [1]
ZH_FONT14_TAB           0x2000'1d44    0x34  Data  Gb  font.o [1]
ZH_FONT16               0x2000'2354   0xc80  Data  Gb  font.o [1]
ZH_FONT16_TAB           0x2000'22f0    0x64  Data  Gb  font.o [1]
_Encoding_8859_1_Mbrlen
                         0x800'12d1     0x2  Code  Gb  xencoding_8859_1.o [2]
_Encoding_8859_1_Wctomb
                         0x800'12bf    0x12  Code  Gb  xencoding_8859_1.o [2]
_Error_Handler           0x800'55a5     0x2  Code  Gb  main.o [1]
_GenldFull               0x800'0de1   0x274  Code  Lc  xprintffull.o [2]
_LdtobFull               0x800'09b5   0x400  Code  Lc  xprintffull.o [2]
_LitobFull               0x800'085d   0x112  Code  Lc  xprintffull.o [2]
_Locale_lconv           0x2000'4f5c    0x38  Data  Lc  xlocale_c.o [2]
_PrintfFull              0x800'018d   0x1aa  Code  Gb  xprintffull.o [2]
_Prout                   0x800'9423    0x16  Code  Gb  xprout.o [2]
_PutcharsFull            0x800'1055    0x2e  Code  Lc  xprintffull.o [2]
_PutfldFull              0x800'03c9   0x2d8  Code  Lc  xprintffull.o [2]
_PutstrFull              0x800'0797    0xc6  Code  Lc  xprintffull.o [2]
_PuttxtFull              0x800'06a1    0xf6  Code  Lc  xprintffull.o [2]
_Rand_idx               0x2000'63ec     0x4  Data  Lc  rand.o [2]
_Rand_rv                0x2000'636c    0x80  Data  Lc  rand.o [2]
_Randinit               0x2000'4f54     0x1  Data  Gb  rand.o [2]
_Randseed               0x2000'4f58     0x4  Data  Gb  rand.o [2]
_SProut                  0x800'133f     0xa  Code  Gb  xsprout.o [2]
__aeabi_cdcmple          0x800'1835          Code  Gb  DblCmpLe.o [3]
__aeabi_cdrcmple         0x800'1865          Code  Gb  DblCmpGe.o [3]
__aeabi_d2iz             0x800'19d1          Code  Gb  DblToS32.o [3]
__aeabi_d2uiz            0x800'1d5d          Code  Gb  DblToU32.o [3]
__aeabi_ddiv             0x800'1b15          Code  Gb  DblDiv.o [3]
__aeabi_dmul             0x800'1621          Code  Gb  DblMul.o [3]
__aeabi_dsub             0x800'1a31          Code  Gb  DblSub.o [3]
__aeabi_i2d              0x800'1a0d          Code  Gb  S32ToDbl.o [3]
__aeabi_ldiv0            0x800'1da5          Code  Gb  I64DivZer.o [4]
__aeabi_memclr4          0x800'4089          Code  Gb  ABImemclr4.o [4]
__aeabi_memcpy           0x800'1349          Code  Gb  ABImemcpy.o [4]
__aeabi_memcpy4          0x800'1369          Code  Gb  ABImemcpy.o [4]
__aeabi_memcpy8          0x800'1369          Code  Gb  ABImemcpy.o [4]
__aeabi_memset4          0x800'5e91          Code  Gb  ABImemset48.o [4]
__aeabi_memset8          0x800'5e91          Code  Gb  ABImemset48.o [4]
__aeabi_ui2d             0x800'1d85          Code  Gb  U32ToDbl.o [3]
__aeabi_uldivmod         0x800'13f1          Code  Gb  I64DivMod.o [4]
__cmain                  0x800'93f1          Code  Gb  cmain.o [4]
__exit                   0x800'1f15    0x14  Code  Gb  exit.o [5]
__iar_Fail_s             0x800'1249    0x1c  Code  Gb  xfail_s.o [2]
__iar_Mbcurmax           0x800'1335     0xa  Code  Gb  xmbcurmax.o [2]
__iar_Memchr             0x800'12dd          Code  Gb  memchr.o [4]
__iar_Memset4_word       0x800'5e99          Code  Gb  ABImemset48.o [4]
__iar_Memset8_word       0x800'5e99          Code  Gb  ABImemset48.o [4]
__iar_Stdout            0x2000'4fdc    0x48  Data  Gb  xfiles.o [2]
__iar_Strchr             0x800'11f9          Code  Gb  strchr.o [4]
__iar_dadd               0x800'1a41          Code  Gb  DblSub.o [3]
__iar_data_init3         0x800'9385    0x28  Code  Gb  data_init.o [4]
__iar_dsub               0x800'1da9          Code  Gb  DblAdd.o [3]
__iar_dsubStart          0x800'1dbb          Code  Gb  DblAdd.o [3]
__iar_frexp              0x800'17d1          Code  Gb  frexp.o [3]
__iar_frexpl             0x800'17d1          Code  Gb  frexp.o [3]
__iar_globLocale        0x2000'4f94    0x48  Data  Lc  xlocale_c.o [2]
__iar_global_Locale      0x800'1181     0x4  Code  Gb  xlocale_c.o [2]
__iar_init_vfp           0x800'93ad          Code  Gb  fpinit_M.o [3]
__iar_ldexp64            0x800'1895          Code  Gb  ldexp.o [3]
__iar_lz77_init_single3
                         0x800'1107    0x7a  Code  Gb  lz77_init_single.o [4]
__iar_program_start      0x800'9455          Code  Gb  cstartup_M.o [4]
__iar_scalbln64          0x800'1895          Code  Gb  ldexp.o [3]
__iar_scalbn64           0x800'1895          Code  Gb  ldexp.o [3]
__iar_softfp___iar_frexp64
                         0x800'17c5          Code  Gb  frexp.o [3]
__iar_softfp_frexp       0x800'17c5          Code  Gb  frexp.o [3]
__iar_softfp_frexpl      0x800'17c5          Code  Gb  frexp.o [3]
__iar_zero_init3         0x800'120f    0x3a  Code  Gb  zero_init3.o [4]
__low_level_init         0x800'940f     0x4  Code  Gb  low_level_init.o [2]
__vector_table           0x800'0000          Data  Gb  startup_stm32l432xx.o [1]
_call_main               0x800'93fd          Code  Gb  cmain.o [4]
_exit                    0x800'9419          Code  Gb  cexit.o [4]
_gLocale_mblen           0x800'11e5     0x4  Code  Gb  xlocale_c.o [2]
_gLocale_mblenInt        0x800'11a9    0x2c  Code  Gb  xlocale_c.o [2]
_gLocale_wctomb          0x800'11e9     0x4  Code  Gb  xlocale_c.o [2]
_gLocale_wctombInt       0x800'11e1     0x4  Code  Gb  xlocale_c.o [2]
_main                    0x800'940b          Code  Gb  cmain.o [4]
a_x                     0x2000'6590     0x2  Data  Gb  freertos.o [1]
a_y                     0x2000'6592     0x2  Data  Gb  freertos.o [1]
a_z                     0x2000'6594     0x2  Data  Gb  freertos.o [1]
abort                    0x800'1d9f     0x6  Code  Gb  abort.o [2]
assert_failed            0x800'55a7     0x2  Code  Gb  main.o [1]
configureTimerForRunTimeStats
                         0x800'6607     0x2  Code  Wk  freertos.o [1]
dateStructure           0x2000'6600     0x4  Data  Gb  rtc.o [1]
defaultTaskHandle       0x2000'65b0     0x4  Data  Gb  freertos.o [1]
exit                     0x800'9413     0x4  Code  Gb  exit.o [2]
fputc                    0x800'6849    0x10  Code  Gb  usart.o [1]
g_Food                  0x2000'4f22     0x2  Data  Gb  snake.o [1]
g_Head                  0x2000'4f20     0x2  Data  Gb  snake.o [1]
g_Length                0x2000'4f25     0x1  Data  Gb  snake.o [1]
g_NowDirect             0x2000'4f24     0x1  Data  Gb  snake.o [1]
g_PointerCoor           0x2000'6174    0xc8  Data  Gb  snake.o [1]
g_RunTime               0x2000'4f2c     0x4  Data  Gb  snake.o [1]
g_x                     0x2000'658a     0x2  Data  Gb  freertos.o [1]
g_y                     0x2000'658c     0x2  Data  Gb  freertos.o [1]
g_z                     0x2000'658e     0x2  Data  Gb  freertos.o [1]
getRunTimeCounterValue   0x800'6609     0x4  Code  Wk  freertos.o [1]
hi2c1                   0x2000'64bc    0x4c  Data  Gb  i2c.o [1]
hrtc                    0x2000'65b4    0x24  Data  Gb  rtc.o [1]
htim1                   0x2000'6508    0x40  Data  Gb  stm32l4xx_hal_timebase_TIM.o [1]
htim2                   0x2000'6548    0x40  Data  Gb  tim.o [1]
huart2                  0x2000'63f0    0x78  Data  Gb  usart.o [1]
index                   0x2000'4f28     0x2  Data  Gb  snake.o [1]
keyPressed_BinSemHandle
                        0x2000'65a8     0x4  Data  Gb  freertos.o [1]
ldexp                    0x800'1895          Code  Gb  ldexp.o [3]
ldexpl                   0x800'1895          Code  Gb  ldexp.o [3]
localeconv               0x800'11ed     0x4  Code  Gb  xlocale_c.o [2]
main                     0x800'5495    0x3a  Code  Gb  main.o [1]
makeFreeRtosPriority     0x800'2b75     0xc  Code  Lc  cmsis_os.o [1]
memchr                   0x800'12dd          Code  Gb  memchr.o [4]
obuf                    0x2000'646c    0x50  Data  Lc  xfiles.o [2]
osDelay                  0x800'2bb9     0xe  Code  Gb  cmsis_os.o [1]
osKernelStart            0x800'2b81     0xa  Code  Gb  cmsis_os.o [1]
osSemaphoreCreate        0x800'2bc7    0x26  Code  Gb  cmsis_os.o [1]
osSemaphoreRelease       0x800'2c3b    0x36  Code  Gb  cmsis_os.o [1]
osSemaphoreWait          0x800'2bed    0x42  Code  Gb  cmsis_os.o [1]
osSystickHandler         0x800'2c85    0x14  Code  Gb  cmsis_os.o [1]
osThreadCreate           0x800'2b8b    0x2e  Code  Gb  cmsis_os.o [1]
osThreadResume           0x800'2ca3    0x2a  Code  Gb  cmsis_os.o [1]
osThreadSuspend          0x800'2c99     0xa  Code  Gb  cmsis_os.o [1]
pFlash                  0x2000'4f30    0x20  Data  Gb  stm32l4xx_hal_flash.o [1]
poseControl_Handle      0x2000'65a0     0x4  Data  Gb  freertos.o [1]
poseControl_Task         0x800'23f5    0x16  Code  Gb  freertos.o [1]
printf                   0x800'5d6d    0x28  Code  Gb  printf.o [2]
prvAddCurrentTaskToDelayedList
                         0x800'4ca1    0x5e  Code  Lc  tasks.o [1]
prvAddNewTaskToReadyList
                         0x800'432d    0xa0  Code  Lc  tasks.o [1]
prvCopyDataFromQueue     0x800'51f9    0x28  Code  Lc  queue.o [1]
prvCopyDataToQueue       0x800'5191    0x68  Code  Lc  queue.o [1]
prvDeleteTCB             0x800'4a49    0x14  Code  Lc  tasks.o [1]
prvIdleTask              0x800'4a09    0x40  Code  Lc  tasks.o [1]
prvInitialiseNewQueue    0x800'4dc5    0x1e  Code  Lc  queue.o [1]
prvInitialiseNewTask     0x800'42a5    0x88  Code  Lc  tasks.o [1]
prvInsertBlockIntoFreeList
                         0x800'6529    0x46  Code  Lc  heap_4.o [1]
prvIsQueueEmpty          0x800'5285    0x16  Code  Lc  queue.o [1]
prvResetNextTaskUnblockTime
                         0x800'4a5d    0x1a  Code  Lc  tasks.o [1]
prvSearchForNameWithinSingleList
                         0x800'46c7    0x5c  Code  Lc  tasks.o [1]
prvTaskExitError         0x800'52c9    0x1c  Code  Lc  port.o [1]
prvTaskIsTaskSuspended   0x800'44bf    0x2c  Code  Lc  tasks.o [1]
prvUnlockQueue           0x800'5221    0x64  Code  Lc  queue.o [1]
putchar                  0x800'9439     0xc  Code  Gb  putchar.o [2]
pvPortMalloc             0x800'63c5   0x102  Code  Gb  heap_4.o [1]
pvTaskIncrementMutexHeldCount
                         0x800'4c4f    0x14  Code  Gb  tasks.o [1]
pxCurrentTCB            0x2000'6264     0x4  Data  Gb  tasks.o [1]
pxDelayedTaskList       0x2000'6268     0x4  Data  Lc  tasks.o [1]
pxEnd                   0x2000'502c     0x4  Data  Lc  heap_4.o [1]
pxOverflowDelayedTaskList
                        0x2000'626c     0x4  Data  Lc  tasks.o [1]
pxPortInitialiseStack    0x800'52a1    0x26  Code  Gb  port.o [1]
pxReadyTasksLists       0x2000'62e0    0x8c  Data  Lc  tasks.o [1]
rand                     0x800'5cc9    0x94  Code  Gb  rand.o [2]
readKey_Handle          0x2000'6598     0x4  Data  Gb  freertos.o [1]
readKey_Task             0x800'2033    0xba  Code  Gb  freertos.o [1]
scalbln                  0x800'1895          Code  Gb  ldexp.o [3]
scalblnl                 0x800'1895          Code  Gb  ldexp.o [3]
scalbn                   0x800'1895          Code  Gb  ldexp.o [3]
scalbnl                  0x800'1895          Code  Gb  ldexp.o [3]
scale                    0x800'096f    0x46  Code  Lc  xprintffull.o [2]
sec_hand                0x2000'6608     0x4  Data  Lc  xfail_s.o [2]
showUI_Handle           0x2000'659c     0x4  Data  Gb  freertos.o [1]
showUI_Task              0x800'210d   0x2a2  Code  Gb  freertos.o [1]
snakeTimer_Handle       0x2000'65a4     0x4  Data  Gb  freertos.o [1]
snakeTimer_Task          0x800'374d    0x9a  Code  Gb  snake.o [1]
snake_BinSemHandle      0x2000'65ac     0x4  Data  Gb  freertos.o [1]
sprintf                  0x800'3835    0x40  Code  Gb  sprintf.o [2]
strchr                   0x800'11f9          Code  Gb  strchr.o [4]
strlen                   0x800'1289          Code  Gb  strlen.o [4]
timeStructure           0x2000'65ec    0x14  Data  Gb  rtc.o [1]
ucHeap                  0x2000'503c   0xbb8  Data  Lc  heap_4.o [1]
ucMaxSysCallPriority    0x2000'4f14     0x1  Data  Lc  port.o [1]
ulMaxPRIGROUPValue      0x2000'4f1c     0x4  Data  Lc  port.o [1]
ulTaskSwitchedInTime    0x2000'62b0     0x4  Data  Lc  tasks.o [1]
uwTick                  0x2000'6604     0x4  Data  Gb  stm32l4xx_hal.o [1]
uxCriticalNesting       0x2000'4f18     0x4  Data  Lc  port.o [1]
uxCurrentNumberOfTasks  0x2000'6288     0x4  Data  Lc  tasks.o [1]
uxDeletedTasksWaitingCleanUp
                        0x2000'6270     0x4  Data  Lc  tasks.o [1]
uxListRemove             0x800'65e1    0x26  Code  Gb  list.o [1]
uxPendedTicks           0x2000'6298     0x4  Data  Lc  tasks.o [1]
uxSchedulerSuspended    0x2000'62ac     0x4  Data  Lc  tasks.o [1]
uxTaskNumber            0x2000'62a4     0x4  Data  Lc  tasks.o [1]
uxTopReadyPriority      0x2000'6290     0x4  Data  Lc  tasks.o [1]
vListInitialise          0x800'6575    0x1a  Code  Gb  list.o [1]
vListInitialiseItem      0x800'658f     0x6  Code  Gb  list.o [1]
vListInsert              0x800'65af    0x32  Code  Gb  list.o [1]
vListInsertEnd           0x800'6595    0x1a  Code  Gb  list.o [1]
vPortEnableVFP           0x800'66a1          Code  Gb  portasm.o [1]
vPortEnterCritical       0x800'5389    0x32  Code  Gb  port.o [1]
vPortExitCritical        0x800'53bb    0x22  Code  Gb  port.o [1]
vPortFree                0x800'64d5    0x46  Code  Gb  heap_4.o [1]
vPortStartFirstTask      0x800'6681          Code  Gb  portasm.o [1]
vPortValidateInterruptPriority
                         0x800'5405    0x34  Code  Gb  port.o [1]
vTaskDelay               0x800'43cd    0x2e  Code  Gb  tasks.o [1]
vTaskInternalSetTimeOutState
                         0x800'4975     0xe  Code  Gb  tasks.o [1]
vTaskMissedYield         0x800'49fd     0xa  Code  Gb  tasks.o [1]
vTaskPlaceOnEventList    0x800'48d7    0x26  Code  Gb  tasks.o [1]
vTaskPriorityDisinheritAfterTimeout
                         0x800'4bad    0x82  Code  Gb  tasks.o [1]
vTaskResume              0x800'44f3    0x3c  Code  Gb  tasks.o [1]
vTaskStartScheduler      0x800'45c1    0x58  Code  Gb  tasks.o [1]
vTaskSuspend             0x800'4401    0x66  Code  Gb  tasks.o [1]
vTaskSuspendAll          0x800'4621     0xc  Code  Gb  tasks.o [1]
vTaskSwitchContext       0x800'4867    0x5c  Code  Gb  tasks.o [1]
xBlockAllocatedBit      0x2000'5038     0x4  Data  Lc  heap_4.o [1]
xDelayedTaskList1       0x2000'62b4    0x14  Data  Lc  tasks.o [1]
xDelayedTaskList2       0x2000'62c8    0x14  Data  Lc  tasks.o [1]
xFreeBytesRemaining     0x2000'5030     0x4  Data  Lc  heap_4.o [1]
xIdleTaskHandle         0x2000'62dc     0x4  Data  Lc  tasks.o [1]
xMinimumEverFreeBytesRemaining
                        0x2000'5034     0x4  Data  Lc  heap_4.o [1]
xNextTaskUnblockTime    0x2000'62a8     0x4  Data  Lc  tasks.o [1]
xNumOfOverflows         0x2000'62a0     0x4  Data  Lc  tasks.o [1]
xPendingReadyList       0x2000'623c    0x14  Data  Lc  tasks.o [1]
xPortStartScheduler      0x800'52e5    0xa4  Code  Gb  port.o [1]
xPortSysTickHandler      0x800'53dd    0x26  Code  Gb  port.o [1]
xQueueGenericCreate      0x800'4d8d    0x38  Code  Gb  queue.o [1]
xQueueGenericReset       0x800'4d15    0x78  Code  Gb  queue.o [1]
xQueueGenericSend        0x800'4de3   0x128  Code  Gb  queue.o [1]
xQueueGiveFromISR        0x800'4f13    0x70  Code  Gb  queue.o [1]
xQueueReceiveFromISR     0x800'50ff    0x82  Code  Gb  queue.o [1]
xQueueSemaphoreTake      0x800'4fa1   0x128  Code  Gb  queue.o [1]
xSchedulerRunning       0x2000'6294     0x4  Data  Lc  tasks.o [1]
xStart                  0x2000'5024     0x8  Data  Lc  heap_4.o [1]
xSuspendedTaskList      0x2000'6274    0x14  Data  Lc  tasks.o [1]
xTaskCheckForTimeOut     0x800'4983    0x66  Code  Gb  tasks.o [1]
xTaskCreate              0x800'424d    0x58  Code  Gb  tasks.o [1]
xTaskGetHandle           0x800'4723    0x70  Code  Gb  tasks.o [1]
xTaskGetSchedulerState   0x800'4a77    0x18  Code  Gb  tasks.o [1]
xTaskIncrementTick       0x800'47a7    0xc0  Code  Gb  tasks.o [1]
xTaskPriorityDisinherit
                         0x800'4b1b    0x72  Code  Gb  tasks.o [1]
xTaskPriorityInherit     0x800'4a8f    0x7c  Code  Gb  tasks.o [1]
xTaskRemoveFromEventList
                         0x800'4903    0x52  Code  Gb  tasks.o [1]
xTaskResumeAll           0x800'462d    0x92  Code  Gb  tasks.o [1]
xTaskResumeFromISR       0x800'454b    0x5c  Code  Gb  tasks.o [1]
xTasksWaitingTermination
                        0x2000'6250    0x14  Data  Lc  tasks.o [1]
xTickCount              0x2000'628c     0x4  Data  Lc  tasks.o [1]
xYieldPending           0x2000'629c     0x4  Data  Lc  tasks.o [1]


[1] = F:\System\Documents\CubeMX\L432Test1\EWARM\L432Test1\Obj
[2] = dl7M_tlf.a
[3] = m7M_tls.a
[4] = rt7M_tl.a
[5] = shb_l.a

  38 126 bytes of readonly  code memory
   6 572 bytes of readonly  data memory
  27 148 bytes of readwrite data memory

Errors: none
Warnings: none
